\BOOKMARK [0][-]{chapter*.1}{\376\377\000P\000r\000e\000f\000a\000c\000e}{}% 1
\BOOKMARK [1][-]{section*.2}{\376\377\000L\000i\000s\000t\000\040\000o\000f\000\040\000D\000e\000f\000i\000n\000i\000t\000i\000o\000n\000s}{chapter*.1}% 2
\BOOKMARK [1][-]{section*.3}{\376\377\000L\000i\000s\000t\000\040\000o\000f\000\040\000P\000h\000e\000n\000o\000m\000e\000n\000a}{chapter*.1}% 3
\BOOKMARK [0][-]{chapter.1}{\376\377\000W\000h\000a\000t\000\040\000a\000\040\000M\000e\000a\000s\000u\000r\000e\000m\000e\000n\000t\000\040\000I\000s}{}% 4
\BOOKMARK [1][-]{section*.5}{\376\377\000U\000n\000n\000u\000m\000b\000e\000r\000e\000d\000\040\000E\000s\000s\000a\000y}{chapter.1}% 5
\BOOKMARK [1][-]{section.1.1}{\376\377\000T\000h\000e\000\040\000E\000v\000e\000n\000t}{chapter.1}% 6
\BOOKMARK [1][-]{section.1.2}{\376\377\000T\000h\000e\000\040\000C\000a\000r\000r\000i\000e\000r}{chapter.1}% 7
\BOOKMARK [1][-]{section.1.3}{\376\377\000D\000i\000s\000t\000i\000n\000g\000u\000i\000s\000h\000a\000b\000i\000l\000i\000t\000y}{chapter.1}% 8
\BOOKMARK [1][-]{section.1.4}{\376\377\000T\000h\000r\000e\000s\000h\000o\000l\000d\000\040\000a\000n\000d\000\040\000N\000o\000i\000s\000e}{chapter.1}% 9
\BOOKMARK [1][-]{section.1.5}{\376\377\000C\000a\000l\000i\000b\000r\000a\000t\000i\000o\000n\000\040\000B\000e\000f\000o\000r\000e\000\040\000M\000e\000a\000s\000u\000r\000e\000m\000e\000n\000t}{chapter.1}% 10
\BOOKMARK [1][-]{section*.6}{\376\377\000B\000r\000i\000d\000g\000e}{chapter.1}% 11
\BOOKMARK [1][-]{section*.7}{\376\377\000C\000o\000d\000a\000:\000\040\000T\000h\000e\000\040\000T\000u\000r\000n\000s\000t\000i\000l\000e\000\040\000a\000t\000\040\000a\000\040\000T\000r\000a\000n\000s\000i\000t\000\040\000S\000t\000a\000t\000i\000o\000n}{chapter.1}% 12
\BOOKMARK [0][-]{chapter.2}{\376\377\000T\000h\000r\000e\000e\000\040\000W\000a\000y\000s\000\040\000t\000o\000\040\000M\000e\000a\000s\000u\000r\000e}{}% 13
\BOOKMARK [1][-]{section*.8}{\376\377\000U\000n\000n\000u\000m\000b\000e\000r\000e\000d\000\040\000E\000s\000s\000a\000y}{chapter.2}% 14
\BOOKMARK [1][-]{section.2.1}{\376\377\000T\000h\000e\000\040\000S\000p\000e\000e\000d\000o\000m\000e\000t\000e\000r\000:\000\040\000P\000u\000l\000s\000e\000\040\000C\000o\000u\000n\000t\000i\000n\000g}{chapter.2}% 15
\BOOKMARK [1][-]{section.2.2}{\376\377\000T\000h\000e\000\040\000R\000a\000d\000a\000r\000\040\000G\000u\000n\000:\000\040\000D\000o\000p\000p\000l\000e\000r\000\040\000S\000h\000i\000f\000t}{chapter.2}% 16
\BOOKMARK [1][-]{section.2.3}{\376\377\000T\000h\000e\000\040\000G\000P\000S\000:\000\040\000T\000i\000m\000e\000\040\000o\000f\000\040\000F\000l\000i\000g\000h\000t}{chapter.2}% 17
\BOOKMARK [1][-]{section.2.4}{\376\377\000R\000e\000p\000e\000a\000t\000a\000b\000i\000l\000i\000t\000y}{chapter.2}% 18
\BOOKMARK [1][-]{section.2.5}{\376\377\000T\000h\000e\000\040\000B\000i\000n\000a\000r\000y\000\040\000I\000n\000t\000e\000r\000f\000a\000c\000e}{chapter.2}% 19
\BOOKMARK [1][-]{section*.9}{\376\377\000B\000r\000i\000d\000g\000e}{chapter.2}% 20
\BOOKMARK [1][-]{section*.10}{\376\377\000C\000o\000d\000a\000:\000\040\000T\000h\000r\000e\000e\000\040\000C\000l\000o\000c\000k\000s\000\040\000i\000n\000\040\000a\000\040\000R\000a\000i\000l\000w\000a\000y\000\040\000C\000o\000n\000t\000r\000o\000l\000\040\000R\000o\000o\000m}{chapter.2}% 21
\BOOKMARK [0][-]{chapter.3}{\376\377\000W\000h\000a\000t\000\040\000H\000a\000p\000p\000e\000n\000s\000\040\000B\000e\000t\000w\000e\000e\000n\000\040\000M\000e\000a\000s\000u\000r\000e\000m\000e\000n\000t\000s}{}% 22
\BOOKMARK [1][-]{section*.11}{\376\377\000U\000n\000n\000u\000m\000b\000e\000r\000e\000d\000\040\000E\000s\000s\000a\000y}{chapter.3}% 23
\BOOKMARK [1][-]{section.3.1}{\376\377\000T\000h\000e\000\040\000G\000a\000p}{chapter.3}% 24
\BOOKMARK [1][-]{section.3.2}{\376\377\000I\000n\000t\000e\000r\000p\000o\000l\000a\000t\000i\000o\000n\000\040\000a\000s\000\040\000P\000h\000y\000s\000i\000c\000a\000l\000\040\000C\000o\000n\000s\000t\000r\000a\000i\000n\000t}{chapter.3}% 25
\BOOKMARK [1][-]{section.3.3}{\376\377\000T\000h\000e\000\040\000M\000i\000n\000i\000m\000u\000m\000\040\000A\000d\000m\000i\000s\000s\000i\000b\000l\000e\000\040\000C\000o\000n\000t\000i\000n\000u\000a\000t\000i\000o\000n}{chapter.3}% 26
\BOOKMARK [1][-]{section.3.4}{\376\377\000N\000o\000i\000s\000e\000\040\000a\000n\000d\000\040\000S\000i\000g\000n\000a\000l}{chapter.3}% 27
\BOOKMARK [1][-]{section.3.5}{\376\377\000M\000e\000t\000a\000v\000a\000r\000i\000a\000b\000l\000e\000\040\000i\000n\000\040\000M\000e\000a\000s\000u\000r\000e\000m\000e\000n\000t}{chapter.3}% 28
\BOOKMARK [1][-]{section*.12}{\376\377\000B\000r\000i\000d\000g\000e}{chapter.3}% 29
\BOOKMARK [1][-]{section*.13}{\376\377\000C\000o\000d\000a\000:\000\040\000S\000e\000c\000u\000r\000i\000t\000y\000\040\000C\000a\000m\000e\000r\000a\000\040\000F\000o\000o\000t\000a\000g\000e\000\040\000w\000i\000t\000h\000\040\000M\000i\000s\000s\000i\000n\000g\000\040\000F\000r\000a\000m\000e\000s}{chapter.3}% 30
\BOOKMARK [0][-]{chapter.4}{\376\377\000T\000h\000e\000\040\000G\000r\000a\000m\000m\000a\000r\000\040\000o\000f\000\040\000E\000x\000p\000e\000r\000i\000m\000e\000n\000t\000s}{}% 31
\BOOKMARK [1][-]{section*.14}{\376\377\000U\000n\000n\000u\000m\000b\000e\000r\000e\000d\000\040\000E\000s\000s\000a\000y}{chapter.4}% 32
\BOOKMARK [1][-]{section.4.1}{\376\377\000E\000x\000p\000e\000r\000i\000m\000e\000n\000t\000a\000l\000\040\000S\000t\000a\000t\000e}{chapter.4}% 33
\BOOKMARK [1][-]{section.4.2}{\376\377\000A\000p\000p\000a\000r\000a\000t\000u\000s\000\040\000A\000c\000c\000o\000u\000n\000t\000a\000b\000i\000l\000i\000t\000y}{chapter.4}% 34
\BOOKMARK [1][-]{section.4.3}{\376\377\000C\000o\000m\000p\000a\000t\000i\000b\000l\000e\000\040\000R\000e\000c\000o\000r\000d\000s}{chapter.4}% 35
\BOOKMARK [1][-]{section.4.4}{\376\377\000U\000n\000r\000e\000s\000o\000l\000v\000e\000d\000\040\000S\000t\000a\000t\000e\000s\000\040\000H\000e\000l\000d\000\040\000O\000p\000e\000n}{chapter.4}% 36
\BOOKMARK [1][-]{section.4.5}{\376\377\000S\000o\000u\000r\000c\000e\000\040\000/\000\040\000C\000o\000m\000p\000i\000l\000e\000\040\000/\000\040\000E\000x\000e\000c\000u\000t\000e}{chapter.4}% 37
\BOOKMARK [1][-]{section*.15}{\376\377\000B\000r\000i\000d\000g\000e}{chapter.4}% 38
\BOOKMARK [1][-]{section*.16}{\376\377\000C\000o\000d\000a\000:\000\040\000A\000\040\000H\000o\000s\000p\000i\000t\000a\000l\000\040\000O\000p\000e\000r\000a\000t\000i\000n\000g\000\040\000R\000o\000o\000m\000\040\000C\000h\000e\000c\000k\000l\000i\000s\000t}{chapter.4}% 39
\BOOKMARK [0][-]{chapter.5}{\376\377\000D\000i\000s\000t\000a\000n\000c\000e}{}% 40
\BOOKMARK [1][-]{section*.17}{\376\377\000U\000n\000n\000u\000m\000b\000e\000r\000e\000d\000\040\000E\000s\000s\000a\000y}{chapter.5}% 41
\BOOKMARK [1][-]{section.5.1}{\376\377\000D\000i\000s\000t\000a\000n\000c\000e\000\040\000a\000s\000\040\000R\000e\000f\000i\000n\000e\000m\000e\000n\000t\000\040\000C\000o\000u\000n\000t}{chapter.5}% 42
\BOOKMARK [1][-]{section.5.2}{\376\377\000I\000n\000t\000e\000r\000f\000e\000r\000o\000m\000e\000t\000r\000y}{chapter.5}% 43
\BOOKMARK [1][-]{section.5.3}{\376\377\000T\000h\000e\000\040\000H\000e\000i\000s\000e\000n\000b\000e\000r\000g\000\040\000T\000r\000a\000d\000e\000-\000o\000f\000f}{chapter.5}% 44
\BOOKMARK [1][-]{section.5.4}{\376\377\000M\000a\000l\000u\000s\000\040\000E\000f\000f\000e\000c\000t}{chapter.5}% 45
\BOOKMARK [1][-]{section.5.5}{\376\377\000O\000d\000o\000m\000e\000t\000e\000r\000\040\000a\000s\000\040\000S\000p\000l\000i\000n\000e}{chapter.5}% 46
\BOOKMARK [1][-]{section*.18}{\376\377\000B\000r\000i\000d\000g\000e}{chapter.5}% 47
\BOOKMARK [1][-]{section*.19}{\376\377\000C\000o\000d\000a\000:\000\040\000A\000\040\000T\000a\000i\000l\000o\000r\000\040\000M\000e\000a\000s\000u\000r\000i\000n\000g\000\040\000a\000\040\000S\000u\000i\000t\000\040\000w\000i\000t\000h\000\040\000a\000\040\000C\000a\000l\000i\000b\000r\000a\000t\000e\000d\000\040\000T\000a\000p\000e}{chapter.5}% 48
\BOOKMARK [0][-]{chapter.6}{\376\377\000C\000l\000a\000s\000s\000i\000c\000a\000l\000\040\000M\000e\000c\000h\000a\000n\000i\000c\000s}{}% 49
\BOOKMARK [1][-]{section*.20}{\376\377\000U\000n\000n\000u\000m\000b\000e\000r\000e\000d\000\040\000E\000s\000s\000a\000y}{chapter.6}% 50
\BOOKMARK [1][-]{section.6.1}{\376\377\000L\000e\000a\000s\000t\000\040\000A\000c\000t\000i\000o\000n}{chapter.6}% 51
\BOOKMARK [1][-]{section.6.2}{\376\377\000E\000u\000l\000e\000r\000-\000L\000a\000g\000r\000a\000n\000g\000e\000\040\000f\000r\000o\000m\000\040\000D\000a\000t\000a}{chapter.6}% 52
\BOOKMARK [1][-]{section.6.3}{\376\377\000R\000e\000p\000e\000a\000t\000a\000b\000i\000l\000i\000t\000y\000\040\000o\000f\000\040\000I\000n\000v\000i\000s\000i\000b\000l\000e\000\040\000M\000o\000t\000i\000o\000n}{chapter.6}% 53
\BOOKMARK [1][-]{section.6.4}{\376\377\000T\000h\000e\000\040\000F\000r\000e\000e\000\040\000P\000a\000r\000a\000m\000e\000t\000e\000r}{chapter.6}% 54
\BOOKMARK [1][-]{section.6.5}{\376\377\000K\000e\000p\000l\000e\000r\000'\000s\000\040\000O\000r\000b\000i\000t\000s}{chapter.6}% 55
\BOOKMARK [1][-]{section*.21}{\376\377\000B\000r\000i\000d\000g\000e}{chapter.6}% 56
\BOOKMARK [1][-]{section*.22}{\376\377\000C\000o\000d\000a\000:\000\040\000A\000\040\000F\000i\000g\000u\000r\000e\000\040\000S\000k\000a\000t\000e\000r\000\040\000T\000r\000a\000c\000i\000n\000g\000\040\000O\000n\000e\000\040\000C\000l\000e\000a\000n\000\040\000A\000r\000c}{chapter.6}% 57
\BOOKMARK [0][-]{chapter.7}{\376\377\000Q\000u\000a\000n\000t\000u\000m\000\040\000M\000e\000c\000h\000a\000n\000i\000c\000s}{}% 58
\BOOKMARK [1][-]{section*.23}{\376\377\000U\000n\000n\000u\000m\000b\000e\000r\000e\000d\000\040\000E\000s\000s\000a\000y}{chapter.7}% 59
\BOOKMARK [1][-]{section.7.1}{\376\377\000T\000h\000e\000\040\000W\000i\000t\000t\000g\000e\000n\000s\000t\000e\000i\000n\000\040\000E\000f\000f\000e\000c\000t\000:\000\040\000A\000f\000t\000e\000r\000\040\000i\000s\000\040\000F\000r\000e\000e}{chapter.7}% 60
\BOOKMARK [1][-]{section.7.2}{\376\377\000T\000h\000e\000\040\000C\000a\000u\000s\000a\000l\000\040\000D\000o\000u\000b\000l\000e\000t\000\040\000a\000n\000d\000\040\000D\000e\000c\000o\000h\000e\000r\000e\000n\000c\000e}{chapter.7}% 61
\BOOKMARK [1][-]{section.7.3}{\376\377\000S\000p\000o\000o\000k\000y\000\040\000A\000c\000t\000i\000o\000n\000\040\000a\000t\000\040\000a\000\040\000D\000i\000s\000t\000a\000n\000c\000e}{chapter.7}% 62
\BOOKMARK [1][-]{section.7.4}{\376\377\000D\000a\000v\000i\000s\000s\000o\000n\040\023\000G\000e\000r\000m\000e\000r}{chapter.7}% 63
\BOOKMARK [1][-]{section.7.5}{\376\377\000Q\000u\000b\000i\000t\000\040\000D\000e\000c\000o\000h\000e\000r\000e\000n\000c\000e}{chapter.7}% 64
\BOOKMARK [1][-]{section*.24}{\376\377\000B\000r\000i\000d\000g\000e}{chapter.7}% 65
\BOOKMARK [1][-]{section*.25}{\376\377\000C\000o\000d\000a\000:\000\040\000A\000\040\000S\000e\000a\000l\000e\000d\000\040\000R\000o\000u\000t\000i\000n\000g\000\040\000R\000o\000o\000m\000\040\000f\000o\000r\000\040\000D\000i\000p\000l\000o\000m\000a\000t\000i\000c\000\040\000P\000o\000u\000c\000h\000e\000s}{chapter.7}% 66
\BOOKMARK [0][-]{chapter.8}{\376\377\000G\000e\000n\000e\000r\000a\000l\000\040\000R\000e\000l\000a\000t\000i\000v\000i\000t\000y}{}% 67
\BOOKMARK [1][-]{section*.26}{\376\377\000U\000n\000n\000u\000m\000b\000e\000r\000e\000d\000\040\000E\000s\000s\000a\000y}{chapter.8}% 68
\BOOKMARK [1][-]{section.8.1}{\376\377\000C\000a\000l\000i\000b\000r\000a\000t\000i\000o\000n\000\040\000A\000c\000r\000o\000s\000s\000\040\000F\000r\000a\000m\000e\000s}{chapter.8}% 69
\BOOKMARK [1][-]{section.8.2}{\376\377\000T\000h\000e\000\040\000P\000o\000u\000n\000d\040\023\000R\000e\000b\000k\000a\000\040\000E\000x\000p\000e\000r\000i\000m\000e\000n\000t}{chapter.8}% 70
\BOOKMARK [1][-]{section.8.3}{\376\377\000M\000i\000c\000h\000e\000l\000s\000o\000n\040\023\000M\000o\000r\000l\000e\000y}{chapter.8}% 71
\BOOKMARK [1][-]{section.8.4}{\376\377\000T\000h\000e\000\040\000S\000c\000h\000w\000a\000r\000z\000s\000c\000h\000i\000l\000d\000\040\000M\000e\000t\000r\000i\000c}{chapter.8}% 72
\BOOKMARK [1][-]{section.8.5}{\376\377\000T\000h\000e\000\040\000A\000t\000o\000m\000i\000c\000\040\000C\000l\000o\000c\000k\000\040\000a\000s\000\040\000E\000K\000G}{chapter.8}% 73
\BOOKMARK [1][-]{section*.27}{\376\377\000B\000r\000i\000d\000g\000e}{chapter.8}% 74
\BOOKMARK [1][-]{section*.28}{\376\377\000C\000o\000d\000a\000:\000\040\000A\000n\000\040\000I\000n\000t\000e\000r\000n\000a\000t\000i\000o\000n\000a\000l\000\040\000T\000i\000m\000e\000-\000S\000t\000a\000n\000d\000a\000r\000d\000\040\000C\000o\000n\000f\000e\000r\000e\000n\000c\000e}{chapter.8}% 75
\BOOKMARK [0][-]{chapter.9}{\376\377\000T\000h\000e\000\040\000E\000i\000n\000s\000t\000e\000i\000n\000\040\000E\000q\000u\000a\000t\000i\000o\000n\000s}{}% 76
\BOOKMARK [1][-]{section*.29}{\376\377\000U\000n\000n\000u\000m\000b\000e\000r\000e\000d\000\040\000E\000s\000s\000a\000y}{chapter.9}% 77
\BOOKMARK [1][-]{section.9.1}{\376\377\000S\000t\000r\000a\000i\000n\000\040\000a\000s\000\040\000T\000r\000a\000n\000s\000p\000o\000r\000t\000\040\000F\000a\000i\000l\000u\000r\000e}{chapter.9}% 78
\BOOKMARK [1][-]{section.9.2}{\376\377\000T\000h\000e\000\040\000N\000a\000v\000i\000e\000r\040\023\000S\000t\000o\000k\000e\000s\000\040\000T\000h\000i\000r\000d\000\040\000P\000a\000r\000a\000m\000e\000t\000e\000r}{chapter.9}% 79
\BOOKMARK [1][-]{section.9.3}{\376\377\000F\000l\000a\000t\000\040\000R\000o\000t\000a\000t\000i\000o\000n\000\040\000C\000u\000r\000v\000e\000s}{chapter.9}% 80
\BOOKMARK [1][-]{section.9.4}{\376\377\000G\000r\000a\000v\000i\000t\000a\000t\000i\000o\000n\000a\000l\000\040\000W\000a\000v\000e\000s\000\040\000f\000r\000o\000m\000\040\000L\000I\000G\000O}{chapter.9}% 81
\BOOKMARK [1][-]{section.9.5}{\376\377\000N\000e\000u\000t\000r\000i\000n\000o\000\040\000O\000s\000c\000i\000l\000l\000a\000t\000i\000o\000n\000s}{chapter.9}% 82
\BOOKMARK [1][-]{section*.30}{\376\377\000B\000r\000i\000d\000g\000e}{chapter.9}% 83
\BOOKMARK [1][-]{section*.31}{\376\377\000C\000o\000d\000a\000:\000\040\000A\000\040\000B\000r\000i\000d\000g\000e\000\040\000D\000e\000c\000k\000\040\000w\000i\000t\000h\000\040\000E\000x\000p\000a\000n\000s\000i\000o\000n\000\040\000J\000o\000i\000n\000t\000s}{chapter.9}% 84
\BOOKMARK [0][-]{chapter.10}{\376\377\000T\000h\000e\000\040\000S\000t\000a\000n\000d\000a\000r\000d\000\040\000M\000o\000d\000e\000l}{}% 85
\BOOKMARK [1][-]{section*.32}{\376\377\000U\000n\000n\000u\000m\000b\000e\000r\000e\000d\000\040\000E\000s\000s\000a\000y}{chapter.10}% 86
\BOOKMARK [1][-]{section.10.1}{\376\377\000N\000o\000e\000t\000h\000e\000r\000'\000s\000\040\000T\000h\000e\000o\000r\000e\000m}{chapter.10}% 87
\BOOKMARK [1][-]{section.10.2}{\376\377\000T\000h\000e\000\040\000P\000h\000o\000t\000o\000e\000l\000e\000c\000t\000r\000i\000c\000\040\000E\000f\000f\000e\000c\000t}{chapter.10}% 88
\BOOKMARK [1][-]{section.10.3}{\376\377\000S\000p\000i\000n\000-\0001\000/\0002\000\040\000a\000n\000d\000\040\000t\000h\000e\000\040\000S\000t\000e\000r\000n\040\023\000G\000e\000r\000l\000a\000c\000h\000\040\000E\000x\000p\000e\000r\000i\000m\000e\000n\000t}{chapter.10}% 89
\BOOKMARK [1][-]{section.10.4}{\376\377\000Y\000a\000n\000g\040\023\000M\000i\000l\000l\000s\000\040\000a\000n\000d\000\040\000C\000o\000n\000f\000i\000n\000e\000m\000e\000n\000t}{chapter.10}% 90
\BOOKMARK [1][-]{section.10.5}{\376\377\000C\000h\000i\000r\000a\000l\000i\000t\000y\000\040\000a\000n\000d\000\040\000P\000a\000r\000i\000t\000y\000\040\000V\000i\000o\000l\000a\000t\000i\000o\000n}{chapter.10}% 91
\BOOKMARK [1][-]{section*.33}{\376\377\000B\000r\000i\000d\000g\000e}{chapter.10}% 92
\BOOKMARK [1][-]{section*.34}{\376\377\000C\000o\000d\000a\000:\000\040\000A\000\040\000C\000h\000o\000r\000e\000o\000g\000r\000a\000p\000h\000e\000d\000\040\000P\000e\000r\000f\000o\000r\000m\000a\000n\000c\000e\000\040\000S\000u\000r\000v\000i\000v\000i\000n\000g\000\040\000C\000o\000s\000t\000u\000m\000e\000\040\000a\000n\000d\000\040\000S\000t\000a\000g\000e\000\040\000C\000h\000a\000n\000g\000e\000s}{chapter.10}% 93
\BOOKMARK [0][-]{chapter.11}{\376\377\000T\000h\000e\000r\000m\000o\000d\000y\000n\000a\000m\000i\000c\000s}{}% 94
\BOOKMARK [1][-]{section*.35}{\376\377\000U\000n\000n\000u\000m\000b\000e\000r\000e\000d\000\040\000E\000s\000s\000a\000y}{chapter.11}% 95
\BOOKMARK [1][-]{section.11.1}{\376\377\000I\000r\000r\000e\000v\000e\000r\000s\000i\000b\000i\000l\000i\000t\000y}{chapter.11}% 96
\BOOKMARK [1][-]{section.11.2}{\376\377\000L\000a\000n\000d\000a\000u\000e\000r\000'\000s\000\040\000P\000r\000i\000n\000c\000i\000p\000l\000e\000\040\000a\000n\000d\000\040\000E\000r\000a\000s\000u\000r\000e\000\040\000C\000o\000s\000t}{chapter.11}% 97
\BOOKMARK [1][-]{section.11.3}{\376\377\000M\000a\000x\000w\000e\000l\000l\000'\000s\000\040\000D\000e\000m\000o\000n}{chapter.11}% 98
\BOOKMARK [1][-]{section.11.4}{\376\377\000D\000a\000r\000k\000\040\000E\000n\000e\000r\000g\000y}{chapter.11}% 99
\BOOKMARK [1][-]{section.11.5}{\376\377\000T\000h\000e\000\040\000M\000e\000i\000s\000s\000n\000e\000r\000\040\000E\000f\000f\000e\000c\000t}{chapter.11}% 100
\BOOKMARK [1][-]{section*.36}{\376\377\000B\000r\000i\000d\000g\000e}{chapter.11}% 101
\BOOKMARK [1][-]{section*.37}{\376\377\000C\000o\000d\000a\000:\000\040\000A\000\040\000B\000a\000k\000e\000r\000y\000\040\000C\000a\000s\000h\000\040\000R\000e\000g\000i\000s\000t\000e\000r\000\040\000a\000t\000\040\000C\000l\000o\000s\000i\000n\000g\000\040\000T\000i\000m\000e}{chapter.11}% 102
