\BOOKMARK [0][-]{chapter*.1}{\376\377\000P\000r\000e\000f\000a\000c\000e}{}% 1
\BOOKMARK [0][-]{chapter.1}{\376\377\000S\000c\000o\000p\000e}{}% 2
\BOOKMARK [1][-]{section.1.1}{\376\377\000T\000h\000e\000\040\000N\000a\000m\000e\000\040\000A\000s\000\040\000I\000n\000s\000t\000r\000u\000m\000e\000n\000t}{chapter.1}% 3
\BOOKMARK [1][-]{section.1.2}{\376\377\000T\000h\000e\000\040\000N\000a\000m\000e\000\040\000A\000s\000\040\000O\000b\000l\000i\000g\000a\000t\000i\000o\000n}{chapter.1}% 4
\BOOKMARK [1][-]{section.1.3}{\376\377\000T\000h\000e\000\040\000N\000a\000m\000e\000\040\000A\000s\000\040\000P\000u\000b\000l\000i\000c\000\040\000A\000r\000g\000u\000m\000e\000n\000t}{chapter.1}% 5
\BOOKMARK [1][-]{section*.2}{\376\377\000H\000a\000n\000d\000o\000f\000f}{chapter.1}% 6
\BOOKMARK [0][-]{chapter.2}{\376\377\000T\000h\000e\000\040\000A\000r\000g\000u\000m\000e\000n\000t}{}% 7
\BOOKMARK [1][-]{section.2.1}{\376\377\000F\000a\000c\000t}{chapter.2}% 8
\BOOKMARK [1][-]{section.2.2}{\376\377\000D\000I\000S\000T\000I\000N\000G\000U\000I\000S\000H\000A\000B\000L\000E}{chapter.2}% 9
\BOOKMARK [1][-]{section.2.3}{\376\377\000A\000D\000M\000I\000S\000S\000I\000B\000L\000E}{chapter.2}% 10
\BOOKMARK [1][-]{section.2.4}{\376\377\000C\000O\000U\000N\000T\000A\000B\000L\000E}{chapter.2}% 11
\BOOKMARK [1][-]{section.2.5}{\376\377\000E\000N\000C\000O\000D\000E\000D}{chapter.2}% 12
\BOOKMARK [1][-]{section*.3}{\376\377\000M\000o\000v\000e\000m\000e\000n\000t\000:\000\040\000F\000r\000o\000m\000\040\000E\000n\000t\000r\000y\000\040\000t\000o\000\040\000R\000e\000s\000i\000d\000u\000e}{chapter.2}% 13
\BOOKMARK [1][-]{section.2.6}{\376\377\000R\000E\000S\000I\000D\000U\000E}{chapter.2}% 14
\BOOKMARK [1][-]{section.2.7}{\376\377\000B\000I\000N\000A\000R\000Y}{chapter.2}% 15
\BOOKMARK [1][-]{section.2.8}{\376\377\000R\000E\000P\000E\000A\000T\000A\000B\000L\000E}{chapter.2}% 16
\BOOKMARK [1][-]{section.2.9}{\376\377\000N\000U\000M\000E\000R\000I\000C}{chapter.2}% 17
\BOOKMARK [1][-]{section.2.10}{\376\377\000R\000E\000P\000R\000E\000S\000E\000N\000T\000A\000B\000L\000E}{chapter.2}% 18
\BOOKMARK [1][-]{section.2.11}{\376\377\000P\000H\000Y\000S\000I\000C\000A\000L}{chapter.2}% 19
\BOOKMARK [1][-]{section.2.12}{\376\377\000C\000O\000M\000P\000A\000R\000A\000B\000L\000E}{chapter.2}% 20
\BOOKMARK [1][-]{section.2.13}{\376\377\000O\000B\000S\000E\000R\000V\000E\000D}{chapter.2}% 21
\BOOKMARK [1][-]{section.2.14}{\376\377\000P\000R\000E\000S\000E\000N\000T}{chapter.2}% 22
\BOOKMARK [1][-]{section.2.15}{\376\377\000M\000E\000A\000S\000U\000R\000A\000B\000L\000E}{chapter.2}% 23
\BOOKMARK [1][-]{section*.4}{\376\377\000M\000o\000v\000e\000m\000e\000n\000t\000:\000\040\000F\000r\000o\000m\000\040\000R\000e\000s\000i\000d\000u\000e\000\040\000t\000o\000\040\000S\000t\000a\000g\000i\000n\000g}{chapter.2}% 24
\BOOKMARK [1][-]{section.2.16}{\376\377\000G\000U\000N\000G\000A\000N}{chapter.2}% 25
\BOOKMARK [1][-]{section.2.17}{\376\377\000S\000O\000U\000R\000C\000E}{chapter.2}% 26
\BOOKMARK [1][-]{section.2.18}{\376\377\000E\000X\000E\000C\000U\000T\000E\000D}{chapter.2}% 27
\BOOKMARK [1][-]{section.2.19}{\376\377\000V\000A\000L\000U\000E}{chapter.2}% 28
\BOOKMARK [1][-]{section.2.20}{\376\377\000M\000A\000G\000N\000I\000T\000U\000D\000E}{chapter.2}% 29
\BOOKMARK [1][-]{section.2.21}{\376\377\000S\000C\000A\000L\000E\000D}{chapter.2}% 30
\BOOKMARK [1][-]{section*.5}{\376\377\000M\000o\000v\000e\000m\000e\000n\000t\000:\000\040\000F\000r\000o\000m\000\040\000S\000t\000a\000g\000i\000n\000g\000\040\000t\000o\000\040\000O\000v\000e\000r\000h\000e\000a\000d}{chapter.2}% 31
\BOOKMARK [1][-]{section.2.22}{\376\377\000L\000O\000A\000D}{chapter.2}% 32
\BOOKMARK [1][-]{section.2.23}{\376\377\000F\000I\000N\000I\000T\000E\000\137\000E\000L\000E\000P\000H\000A\000N\000T}{chapter.2}% 33
\BOOKMARK [1][-]{section.2.24}{\376\377\000B\000U\000L\000L\000S\000H\000I\000T}{chapter.2}% 34
\BOOKMARK [1][-]{section.2.25}{\376\377\000P\000R\000O\000P\000A\000G\000A\000N\000D\000A}{chapter.2}% 35
\BOOKMARK [1][-]{section.2.26}{\376\377\000A\000C\000O\000L\000Y\000T\000E}{chapter.2}% 36
\BOOKMARK [1][-]{section*.6}{\376\377\000M\000o\000v\000e\000m\000e\000n\000t\000:\000\040\000F\000r\000o\000m\000\040\000O\000v\000e\000r\000h\000e\000a\000d\000\040\000t\000o\000\040\000T\000r\000u\000t\000h\000\040\000T\000r\000a\000n\000s\000p\000o\000r\000t}{chapter.2}% 37
\BOOKMARK [1][-]{section.2.27}{\376\377\000S\000C\000I\000E\000N\000T\000I\000F\000I\000C}{chapter.2}% 38
\BOOKMARK [1][-]{section.2.28}{\376\377\000T\000R\000U\000T\000H}{chapter.2}% 39
\BOOKMARK [1][-]{section.2.29}{\376\377\000W\000I\000T\000N\000E\000S\000S\000E\000D}{chapter.2}% 40
\BOOKMARK [1][-]{section.2.30}{\376\377\000R\000E\000A\000L}{chapter.2}% 41
\BOOKMARK [1][-]{section.2.31}{\376\377\000L\000O\000C\000A\000L}{chapter.2}% 42
\BOOKMARK [1][-]{section.2.32}{\376\377\000U\000N\000I\000V\000E\000R\000S\000A\000L}{chapter.2}% 43
\BOOKMARK [1][-]{section*.7}{\376\377\000M\000o\000v\000e\000m\000e\000n\000t\000:\000\040\000F\000r\000o\000m\000\040\000T\000r\000u\000t\000h\000\040\000T\000r\000a\000n\000s\000p\000o\000r\000t\000\040\000t\000o\000\040\000D\000e\000c\000i\000s\000i\000o\000n}{chapter.2}% 44
\BOOKMARK [1][-]{section.2.33}{\376\377\000L\000O\000G\000I\000C\000A\000L}{chapter.2}% 45
\BOOKMARK [1][-]{section.2.34}{\376\377\000H\000A\000L\000T\000E\000D}{chapter.2}% 46
\BOOKMARK [1][-]{section.2.35}{\376\377\000M\000E\000A\000S\000U\000R\000E\000D}{chapter.2}% 47
\BOOKMARK [1][-]{section.2.36}{\376\377\000C\000O\000M\000P\000I\000L\000E\000D}{chapter.2}% 48
\BOOKMARK [1][-]{section.2.37}{\376\377\000I\000N\000F\000E\000R\000R\000E\000D}{chapter.2}% 49
\BOOKMARK [0][-]{chapter.3}{\376\377\000T\000h\000e\000\040\000A\000b\000s\000e\000n\000c\000e\000\040\000O\000f\000\040\000T\000r\000u\000t\000h\000\040\000I\000n\000\040\000T\000h\000e\000\040\000P\000r\000e\000s\000e\000n\000c\000e\000\040\000O\000f\000\040\000T\000h\000e\000\040\000Q\000u\000e\000s\000t\000i\000o\000n}{}% 50
\BOOKMARK [1][-]{section.3.1}{\376\377\000W\000h\000y\000\040\000T\000R\000U\000T\000H\000\040\000I\000s\000\040\000N\000o\000t\000\040\000T\000h\000e\000\040\000E\000n\000d\000i\000n\000g}{chapter.3}% 51
\BOOKMARK [1][-]{section.3.2}{\376\377\000T\000h\000e\000\040\000Q\000u\000e\000s\000t\000i\000o\000n\000\040\000R\000e\000m\000a\000i\000n\000s}{chapter.3}% 52
\BOOKMARK [1][-]{section.3.3}{\376\377\000I\000n\000f\000e\000r\000e\000n\000c\000e\000\040\000W\000i\000t\000h\000o\000u\000t\000\040\000O\000w\000n\000e\000r\000s\000h\000i\000p}{chapter.3}% 53
\BOOKMARK [1][-]{section*.8}{\376\377\000C\000l\000o\000s\000i\000n\000g\000\040\000M\000o\000t\000i\000o\000n}{chapter.3}% 54
