\BOOKMARK [0][-]{chapter*.1}{\376\377\000P\000r\000e\000f\000a\000c\000e}{}% 1
\BOOKMARK [1][-]{section*.2}{\376\377\000L\000i\000s\000t\000\040\000o\000f\000\040\000D\000e\000f\000i\000n\000i\000t\000i\000o\000n\000s}{chapter*.1}% 2
\BOOKMARK [1][-]{section*.3}{\376\377\000L\000i\000s\000t\000\040\000o\000f\000\040\000P\000h\000e\000n\000o\000m\000e\000n\000a}{chapter*.1}% 3
\BOOKMARK [0][-]{chapter.1}{\376\377\000E\000n\000u\000m\000e\000r\000a\000t\000i\000o\000n}{}% 4
\BOOKMARK [1][-]{section*.5}{\376\377\000U\000n\000n\000u\000m\000b\000e\000r\000e\000d\000\040\000E\000s\000s\000a\000y}{chapter.1}% 5
\BOOKMARK [1][-]{section.1.1}{\376\377\000S\000e\000q\000u\000e\000n\000t\000i\000a\000l\000\040\000S\000c\000a\000n}{chapter.1}% 6
\BOOKMARK [1][-]{section.1.2}{\376\377\000I\000n\000d\000e\000x\000\040\000C\000o\000n\000s\000t\000r\000u\000c\000t\000i\000o\000n}{chapter.1}% 7
\BOOKMARK [1][-]{section.1.3}{\376\377\000G\000o\000d\000e\000l\000\040\000N\000u\000m\000b\000e\000r\000i\000n\000g}{chapter.1}% 8
\BOOKMARK [1][-]{section.1.4}{\376\377\000T\000h\000e\000\040\000H\000a\000l\000t\000i\000n\000g\000\040\000B\000o\000u\000n\000d\000a\000r\000y\000\040\000a\000s\000\040\000E\000n\000u\000m\000e\000r\000a\000t\000i\000o\000n\000\040\000L\000i\000m\000i\000t}{chapter.1}% 9
\BOOKMARK [1][-]{section.1.5}{\376\377\000C\000a\000r\000r\000i\000e\000r\000P\000r\000o\000c\000e\000s\000s\000\040\000i\000n\000\040\000L\000e\000a\000n}{chapter.1}% 10
\BOOKMARK [2][-]{section*.6}{\376\377\000L\000e\000a\000n\000\040\000E\000x\000c\000e\000r\000p\000t\000:\000\040\000C\000a\000r\000r\000i\000e\000r\000P\000r\000o\000c\000e\000s\000s}{section.1.5}% 11
\BOOKMARK [2][-]{section*.7}{\376\377\000L\000e\000a\000n\000\040\000E\000x\000c\000e\000r\000p\000t\000:\000\040\000D\000I\000S\000T\000I\000N\000G\000U\000I\000S\000H\000A\000B\000L\000E}{section.1.5}% 12
\BOOKMARK [1][-]{section*.8}{\376\377\000B\000r\000i\000d\000g\000e}{chapter.1}% 13
\BOOKMARK [1][-]{section*.9}{\376\377\000C\000o\000d\000a\000:\000\040\000T\000h\000e\000\040\000W\000a\000r\000e\000h\000o\000u\000s\000e\000\040\000R\000e\000c\000e\000i\000v\000i\000n\000g\000\040\000D\000o\000c\000k}{chapter.1}% 14
\BOOKMARK [0][-]{chapter.2}{\376\377\000D\000i\000v\000i\000d\000e\000\040\000a\000n\000d\000\040\000C\000o\000n\000q\000u\000e\000r}{}% 15
\BOOKMARK [1][-]{section*.10}{\376\377\000U\000n\000n\000u\000m\000b\000e\000r\000e\000d\000\040\000E\000s\000s\000a\000y}{chapter.2}% 16
\BOOKMARK [1][-]{section.2.1}{\376\377\000B\000i\000n\000a\000r\000y\000\040\000S\000e\000a\000r\000c\000h}{chapter.2}% 17
\BOOKMARK [1][-]{section.2.2}{\376\377\000M\000e\000r\000g\000e\000\040\000S\000o\000r\000t}{chapter.2}% 18
\BOOKMARK [1][-]{section.2.3}{\376\377\000F\000F\000T\000:\000\040\000R\000e\000c\000u\000r\000s\000i\000v\000e\000\040\000D\000i\000v\000i\000d\000e}{chapter.2}% 19
\BOOKMARK [1][-]{section.2.4}{\376\377\000T\000o\000u\000r\000n\000a\000m\000e\000n\000t\000\040\000S\000o\000r\000t}{chapter.2}% 20
\BOOKMARK [1][-]{section.2.5}{\376\377\000R\000e\000p\000e\000a\000t\000a\000b\000l\000e\000P\000r\000o\000c\000e\000s\000s\000\040\000i\000n\000\040\000L\000e\000a\000n}{chapter.2}% 21
\BOOKMARK [2][-]{section*.11}{\376\377\000L\000e\000a\000n\000\040\000E\000x\000c\000e\000r\000p\000t\000:\000\040\000R\000E\000P\000E\000A\000T\000A\000B\000L\000E}{section.2.5}% 22
\BOOKMARK [1][-]{section*.12}{\376\377\000B\000r\000i\000d\000g\000e}{chapter.2}% 23
\BOOKMARK [1][-]{section*.13}{\376\377\000C\000o\000d\000a\000:\000\040\000T\000h\000e\000\040\000P\000o\000s\000t\000a\000l\000\040\000S\000o\000r\000t\000i\000n\000g\000\040\000M\000a\000c\000h\000i\000n\000e}{chapter.2}% 24
\BOOKMARK [0][-]{chapter.3}{\376\377\000T\000h\000e\000\040\000I\000n\000t\000e\000r\000p\000o\000l\000a\000t\000i\000o\000n\000\040\000P\000r\000o\000b\000l\000e\000m}{}% 25
\BOOKMARK [1][-]{section*.14}{\376\377\000U\000n\000n\000u\000m\000b\000e\000r\000e\000d\000\040\000E\000s\000s\000a\000y}{chapter.3}% 26
\BOOKMARK [1][-]{section.3.1}{\376\377\000C\000u\000b\000i\000c\000\040\000S\000p\000l\000i\000n\000e\000\040\000F\000i\000t\000t\000i\000n\000g}{chapter.3}% 27
\BOOKMARK [1][-]{section.3.2}{\376\377\000C\000a\000r\000r\000y\000i\000n\000g\000\040\000M\000e\000t\000a\000v\000a\000r\000i\000a\000b\000l\000e\000s\000\040\000i\000n\000\040\000t\000h\000e\000\040\000L\000e\000a\000n\000\040\000E\000l\000a\000b\000o\000r\000a\000t\000o\000r}{chapter.3}% 28
\BOOKMARK [1][-]{section.3.3}{\376\377\000T\000h\000e\000\040\000H\000a\000l\000t\000i\000n\000g\000\040\000B\000o\000u\000n\000d\000a\000r\000y\000\040\000a\000s\000\040\000I\000n\000t\000e\000r\000p\000o\000l\000a\000t\000i\000o\000n\000\040\000L\000i\000m\000i\000t}{chapter.3}% 29
\BOOKMARK [1][-]{section.3.4}{\376\377\000N\000o\000i\000s\000y\000\040\000I\000n\000t\000e\000r\000p\000o\000l\000a\000t\000i\000o\000n}{chapter.3}% 30
\BOOKMARK [1][-]{section.3.5}{\376\377\000C\000h\000a\000i\000t\000i\000n\000s\000N\000u\000m\000b\000e\000r\000S\000e\000q\000u\000e\000n\000c\000e\000\040\000i\000n\000\040\000L\000e\000a\000n}{chapter.3}% 31
\BOOKMARK [2][-]{section*.15}{\376\377\000L\000e\000a\000n\000\040\000E\000x\000c\000e\000r\000p\000t\000:\000\040\000C\000h\000a\000i\000t\000i\000n\000s\000N\000u\000m\000b\000e\000r\000S\000e\000q\000u\000e\000n\000c\000e}{section.3.5}% 32
\BOOKMARK [1][-]{section*.16}{\376\377\000B\000r\000i\000d\000g\000e}{chapter.3}% 33
\BOOKMARK [1][-]{section*.17}{\376\377\000C\000o\000d\000a\000:\000\040\000T\000h\000e\000\040\000L\000e\000g\000a\000l\000\040\000C\000o\000n\000t\000r\000a\000c\000t\000\040\000w\000i\000t\000h\000\040\000B\000l\000a\000n\000k\000s}{chapter.3}% 34
\BOOKMARK [0][-]{chapter.4}{\376\377\000U\000n\000i\000o\000n\000-\000F\000i\000n\000d}{}% 35
\BOOKMARK [1][-]{section*.18}{\376\377\000U\000n\000n\000u\000m\000b\000e\000r\000e\000d\000\040\000E\000s\000s\000a\000y}{chapter.4}% 36
\BOOKMARK [1][-]{section.4.1}{\376\377\000N\000e\000t\000w\000o\000r\000k\000\040\000C\000o\000n\000n\000e\000c\000t\000i\000v\000i\000t\000y}{chapter.4}% 37
\BOOKMARK [1][-]{section.4.2}{\376\377\000P\000a\000t\000h\000\040\000C\000o\000m\000p\000r\000e\000s\000s\000i\000o\000n}{chapter.4}% 38
\BOOKMARK [1][-]{section.4.3}{\376\377\000C\000o\000m\000p\000i\000l\000e\000r\000\040\000S\000y\000m\000b\000o\000l\000\040\000T\000a\000b\000l\000e}{chapter.4}% 39
\BOOKMARK [1][-]{section.4.4}{\376\377\000H\000o\000r\000i\000z\000o\000n\000\040\000a\000s\000\040\000U\000n\000i\000o\000n\000\040\000F\000a\000i\000l\000u\000r\000e}{chapter.4}% 40
\BOOKMARK [1][-]{section.4.5}{\376\377\000G\000U\000N\000G\000A\000N\000\040\000S\000t\000a\000t\000e\000s\000\040\000i\000n\000\040\000L\000e\000a\000n}{chapter.4}% 41
\BOOKMARK [2][-]{section*.19}{\376\377\000L\000e\000a\000n\000\040\000E\000x\000c\000e\000r\000p\000t\000:\000\040\000J\000a\000r}{section.4.5}% 42
\BOOKMARK [2][-]{section*.20}{\376\377\000L\000e\000a\000n\000\040\000E\000x\000c\000e\000r\000p\000t\000:\000\040\000M\000e\000e\000s\000a\000P\000r\000o\000c\000e\000s\000s}{section.4.5}% 43
\BOOKMARK [2][-]{section*.21}{\376\377\000L\000e\000a\000n\000\040\000E\000x\000c\000e\000r\000p\000t\000:\000\040\000G\000U\000N\000G\000A\000N}{section.4.5}% 44
\BOOKMARK [1][-]{section*.22}{\376\377\000B\000r\000i\000d\000g\000e}{chapter.4}% 45
\BOOKMARK [1][-]{section*.23}{\376\377\000C\000o\000d\000a\000:\000\040\000M\000e\000r\000g\000i\000n\000g\000\040\000T\000r\000a\000n\000s\000i\000t\000\040\000P\000a\000s\000s\000e\000s}{chapter.4}% 46
\BOOKMARK [0][-]{chapter.5}{\376\377\000B\000i\000s\000e\000c\000t\000i\000o\000n\000\040\000a\000n\000d\000\040\000t\000h\000e\000\040\000S\000p\000l\000i\000n\000e}{}% 47
\BOOKMARK [1][-]{section*.24}{\376\377\000U\000n\000n\000u\000m\000b\000e\000r\000e\000d\000\040\000E\000s\000s\000a\000y}{chapter.5}% 48
\BOOKMARK [1][-]{section.5.1}{\376\377\000B\000i\000s\000e\000c\000t\000i\000o\000n\000\040\000f\000o\000r\000\040\000R\000o\000o\000t\000\040\000F\000i\000n\000d\000i\000n\000g}{chapter.5}% 49
\BOOKMARK [1][-]{section.5.2}{\376\377\000G\000a\000l\000e\000r\000k\000i\000n\000\040\000F\000E\000M}{chapter.5}% 50
\BOOKMARK [2][-]{section*.25}{\376\377\000L\000e\000a\000n\000\040\000E\000x\000c\000e\000r\000p\000t\000:\000\040\000G\000a\000l\000e\000r\000k\000i\000n\000P\000r\000o\000c\000e\000s\000s}{section.5.2}% 51
\BOOKMARK [2][-]{section*.26}{\376\377\000L\000e\000a\000n\000\040\000E\000x\000c\000e\000r\000p\000t\000:\000\040\000F\000I\000N\000I\000T\000E\000_\000E\000L\000E\000P\000H\000A\000N\000T}{section.5.2}% 52
\BOOKMARK [1][-]{section.5.3}{\376\377\000R\000i\000c\000h\000a\000r\000d\000s\000o\000n\000\040\000E\000x\000t\000r\000a\000p\000o\000l\000a\000t\000i\000o\000n}{chapter.5}% 53
\BOOKMARK [1][-]{section.5.4}{\376\377\000R\000e\000s\000i\000d\000u\000a\000l\000\040\000S\000t\000o\000p\000p\000i\000n\000g}{chapter.5}% 54
\BOOKMARK [1][-]{section.5.5}{\376\377\000F\000I\000N\000I\000T\000E\000\137\000E\000L\000E\000P\000H\000A\000N\000T\000\040\000i\000n\000\040\000L\000e\000a\000n}{chapter.5}% 55
\BOOKMARK [2][-]{section*.27}{\376\377\000L\000e\000a\000n\000\040\000E\000x\000c\000e\000r\000p\000t\000:\000\040\000F\000I\000N\000I\000T\000E\000_\000E\000L\000E\000P\000H\000A\000N\000T}{section.5.5}% 56
\BOOKMARK [1][-]{section*.28}{\376\377\000B\000r\000i\000d\000g\000e}{chapter.5}% 57
\BOOKMARK [1][-]{section*.29}{\376\377\000C\000o\000d\000a\000:\000\040\000F\000o\000c\000u\000s\000i\000n\000g\000\040\000a\000\040\000C\000a\000m\000e\000r\000a\000\040\000L\000e\000n\000s}{chapter.5}% 58
\BOOKMARK [0][-]{chapter.6}{\376\377\000T\000h\000e\000\040\000N\000o\000n\000c\000o\000m\000p\000u\000t\000a\000b\000l\000e\000\040\000C\000o\000r\000e}{}% 59
\BOOKMARK [1][-]{section*.30}{\376\377\000U\000n\000n\000u\000m\000b\000e\000r\000e\000d\000\040\000E\000s\000s\000a\000y}{chapter.6}% 60
\BOOKMARK [1][-]{section.6.1}{\376\377\000T\000h\000e\000\040\000H\000a\000l\000t\000i\000n\000g\000\040\000P\000r\000o\000b\000l\000e\000m}{chapter.6}% 61
\BOOKMARK [1][-]{section.6.2}{\376\377\000B\000u\000s\000y\000\040\000B\000e\000a\000v\000e\000r}{chapter.6}% 62
\BOOKMARK [1][-]{section.6.3}{\376\377\000C\000h\000a\000i\000t\000i\000n\000'\000s\000\040\000O\000m\000e\000g\000a}{chapter.6}% 63
\BOOKMARK [1][-]{section.6.4}{\376\377\000H\000e\000a\000r\000t\000b\000e\000a\000t\000\040\000P\000r\000o\000x\000y\000\040\000i\000n\000\040\000L\000e\000a\000n}{chapter.6}% 64
\BOOKMARK [2][-]{section*.31}{\376\377\000L\000e\000a\000n\000\040\000E\000x\000c\000e\000r\000p\000t\000:\000\040\000E\000K\000G}{section.6.4}% 65
\BOOKMARK [2][-]{section*.32}{\376\377\000L\000e\000a\000n\000\040\000E\000x\000c\000e\000r\000p\000t\000:\000\040\000L\000O\000G\000I\000C\000A\000L}{section.6.4}% 66
\BOOKMARK [1][-]{section.6.5}{\376\377\000A\000r\000m\000W\000a\000v\000e\000P\000r\000o\000c\000e\000s\000s\000\040\000a\000s\000\040\000O\000v\000e\000r\000h\000e\000a\000d\000\040\000M\000e\000t\000e\000r}{chapter.6}% 67
\BOOKMARK [2][-]{section*.33}{\376\377\000L\000e\000a\000n\000\040\000E\000x\000c\000e\000r\000p\000t\000:\000\040\000A\000r\000m\000W\000a\000v\000e\000P\000r\000o\000c\000e\000s\000s}{section.6.5}% 68
\BOOKMARK [2][-]{section*.34}{\376\377\000L\000e\000a\000n\000\040\000E\000x\000c\000e\000r\000p\000t\000:\000\040\000B\000U\000L\000L\000S\000H\000I\000T}{section.6.5}% 69
\BOOKMARK [1][-]{section*.35}{\376\377\000B\000r\000i\000d\000g\000e}{chapter.6}% 70
\BOOKMARK [1][-]{section*.36}{\376\377\000C\000o\000d\000a\000:\000\040\000T\000h\000e\000\040\000S\000e\000a\000l\000e\000d\000\040\000A\000r\000c\000h\000i\000v\000e}{chapter.6}% 71
\BOOKMARK [0][-]{chapter.7}{\376\377\000I\000n\000v\000e\000r\000s\000i\000o\000n}{}% 72
\BOOKMARK [1][-]{section*.37}{\376\377\000U\000n\000n\000u\000m\000b\000e\000r\000e\000d\000\040\000E\000s\000s\000a\000y}{chapter.7}% 73
\BOOKMARK [1][-]{section.7.1}{\376\377\000L\000U\000\040\000D\000e\000c\000o\000m\000p\000o\000s\000i\000t\000i\000o\000n}{chapter.7}% 74
\BOOKMARK [1][-]{section.7.2}{\376\377\000B\000a\000c\000k\000p\000r\000o\000p\000a\000g\000a\000t\000i\000o\000n}{chapter.7}% 75
\BOOKMARK [1][-]{section.7.3}{\376\377\000G\000r\000a\000m\000-\000S\000c\000h\000m\000i\000d\000t\000\040\000O\000r\000t\000h\000o\000g\000o\000n\000a\000l\000i\000z\000a\000t\000i\000o\000n}{chapter.7}% 76
\BOOKMARK [1][-]{section.7.4}{\376\377\000A\000l\000p\000h\000a\000-\000D\000e\000c\000a\000y\000\040\000T\000r\000a\000n\000s\000p\000o\000r\000t}{chapter.7}% 77
\BOOKMARK [1][-]{section.7.5}{\376\377\000W\000I\000T\000N\000E\000S\000S\000E\000D\000\040\000i\000n\000\040\000L\000e\000a\000n}{chapter.7}% 78
\BOOKMARK [2][-]{section*.38}{\376\377\000L\000e\000a\000n\000\040\000E\000x\000c\000e\000r\000p\000t\000:\000\040\000W\000I\000T\000N\000E\000S\000S\000E\000D}{section.7.5}% 79
\BOOKMARK [1][-]{section*.39}{\376\377\000B\000r\000i\000d\000g\000e}{chapter.7}% 80
\BOOKMARK [1][-]{section*.40}{\376\377\000C\000o\000d\000a\000:\000\040\000A\000u\000d\000i\000t\000i\000n\000g\000\040\000a\000n\000\040\000E\000x\000p\000e\000n\000s\000e\000\040\000R\000e\000p\000o\000r\000t\000\040\000B\000a\000c\000k\000w\000a\000r\000d}{chapter.7}% 81
\BOOKMARK [0][-]{chapter.8}{\376\377\000T\000h\000e\000\040\000R\000u\000l\000e\000r\000\040\000A\000l\000g\000o\000r\000i\000t\000h\000m}{}% 82
\BOOKMARK [1][-]{section*.41}{\376\377\000U\000n\000n\000u\000m\000b\000e\000r\000e\000d\000\040\000E\000s\000s\000a\000y}{chapter.8}% 83
\BOOKMARK [1][-]{section.8.1}{\376\377\000T\000a\000i\000l\000-\000L\000a\000t\000e\000n\000c\000y\000\040\000M\000e\000a\000s\000u\000r\000e\000m\000e\000n\000t}{chapter.8}% 84
\BOOKMARK [1][-]{section.8.2}{\376\377\000D\000i\000j\000k\000s\000t\000r\000a\000\040\000a\000s\000\040\000R\000u\000l\000e\000r\000\040\000A\000l\000g\000o\000r\000i\000t\000h\000m}{chapter.8}% 85
\BOOKMARK [1][-]{section.8.3}{\376\377\000E\000K\000G\000\040\000a\000s\000\040\000C\000a\000l\000i\000b\000r\000a\000t\000i\000o\000n\000\040\000R\000e\000f\000e\000r\000e\000n\000c\000e}{chapter.8}% 86
\BOOKMARK [2][-]{section*.42}{\376\377\000L\000e\000a\000n\000\040\000E\000x\000c\000e\000r\000p\000t\000:\000\040\000R\000e\000a\000d\000i\000n\000g}{section.8.3}% 87
\BOOKMARK [2][-]{section*.43}{\376\377\000L\000e\000a\000n\000\040\000E\000x\000c\000e\000r\000p\000t\000:\000\040\000E\000K\000G}{section.8.3}% 88
\BOOKMARK [2][-]{section*.44}{\376\377\000L\000e\000a\000n\000\040\000E\000x\000c\000e\000r\000p\000t\000:\000\040\000L\000O\000G\000I\000C\000A\000L}{section.8.3}% 89
\BOOKMARK [1][-]{section.8.4}{\376\377\000G\000r\000a\000m\000-\000S\000c\000h\000m\000i\000d\000t\000\040\000a\000s\000\040\000S\000e\000q\000u\000e\000n\000t\000i\000a\000l\000\040\000R\000u\000l\000e\000r}{chapter.8}% 90
\BOOKMARK [1][-]{section.8.5}{\376\377\000C\000o\000o\000r\000d\000i\000n\000a\000t\000e\000\040\000T\000r\000a\000n\000s\000f\000o\000r\000m\000\040\000a\000s\000\040\000R\000e\000c\000a\000l\000i\000b\000r\000a\000t\000i\000o\000n}{chapter.8}% 91
\BOOKMARK [1][-]{section*.45}{\376\377\000B\000r\000i\000d\000g\000e}{chapter.8}% 92
\BOOKMARK [1][-]{section*.46}{\376\377\000C\000o\000d\000a\000:\000\040\000T\000h\000e\000\040\000F\000a\000c\000t\000o\000r\000y\000\040\000Q\000u\000a\000l\000i\000t\000y\000-\000C\000o\000n\000t\000r\000o\000l\000\040\000R\000o\000o\000m}{chapter.8}% 93
\BOOKMARK [0][-]{chapter.9}{\376\377\000C\000o\000m\000m\000u\000t\000a\000t\000i\000o\000n\000\040\000F\000a\000i\000l\000u\000r\000e}{}% 94
\BOOKMARK [1][-]{section*.47}{\376\377\000U\000n\000n\000u\000m\000b\000e\000r\000e\000d\000\040\000E\000s\000s\000a\000y}{chapter.9}% 95
\BOOKMARK [1][-]{section.9.1}{\376\377\000T\000h\000e\000\040\000M\000a\000t\000r\000i\000x\000\040\000C\000o\000m\000m\000u\000t\000a\000t\000o\000r}{chapter.9}% 96
\BOOKMARK [1][-]{section.9.2}{\376\377\000G\000i\000t\000\040\000M\000e\000r\000g\000e\000\040\000C\000o\000n\000f\000l\000i\000c\000t}{chapter.9}% 97
\BOOKMARK [1][-]{section.9.3}{\376\377\000C\000o\000m\000p\000i\000l\000e\000r\000\040\000O\000p\000t\000i\000m\000i\000z\000a\000t\000i\000o\000n\000\040\000O\000r\000d\000e\000r}{chapter.9}% 98
\BOOKMARK [1][-]{section.9.4}{\376\377\000J\000a\000c\000o\000b\000i\000\040\000I\000d\000e\000n\000t\000i\000t\000y}{chapter.9}% 99
\BOOKMARK [1][-]{section.9.5}{\376\377\000H\000e\000a\000r\000t\000b\000e\000a\000t\000P\000r\000o\000c\000e\000s\000s\000\040\000i\000n\000\040\000L\000e\000a\000n}{chapter.9}% 100
\BOOKMARK [2][-]{section*.48}{\376\377\000L\000e\000a\000n\000\040\000E\000x\000c\000e\000r\000p\000t\000:\000\040\000H\000e\000a\000r\000t\000b\000e\000a\000t\000P\000r\000o\000c\000e\000s\000s}{section.9.5}% 101
\BOOKMARK [1][-]{section*.49}{\376\377\000B\000r\000i\000d\000g\000e}{chapter.9}% 102
\BOOKMARK [1][-]{section*.50}{\376\377\000C\000o\000d\000a\000:\000\040\000P\000r\000i\000n\000t\000-\000S\000h\000o\000p\000\040\000C\000o\000l\000o\000r\000\040\000L\000a\000y\000e\000r\000s}{chapter.9}% 103
\BOOKMARK [0][-]{chapter.10}{\376\377\000I\000n\000v\000a\000r\000i\000a\000n\000t\000\040\000C\000o\000m\000p\000u\000t\000a\000t\000i\000o\000n}{}% 104
\BOOKMARK [1][-]{section*.51}{\376\377\000U\000n\000n\000u\000m\000b\000e\000r\000e\000d\000\040\000E\000s\000s\000a\000y}{chapter.10}% 105
\BOOKMARK [1][-]{section.10.1}{\376\377\000B\000o\000o\000t\000s\000t\000r\000a\000p\000p\000i\000n\000g\000\040\000a\000\040\000C\000o\000m\000p\000i\000l\000e\000r}{chapter.10}% 106
\BOOKMARK [1][-]{section.10.2}{\376\377\000G\000r\000a\000d\000i\000e\000n\000t\000\040\000D\000e\000s\000c\000e\000n\000t\000\040\000I\000n\000v\000a\000r\000i\000a\000n\000c\000e}{chapter.10}% 107
\BOOKMARK [1][-]{section.10.3}{\376\377\000I\000s\000i\000n\000g\000\040\000M\000o\000d\000e\000l\000\040\000P\000h\000a\000s\000e\000\040\000T\000r\000a\000n\000s\000i\000t\000i\000o\000n}{chapter.10}% 108
\BOOKMARK [1][-]{section.10.4}{\376\377\000F\000e\000y\000n\000m\000a\000n\000\040\000D\000i\000a\000g\000r\000a\000m\000\040\000a\000s\000\040\000C\000o\000m\000p\000u\000t\000a\000t\000i\000o\000n}{chapter.10}% 109
\BOOKMARK [1][-]{section.10.5}{\376\377\000E\000l\000a\000b\000o\000r\000a\000t\000i\000o\000n\000P\000r\000o\000c\000e\000s\000s\000\040\000i\000n\000\040\000L\000e\000a\000n}{chapter.10}% 110
\BOOKMARK [2][-]{section*.52}{\376\377\000L\000e\000a\000n\000\040\000E\000x\000c\000e\000r\000p\000t\000:\000\040\000E\000l\000a\000b\000o\000r\000a\000t\000i\000o\000n\000P\000r\000o\000c\000e\000s\000s}{section.10.5}% 111
\BOOKMARK [2][-]{section*.53}{\376\377\000L\000e\000a\000n\000\040\000E\000x\000c\000e\000r\000p\000t\000:\000\040\000H\000A\000L\000T\000E\000D}{section.10.5}% 112
\BOOKMARK [1][-]{section*.54}{\376\377\000B\000r\000i\000d\000g\000e}{chapter.10}% 113
\BOOKMARK [1][-]{section*.55}{\376\377\000C\000o\000d\000a\000:\000\040\000T\000h\000e\000a\000t\000e\000r\000\040\000P\000r\000o\000d\000u\000c\000t\000i\000o\000n\000\040\000w\000i\000t\000h\000\040\000R\000o\000t\000a\000t\000i\000n\000g\000\040\000U\000n\000d\000e\000r\000s\000t\000u\000d\000i\000e\000s}{chapter.10}% 114
\BOOKMARK [0][-]{chapter.11}{\376\377\000I\000n\000c\000o\000m\000p\000r\000e\000s\000s\000i\000b\000i\000l\000i\000t\000y}{}% 115
\BOOKMARK [1][-]{section*.56}{\376\377\000U\000n\000n\000u\000m\000b\000e\000r\000e\000d\000\040\000E\000s\000s\000a\000y}{chapter.11}% 116
\BOOKMARK [1][-]{section.11.1}{\376\377\000L\000e\000m\000p\000e\000l\000-\000Z\000i\000v\000\040\000C\000o\000m\000p\000r\000e\000s\000s\000i\000o\000n}{chapter.11}% 117
\BOOKMARK [1][-]{section.11.2}{\376\377\000K\000o\000l\000m\000o\000g\000o\000r\000o\000v\000\040\000S\000t\000r\000u\000c\000t\000u\000r\000e\000\040\000F\000u\000n\000c\000t\000i\000o\000n}{chapter.11}% 118
\BOOKMARK [1][-]{section.11.3}{\376\377\000I\000n\000t\000e\000r\000a\000c\000t\000i\000v\000e\000\040\000P\000r\000o\000o\000f\000\040\000C\000h\000e\000c\000k\000i\000n\000g}{chapter.11}% 119
\BOOKMARK [1][-]{section.11.4}{\376\377\000T\000h\000e\000\040\000F\000i\000n\000a\000l\000\040\000T\000y\000p\000e\000\040\000C\000h\000e\000c\000k}{chapter.11}% 120
\BOOKMARK [1][-]{section.11.5}{\376\377\000A\000m\000d\000a\000h\000l\000'\000s\000\040\000L\000a\000w\000\040\000a\000s\000\040\000I\000n\000c\000o\000m\000p\000r\000e\000s\000s\000i\000b\000i\000l\000i\000t\000y}{chapter.11}% 121
\BOOKMARK [1][-]{section*.57}{\376\377\000B\000r\000i\000d\000g\000e}{chapter.11}% 122
\BOOKMARK [1][-]{section*.58}{\376\377\000C\000o\000d\000a\000:\000\040\000T\000h\000e\000\040\000N\000o\000t\000a\000r\000y\000'\000s\000\040\000S\000e\000a\000l\000e\000d\000\040\000R\000e\000g\000i\000s\000t\000e\000r}{chapter.11}% 123
