\BOOKMARK [0][-]{chapter*.1}{\376\377\000P\000r\000e\000f\000a\000c\000e}{}% 1
\BOOKMARK [0][-]{chapter*.1}{\376\377\000L\000i\000s\000t\000\040\000o\000f\000\040\000P\000h\000e\000n\000o\000m\000e\000n\000a}{}% 2
\BOOKMARK [0][-]{chapter.1}{\376\377\000E\000n\000t\000r\000y}{}% 3
\BOOKMARK [1][-]{section*.2}{\376\377\000U\000n\000n\000u\000m\000b\000e\000r\000e\000d\000\040\000E\000s\000s\000a\000y}{chapter.1}% 4
\BOOKMARK [1][-]{section.1.1}{\376\377\000N\000u\000m\000b\000e\000r\000\040\000R\000e\000f\000u\000s\000e\000s\000\040\000P\000o\000s\000s\000e\000s\000s\000i\000o\000n}{chapter.1}% 5
\BOOKMARK [1][-]{section.1.2}{\376\377\000C\000o\000u\000n\000t\000i\000n\000g\000\040\000a\000s\000\040\000P\000u\000b\000l\000i\000c\000\040\000O\000r\000d\000e\000r}{chapter.1}% 6
\BOOKMARK [1][-]{section.1.3}{\376\377\000T\000a\000b\000l\000e\000s\000\040\000T\000h\000a\000t\000\040\000S\000u\000r\000v\000i\000v\000e\000\040\000t\000h\000e\000\040\000O\000b\000s\000e\000r\000v\000e\000r}{chapter.1}% 7
\BOOKMARK [1][-]{section.1.4}{\376\377\000S\000e\000e\000i\000n\000g\000\040\000E\000n\000t\000e\000r\000s\000\040\000a\000\040\000R\000e\000c\000o\000r\000d}{chapter.1}% 8
\BOOKMARK [1][-]{section.1.5}{\376\377\000A\000b\000s\000t\000r\000a\000c\000t\000i\000o\000n\000\040\000U\000n\000d\000e\000r\000\040\000E\000n\000t\000r\000y}{chapter.1}% 9
\BOOKMARK [1][-]{section.1.6}{\376\377\000M\000a\000r\000c\000o\000n\000i\000\040\000a\000n\000d\000\040\000t\000h\000e\000\040\000C\000o\000n\000s\000t\000r\000a\000i\000n\000t\000\040\000o\000f\000\040\000S\000i\000l\000e\000n\000c\000e}{chapter.1}% 10
\BOOKMARK [1][-]{section.1.7}{\376\377\000C\000h\000a\000i\000t\000i\000n\000:\000\040\000C\000o\000m\000p\000r\000e\000s\000s\000i\000o\000n\000\040\000I\000s\000\040\000N\000o\000t\000\040\000P\000o\000s\000s\000e\000s\000s\000i\000o\000n}{chapter.1}% 11
\BOOKMARK [1][-]{section.1.8}{\376\377\000T\000h\000e\000\040\000P\000h\000o\000t\000o\000g\000r\000a\000p\000h\000i\000c\000\040\000P\000l\000a\000t\000e\000:\000\040\000T\000r\000a\000c\000e\000\040\000W\000i\000t\000h\000o\000u\000t\000\040\000P\000r\000e\000s\000e\000n\000c\000e}{chapter.1}% 12
\BOOKMARK [1][-]{section.1.9}{\376\377\000T\000h\000e\000\040\000G\000e\000i\000g\000e\000r\000\040\000C\000o\000u\000n\000t\000e\000r\000:\000\040\000A\000\040\000C\000l\000i\000c\000k\000\040\000I\000s\000\040\000a\000n\000\040\000A\000d\000m\000i\000t\000t\000e\000d\000\040\000E\000v\000e\000n\000t}{chapter.1}% 13
\BOOKMARK [1][-]{section.1.10}{\376\377\000F\000a\000r\000a\000d\000a\000y\000'\000s\000\040\000N\000o\000t\000e\000b\000o\000o\000k\000s\000:\000\040\000S\000e\000q\000u\000e\000n\000c\000e\000\040\000a\000s\000\040\000A\000p\000p\000a\000r\000a\000t\000u\000s}{chapter.1}% 14
\BOOKMARK [1][-]{section.1.11}{\376\377\000H\000a\000r\000r\000i\000s\000o\000n\000\040\000H\0004\000:\000\040\000T\000i\000m\000e\000\040\000C\000a\000r\000r\000i\000e\000d\000\040\000a\000s\000\040\000a\000\040\000R\000e\000c\000o\000r\000d}{chapter.1}% 15
\BOOKMARK [1][-]{section.1.12}{\376\377\000K\000e\000l\000v\000i\000n\000'\000s\000\040\000E\000a\000r\000t\000h\000:\000\040\000P\000r\000e\000m\000i\000s\000e\000\040\000F\000a\000i\000l\000u\000r\000e\000\040\000a\000s\000\040\000E\000n\000t\000r\000y\000\040\000R\000e\000f\000u\000s\000a\000l}{chapter.1}% 16
\BOOKMARK [1][-]{section*.3}{\376\377\000C\000l\000o\000s\000e}{chapter.1}% 17
\BOOKMARK [0][-]{chapter.2}{\376\377\000R\000e\000s\000i\000d\000u\000e}{}% 18
\BOOKMARK [1][-]{section*.4}{\376\377\000U\000n\000n\000u\000m\000b\000e\000r\000e\000d\000\040\000E\000s\000s\000a\000y}{chapter.2}% 19
\BOOKMARK [1][-]{section.2.1}{\376\377\000M\000e\000r\000c\000u\000r\000y\000\040\000a\000n\000d\000\040\000t\000h\000e\000\040\000I\000n\000t\000e\000r\000f\000e\000r\000o\000m\000e\000t\000e\000r\000:\000\040\000R\000e\000s\000i\000d\000u\000e\000\040\000a\000s\000\040\000R\000e\000c\000o\000r\000d}{chapter.2}% 20
\BOOKMARK [1][-]{section.2.2}{\376\377\000P\000l\000a\000n\000c\000k\000:\000\040\000A\000\040\000C\000u\000r\000v\000e\000\040\000F\000o\000r\000c\000e\000s\000\040\000N\000e\000w\000\040\000R\000e\000p\000r\000e\000s\000e\000n\000t\000a\000t\000i\000o\000n}{chapter.2}% 21
\BOOKMARK [1][-]{section.2.3}{\376\377\000B\000r\000o\000w\000n\000i\000a\000n\000\040\000M\000o\000t\000i\000o\000n\000:\000\040\000J\000i\000t\000t\000e\000r\000\040\000B\000e\000c\000o\000m\000e\000s\000\040\000P\000h\000y\000s\000i\000c\000a\000l}{chapter.2}% 22
\BOOKMARK [1][-]{section.2.4}{\376\377\000L\000i\000m\000i\000t\000s\000,\000\040\000C\000u\000t\000s\000,\000\040\000a\000n\000d\000\040\000t\000h\000e\000\040\000W\000o\000r\000k\000\040\000o\000f\000\040\000P\000r\000e\000s\000e\000n\000c\000e}{chapter.2}% 23
\BOOKMARK [1][-]{section.2.5}{\376\377\000S\000p\000e\000c\000t\000r\000a\000l\000\040\000L\000i\000n\000e\000s\000:\000\040\000G\000a\000p\000s\000\040\000i\000n\000\040\000L\000i\000g\000h\000t\000\040\000B\000e\000c\000o\000m\000e\000\040\000S\000t\000r\000u\000c\000t\000u\000r\000e}{chapter.2}% 24
\BOOKMARK [1][-]{section.2.6}{\376\377\000H\000e\000i\000s\000e\000n\000b\000e\000r\000g\000:\000\040\000M\000e\000a\000s\000u\000r\000e\000m\000e\000n\000t\000\040\000R\000e\000f\000u\000s\000e\000s\000\040\000C\000o\000m\000p\000l\000e\000t\000i\000o\000n}{chapter.2}% 25
\BOOKMARK [1][-]{section.2.7}{\376\377\000G\000o\000s\000s\000e\000t\000:\000\040\000S\000m\000a\000l\000l\000\040\000S\000a\000m\000p\000l\000e\000s\000\040\000R\000e\000f\000u\000s\000e\000\040\000L\000a\000r\000g\000e\000\040\000C\000o\000n\000f\000i\000d\000e\000n\000c\000e}{chapter.2}% 26
\BOOKMARK [1][-]{section.2.8}{\376\377\000A\000n\000o\000m\000a\000l\000o\000u\000s\000\040\000M\000a\000g\000n\000e\000t\000i\000c\000\040\000M\000o\000m\000e\000n\000t\000:\000\040\000T\000h\000e\000\040\000T\000i\000n\000y\000\040\000D\000i\000f\000f\000e\000r\000e\000n\000c\000e\000\040\000a\000s\000\040\000T\000e\000s\000t}{chapter.2}% 27
\BOOKMARK [1][-]{section.2.9}{\376\377\000T\000w\000o\000-\000S\000l\000i\000t\000\040\000V\000a\000r\000i\000a\000n\000t\000s\000:\000\040\000A\000r\000r\000a\000n\000g\000e\000m\000e\000n\000t\000\040\000H\000o\000l\000d\000s\000\040\000t\000h\000e\000\040\000L\000e\000f\000t\000o\000v\000e\000r\000\040\000O\000p\000e\000n}{chapter.2}% 28
\BOOKMARK [1][-]{section.2.10}{\376\377\000F\000a\000i\000l\000e\000d\000\040\000R\000e\000s\000i\000d\000u\000e\000:\000\040\000N\000-\000R\000a\000y\000s}{chapter.2}% 29
\BOOKMARK [1][-]{section.2.11}{\376\377\000P\000u\000l\000s\000e\000\040\000O\000x\000i\000m\000e\000t\000r\000y\000\040\000B\000i\000a\000s\000:\000\040\000O\000r\000d\000i\000n\000a\000r\000y\000\040\000I\000n\000s\000t\000r\000u\000m\000e\000n\000t\000s\000\040\000L\000e\000a\000v\000e\000\040\000P\000o\000p\000u\000l\000a\000t\000i\000o\000n\000\040\000R\000e\000s\000i\000d\000u\000e}{chapter.2}% 30
\BOOKMARK [1][-]{section.2.12}{\376\377\000W\000a\000t\000e\000r\000\040\000M\000e\000m\000o\000r\000y\000:\000\040\000R\000e\000p\000e\000a\000t\000a\000b\000i\000l\000i\000t\000y\000\040\000R\000e\000f\000u\000s\000e\000s\000\040\000a\000\040\000S\000p\000e\000c\000t\000a\000c\000l\000e}{chapter.2}% 31
\BOOKMARK [1][-]{section*.5}{\376\377\000C\000l\000o\000s\000e}{chapter.2}% 32
\BOOKMARK [0][-]{chapter.3}{\376\377\000S\000t\000a\000g\000i\000n\000g}{}% 33
\BOOKMARK [1][-]{section*.6}{\376\377\000U\000n\000n\000u\000m\000b\000e\000r\000e\000d\000\040\000E\000s\000s\000a\000y}{chapter.3}% 34
\BOOKMARK [1][-]{section.3.1}{\376\377\000T\000o\000r\000s\000i\000o\000n\000\040\000B\000a\000l\000a\000n\000c\000e\000\040\000a\000n\000d\000\040\000O\000i\000l\000\040\000D\000r\000o\000p\000:\000\040\000C\000o\000n\000s\000t\000a\000n\000t\000s\000\040\000f\000r\000o\000m\000\040\000P\000a\000t\000i\000e\000n\000t\000\040\000A\000p\000p\000a\000r\000a\000t\000u\000s}{chapter.3}% 35
\BOOKMARK [1][-]{section.3.2}{\376\377\000T\000h\000e\000\040\000D\000i\000s\000t\000a\000n\000c\000e\000\040\000L\000a\000d\000d\000e\000r}{chapter.3}% 36
\BOOKMARK [1][-]{section.3.3}{\376\377\000R\000u\000t\000h\000e\000r\000f\000o\000r\000d\000:\000\040\000A\000\040\000D\000i\000s\000t\000r\000i\000b\000u\000t\000i\000o\000n\000\040\000R\000e\000f\000u\000s\000e\000s\000\040\000t\000h\000e\000\040\000P\000l\000u\000m\000\040\000P\000u\000d\000d\000i\000n\000g}{chapter.3}% 37
\BOOKMARK [1][-]{section.3.4}{\376\377\000T\000h\000e\000\040\000C\000e\000s\000i\000u\000m\000\040\000C\000l\000o\000c\000k\000:\000\040\000P\000o\000r\000t\000a\000b\000l\000e\000\040\000S\000c\000a\000l\000e}{chapter.3}% 38
\BOOKMARK [1][-]{section.3.5}{\376\377\000P\000e\000n\000d\000u\000l\000u\000m\000\040\000C\000h\000r\000o\000n\000o\000m\000e\000t\000r\000y\000:\000\040\000R\000e\000p\000e\000t\000i\000t\000i\000o\000n\000\040\000M\000a\000k\000e\000s\000\040\000T\000i\000m\000e\000\040\000U\000s\000a\000b\000l\000e}{chapter.3}% 39
\BOOKMARK [1][-]{section.3.6}{\376\377\000M\000a\000s\000s\000\040\000S\000p\000e\000c\000t\000r\000o\000m\000e\000t\000r\000y\000:\000\040\000S\000e\000p\000a\000r\000a\000t\000i\000o\000n\000\040\000B\000e\000c\000o\000m\000e\000s\000\040\000M\000a\000s\000s\000\040\000R\000e\000c\000o\000r\000d}{chapter.3}% 40
\BOOKMARK [1][-]{section.3.7}{\376\377\000D\000e\000c\000o\000m\000p\000o\000s\000i\000t\000i\000o\000n\000\040\000a\000s\000\040\000E\000x\000e\000c\000u\000t\000e\000d\000\040\000P\000r\000o\000c\000e\000d\000u\000r\000e}{chapter.3}% 41
\BOOKMARK [1][-]{section.3.8}{\376\377\000F\000a\000c\000t\000o\000r\000y\000\040\000G\000a\000u\000g\000e\000\040\000B\000l\000o\000c\000k\000s\000:\000\040\000S\000c\000a\000l\000e\000\040\000i\000n\000\040\000t\000h\000e\000\040\000H\000a\000n\000d}{chapter.3}% 42
\BOOKMARK [1][-]{section.3.9}{\376\377\000S\000u\000r\000v\000e\000y\000\040\000C\000h\000a\000i\000n\000:\000\040\000L\000a\000n\000d\000\040\000B\000e\000c\000o\000m\000e\000s\000\040\000M\000e\000a\000s\000u\000r\000a\000b\000l\000e\000\040\000b\000y\000\040\000P\000r\000o\000t\000o\000c\000o\000l}{chapter.3}% 43
\BOOKMARK [1][-]{section.3.10}{\376\377\000L\000u\000m\000i\000n\000o\000u\000s\000-\000I\000n\000t\000e\000n\000s\000i\000t\000y\000\040\000S\000t\000a\000n\000d\000a\000r\000d\000s\000:\000\040\000D\000r\000i\000f\000t\000\040\000E\000x\000p\000o\000s\000e\000s\000\040\000B\000a\000d\000\040\000S\000t\000a\000g\000i\000n\000g}{chapter.3}% 44
\BOOKMARK [1][-]{section*.7}{\376\377\000C\000l\000o\000s\000e}{chapter.3}% 45
\BOOKMARK [0][-]{chapter.4}{\376\377\000O\000v\000e\000r\000h\000e\000a\000d}{}% 46
\BOOKMARK [1][-]{section*.8}{\376\377\000U\000n\000n\000u\000m\000b\000e\000r\000e\000d\000\040\000E\000s\000s\000a\000y}{chapter.4}% 47
\BOOKMARK [1][-]{section.4.1}{\376\377\000N\000-\000R\000a\000y\000s\000:\000\040\000E\000x\000p\000e\000c\000t\000a\000t\000i\000o\000n\000\040\000M\000a\000s\000q\000u\000e\000r\000a\000d\000i\000n\000g\000\040\000a\000s\000\040\000S\000i\000g\000n\000a\000l}{chapter.4}% 48
\BOOKMARK [1][-]{section.4.2}{\376\377\000C\000o\000l\000d\000\040\000F\000u\000s\000i\000o\000n\000:\000\040\000A\000n\000n\000o\000u\000n\000c\000e\000m\000e\000n\000t\000\040\000B\000e\000f\000o\000r\000e\000\040\000R\000e\000c\000o\000r\000d}{chapter.4}% 49
\BOOKMARK [1][-]{section.4.3}{\376\377\000L\000a\000v\000o\000i\000s\000i\000e\000r\000\040\000a\000n\000d\000\040\000L\000y\000s\000e\000n\000k\000o\000:\000\040\000I\000n\000s\000t\000i\000t\000u\000t\000i\000o\000n\000\040\000I\000s\000\040\000N\000o\000t\000\040\000E\000v\000i\000d\000e\000n\000c\000e}{chapter.4}% 50
\BOOKMARK [1][-]{section.4.4}{\376\377\000T\000h\000e\000\040\000L\000H\000C\000\040\000T\000r\000i\000g\000g\000e\000r\000:\000\040\000H\000o\000n\000e\000s\000t\000\040\000F\000i\000n\000i\000t\000e\000\040\000S\000e\000l\000e\000c\000t\000i\000o\000n}{chapter.4}% 51
\BOOKMARK [1][-]{section.4.5}{\376\377\000C\000l\000i\000m\000a\000t\000e\000\040\000C\000o\000n\000s\000e\000n\000s\000u\000s\000:\000\040\000C\000h\000a\000i\000n\000,\000\040\000B\000o\000u\000n\000d\000,\000\040\000a\000n\000d\000\040\000P\000o\000l\000i\000c\000y}{chapter.4}% 52
\BOOKMARK [1][-]{section.4.6}{\376\377\000B\000i\000g\000\040\000O\000b\000s\000e\000r\000v\000a\000t\000o\000r\000i\000e\000s\000:\000\040\000L\000o\000a\000d\000\040\000a\000s\000\040\000A\000r\000c\000h\000i\000t\000e\000c\000t\000u\000r\000e}{chapter.4}% 53
\BOOKMARK [1][-]{section.4.7}{\376\377\000C\000i\000t\000a\000t\000i\000o\000n\000\040\000C\000a\000s\000c\000a\000d\000e\000:\000\040\000A\000c\000o\000l\000y\000t\000e\000s\000\040\000W\000i\000t\000h\000o\000u\000t\000\040\000M\000a\000l\000i\000c\000e}{chapter.4}% 54
\BOOKMARK [1][-]{section.4.8}{\376\377\000R\000e\000p\000l\000i\000c\000a\000t\000i\000o\000n\000\040\000C\000r\000i\000s\000i\000s\000:\000\040\000P\000o\000p\000u\000l\000a\000t\000i\000o\000n\000-\000S\000c\000a\000l\000e\000\040\000R\000e\000f\000u\000s\000a\000l}{chapter.4}% 55
\BOOKMARK [1][-]{section.4.9}{\376\377\000C\000l\000i\000n\000i\000c\000a\000l\000-\000T\000r\000i\000a\000l\000\040\000R\000e\000g\000i\000s\000t\000r\000i\000e\000s\000:\000\040\000L\000o\000a\000d\000\040\000A\000g\000a\000i\000n\000s\000t\000\040\000S\000e\000l\000e\000c\000t\000i\000v\000e\000\040\000M\000e\000m\000o\000r\000y}{chapter.4}% 56
\BOOKMARK [1][-]{section.4.10}{\376\377\000P\000o\000l\000y\000w\000a\000t\000e\000r\000:\000\040\000C\000h\000e\000m\000i\000s\000t\000r\000y\000\040\000R\000e\000f\000u\000s\000e\000s\000\040\000a\000n\000\040\000I\000n\000f\000l\000a\000t\000e\000d\000\040\000C\000l\000a\000i\000m}{chapter.4}% 57
\BOOKMARK [1][-]{section.4.11}{\376\377\000P\000i\000l\000t\000d\000o\000w\000n\000\040\000M\000a\000n\000:\000\040\000D\000e\000s\000i\000r\000e\000\040\000a\000s\000\040\000I\000n\000s\000t\000i\000t\000u\000t\000i\000o\000n\000a\000l\000\040\000C\000a\000r\000r\000i\000e\000r}{chapter.4}% 58
\BOOKMARK [1][-]{section.4.12}{\376\377\000S\000h\000e\000w\000h\000a\000r\000t\000\040\000C\000h\000a\000r\000t\000s\000:\000\040\000O\000r\000d\000i\000n\000a\000r\000y\000\040\000C\000o\000n\000t\000r\000o\000l\000\040\000A\000g\000a\000i\000n\000s\000t\000\040\000T\000h\000e\000a\000t\000e\000r}{chapter.4}% 59
\BOOKMARK [1][-]{section*.9}{\376\377\000C\000l\000o\000s\000e}{chapter.4}% 60
\BOOKMARK [0][-]{chapter.5}{\376\377\000T\000r\000u\000t\000h\000\040\000T\000r\000a\000n\000s\000p\000o\000r\000t}{}% 61
\BOOKMARK [1][-]{section*.10}{\376\377\000U\000n\000n\000u\000m\000b\000e\000r\000e\000d\000\040\000E\000s\000s\000a\000y}{chapter.5}% 62
\BOOKMARK [1][-]{section.5.1}{\376\377\000W\000i\000t\000n\000e\000s\000s\000\040\000A\000g\000a\000i\000n\000s\000t\000\040\000S\000p\000o\000n\000t\000a\000n\000e\000o\000u\000s\000\040\000G\000e\000n\000e\000r\000a\000t\000i\000o\000n}{chapter.5}% 63
\BOOKMARK [1][-]{section.5.2}{\376\377\000D\000i\000s\000t\000a\000n\000t\000\040\000W\000i\000t\000n\000e\000s\000s}{chapter.5}% 64
\BOOKMARK [1][-]{section.5.3}{\376\377\000A\000\040\000L\000o\000c\000a\000l\000\040\000A\000n\000t\000e\000n\000n\000a\000\040\000H\000e\000a\000r\000s\000\040\000t\000h\000e\000\040\000U\000n\000i\000v\000e\000r\000s\000e}{chapter.5}% 65
\BOOKMARK [1][-]{section.5.4}{\376\377\000L\000o\000c\000a\000l\000\040\000T\000e\000s\000t\000s\000,\000\040\000U\000n\000i\000v\000e\000r\000s\000a\000l\000\040\000C\000o\000n\000s\000t\000r\000a\000i\000n\000t}{chapter.5}% 66
\BOOKMARK [1][-]{section.5.5}{\376\377\000E\000i\000n\000s\000t\000e\000i\000n\000\040\000S\000y\000n\000c\000h\000r\000o\000n\000i\000z\000a\000t\000i\000o\000n\000:\000\040\000L\000o\000c\000a\000l\000\040\000C\000l\000o\000c\000k\000s\000\040\000L\000e\000a\000r\000n\000\040\000t\000o\000\040\000A\000g\000r\000e\000e}{chapter.5}% 67
\BOOKMARK [1][-]{section.5.6}{\376\377\000G\000P\000S\000\040\000R\000e\000l\000a\000t\000i\000v\000i\000s\000t\000i\000c\000\040\000C\000o\000r\000r\000e\000c\000t\000i\000o\000n\000:\000\040\000T\000r\000a\000n\000s\000p\000o\000r\000t\000i\000n\000g\000\040\000T\000i\000m\000e\000\040\000b\000y\000\040\000C\000o\000r\000r\000e\000c\000t\000i\000n\000g\000\040\000F\000r\000a\000m\000e}{chapter.5}% 68
\BOOKMARK [1][-]{section.5.7}{\376\377\000T\000r\000i\000n\000i\000t\000y\000\040\000T\000e\000s\000t\000:\000\040\000W\000i\000t\000n\000e\000s\000s\000\040\000U\000n\000d\000e\000r\000\040\000I\000r\000r\000e\000v\000e\000r\000s\000i\000b\000l\000e\000\040\000E\000v\000e\000n\000t}{chapter.5}% 69
\BOOKMARK [1][-]{section.5.8}{\376\377\000K\000a\000n\000t\000\040\000a\000n\000d\000\040\000T\000i\000m\000e\000\040\000O\000r\000d\000e\000r\000i\000n\000g\000:\000\040\000T\000h\000e\000\040\000C\000o\000n\000d\000i\000t\000i\000o\000n\000\040\000B\000e\000c\000o\000m\000e\000s\000\040\000a\000\040\000R\000o\000u\000t\000e}{chapter.5}% 70
\BOOKMARK [1][-]{section.5.9}{\376\377\000M\000e\000t\000e\000o\000r\000o\000l\000o\000g\000i\000c\000a\000l\000\040\000F\000i\000e\000l\000d\000\040\000S\000t\000a\000t\000i\000o\000n\000s\000:\000\040\000O\000r\000d\000i\000n\000a\000r\000y\000\040\000W\000i\000t\000n\000e\000s\000s\000\040\000A\000c\000r\000o\000s\000s\000\040\000D\000i\000s\000t\000a\000n\000c\000e}{chapter.5}% 71
\BOOKMARK [1][-]{section.5.10}{\376\377\000C\000o\000u\000r\000t\000\040\000T\000e\000s\000t\000i\000m\000o\000n\000y\000:\000\040\000W\000i\000t\000n\000e\000s\000s\000\040\000U\000n\000d\000e\000r\000\040\000R\000u\000l\000e}{chapter.5}% 72
\BOOKMARK [1][-]{section.5.11}{\376\377\000F\000a\000i\000l\000e\000d\000\040\000L\000a\000b\000\040\000T\000r\000a\000n\000s\000p\000o\000r\000t\000:\000\040\000W\000h\000e\000n\000\040\000a\000\040\000R\000e\000s\000u\000l\000t\000\040\000W\000i\000l\000l\000\040\000N\000o\000t\000\040\000T\000r\000a\000v\000e\000l}{chapter.5}% 73
\BOOKMARK [1][-]{section*.11}{\376\377\000C\000l\000o\000s\000e}{chapter.5}% 74
\BOOKMARK [0][-]{chapter.6}{\376\377\000D\000e\000c\000i\000s\000i\000o\000n}{}% 75
\BOOKMARK [1][-]{section*.12}{\376\377\000U\000n\000n\000u\000m\000b\000e\000r\000e\000d\000\040\000E\000s\000s\000a\000y}{chapter.6}% 76
\BOOKMARK [1][-]{section.6.1}{\376\377\000D\000o\000u\000b\000l\000e\000-\000B\000l\000i\000n\000d\000\040\000T\000r\000i\000a\000l\000s\000:\000\040\000P\000r\000o\000t\000o\000c\000o\000l\000\040\000A\000g\000a\000i\000n\000s\000t\000\040\000D\000e\000s\000i\000r\000e}{chapter.6}% 77
\BOOKMARK [1][-]{section.6.2}{\376\377\000S\000t\000a\000n\000d\000a\000r\000d\000\040\000M\000o\000d\000e\000l\000\040\000C\000o\000m\000p\000i\000l\000a\000t\000i\000o\000n}{chapter.6}% 78
\BOOKMARK [1][-]{section.6.3}{\376\377\000C\000o\000s\000m\000o\000l\000o\000g\000i\000c\000a\000l\000\040\000I\000n\000f\000e\000r\000e\000n\000c\000e}{chapter.6}% 79
\BOOKMARK [1][-]{section.6.4}{\376\377\000D\000i\000s\000c\000o\000v\000e\000r\000y\000\040\000T\000h\000r\000e\000s\000h\000o\000l\000d\000s}{chapter.6}% 80
\BOOKMARK [1][-]{section.6.5}{\376\377\000C\000l\000i\000m\000a\000t\000e\000\040\000C\000o\000m\000p\000i\000l\000a\000t\000i\000o\000n}{chapter.6}% 81
\BOOKMARK [1][-]{section.6.6}{\376\377\000F\000o\000r\000m\000a\000l\000\040\000C\000l\000o\000s\000u\000r\000e\000\040\000a\000n\000d\000\040\000L\000i\000c\000e\000n\000s\000e\000d\000\040\000I\000n\000f\000e\000r\000e\000n\000c\000e}{chapter.6}% 82
\BOOKMARK [1][-]{section.6.7}{\376\377\000J\000u\000r\000y\000\040\000V\000e\000r\000d\000i\000c\000t\000:\000\040\000I\000n\000f\000e\000r\000e\000n\000c\000e\000\040\000U\000n\000d\000e\000r\000\040\000I\000n\000s\000t\000r\000u\000c\000t\000i\000o\000n\000s}{chapter.6}% 83
\BOOKMARK [1][-]{section.6.8}{\376\377\000B\000r\000i\000d\000g\000e\000\040\000S\000a\000f\000e\000t\000y\000\040\000I\000n\000f\000e\000r\000e\000n\000c\000e\000:\000\040\000M\000e\000a\000s\000u\000r\000e\000m\000e\000n\000t\000\040\000U\000n\000d\000e\000r\000\040\000L\000o\000a\000d}{chapter.6}% 84
\BOOKMARK [1][-]{section.6.9}{\376\377\000T\000r\000e\000a\000t\000m\000e\000n\000t\000\040\000D\000e\000c\000i\000s\000i\000o\000n\000:\000\040\000E\000v\000i\000d\000e\000n\000c\000e\000\040\000M\000e\000e\000t\000s\000\040\000t\000h\000e\000\040\000P\000a\000t\000i\000e\000n\000t}{chapter.6}% 85
\BOOKMARK [1][-]{section*.13}{\376\377\000C\000l\000o\000s\000e}{chapter.6}% 86
\BOOKMARK [0][-]{chapter*.14}{\376\377\000S\000o\000u\000r\000c\000e\000\040\000R\000e\000g\000i\000s\000t\000r\000y}{}% 87
\BOOKMARK [1][-]{section*.15}{\376\377\000E\000p\000i\000s\000o\000d\000e\000\040\000S\000o\000u\000r\000c\000e\000\040\000R\000e\000q\000u\000i\000r\000e\000m\000e\000n\000t\000s}{chapter*.14}% 88
\BOOKMARK [1][-]{section*.16}{\376\377\000C\000u\000r\000r\000e\000n\000t\000\040\000D\000r\000a\000f\000t\000\040\000S\000t\000a\000t\000u\000s}{chapter*.14}% 89
