This is pdfTeX, Version 3.141592653-2.6-1.40.26 (TeX Live 2024) (preloaded format=pdflatex 2025.2.12)  13 JUL 2026 07:19
entering extended mode
 restricted \write18 enabled.
 %&-line parsing enabled.
**book.tex
(./book.tex
LaTeX2e <2023-11-01> patch level 1
L3 programming layer <2024-02-20>
(/usr/local/texlive/2024/texmf-dist/tex/latex/base/book.cls
Document Class: book 2023/05/17 v1.4n Standard LaTeX document class
(/usr/local/texlive/2024/texmf-dist/tex/latex/base/bk11.clo
File: bk11.clo 2023/05/17 v1.4n Standard LaTeX file (size option)
)
\c@part=\count188
\c@chapter=\count189
\c@section=\count190
\c@subsection=\count191
\c@subsubsection=\count192
\c@paragraph=\count193
\c@subparagraph=\count194
\c@figure=\count195
\c@table=\count196
\abovecaptionskip=\skip48
\belowcaptionskip=\skip49
\bibindent=\dimen140
)
(/usr/local/texlive/2024/texmf-dist/tex/latex/base/inputenc.sty
Package: inputenc 2021/02/14 v1.3d Input encoding file
\inpenc@prehook=\toks17
\inpenc@posthook=\toks18
)
(/usr/local/texlive/2024/texmf-dist/tex/latex/amsmath/amsmath.sty
Package: amsmath 2023/05/13 v2.17o AMS math features
\@mathmargin=\skip50

For additional information on amsmath, use the `?' option.
(/usr/local/texlive/2024/texmf-dist/tex/latex/amsmath/amstext.sty
Package: amstext 2021/08/26 v2.01 AMS text

(/usr/local/texlive/2024/texmf-dist/tex/latex/amsmath/amsgen.sty
File: amsgen.sty 1999/11/30 v2.0 generic functions
\@emptytoks=\toks19
\ex@=\dimen141
))
(/usr/local/texlive/2024/texmf-dist/tex/latex/amsmath/amsbsy.sty
Package: amsbsy 1999/11/29 v1.2d Bold Symbols
\pmbraise@=\dimen142
)
(/usr/local/texlive/2024/texmf-dist/tex/latex/amsmath/amsopn.sty
Package: amsopn 2022/04/08 v2.04 operator names
)
\inf@bad=\count197
LaTeX Info: Redefining \frac on input line 234.
\uproot@=\count198
\leftroot@=\count199
LaTeX Info: Redefining \overline on input line 399.
LaTeX Info: Redefining \colon on input line 410.
\classnum@=\count266
\DOTSCASE@=\count267
LaTeX Info: Redefining \ldots on input line 496.
LaTeX Info: Redefining \dots on input line 499.
LaTeX Info: Redefining \cdots on input line 620.
\Mathstrutbox@=\box51
\strutbox@=\box52
LaTeX Info: Redefining \big on input line 722.
LaTeX Info: Redefining \Big on input line 723.
LaTeX Info: Redefining \bigg on input line 724.
LaTeX Info: Redefining \Bigg on input line 725.
\big@size=\dimen143
LaTeX Font Info:    Redeclaring font encoding OML on input line 743.
LaTeX Font Info:    Redeclaring font encoding OMS on input line 744.
\macc@depth=\count268
LaTeX Info: Redefining \bmod on input line 905.
LaTeX Info: Redefining \pmod on input line 910.
LaTeX Info: Redefining \smash on input line 940.
LaTeX Info: Redefining \relbar on input line 970.
LaTeX Info: Redefining \Relbar on input line 971.
\c@MaxMatrixCols=\count269
\dotsspace@=\muskip16
\c@parentequation=\count270
\dspbrk@lvl=\count271
\tag@help=\toks20
\row@=\count272
\column@=\count273
\maxfields@=\count274
\andhelp@=\toks21
\eqnshift@=\dimen144
\alignsep@=\dimen145
\tagshift@=\dimen146
\tagwidth@=\dimen147
\totwidth@=\dimen148
\lineht@=\dimen149
\@envbody=\toks22
\multlinegap=\skip51
\multlinetaggap=\skip52
\mathdisplay@stack=\toks23
LaTeX Info: Redefining \[ on input line 2953.
LaTeX Info: Redefining \] on input line 2954.
)
(/usr/local/texlive/2024/texmf-dist/tex/latex/amsfonts/amssymb.sty
Package: amssymb 2013/01/14 v3.01 AMS font symbols

(/usr/local/texlive/2024/texmf-dist/tex/latex/amsfonts/amsfonts.sty
Package: amsfonts 2013/01/14 v3.01 Basic AMSFonts support
\symAMSa=\mathgroup4
\symAMSb=\mathgroup5
LaTeX Font Info:    Redeclaring math symbol \hbar on input line 98.
LaTeX Font Info:    Overwriting math alphabet `\mathfrak' in version `bold'
(Font)                  U/euf/m/n --> U/euf/b/n on input line 106.
))
(/usr/local/texlive/2024/texmf-dist/tex/latex/amscls/amsthm.sty
Package: amsthm 2020/05/29 v2.20.6
\thm@style=\toks24
\thm@bodyfont=\toks25
\thm@headfont=\toks26
\thm@notefont=\toks27
\thm@headpunct=\toks28
\thm@preskip=\skip53
\thm@postskip=\skip54
\thm@headsep=\skip55
\dth@everypar=\toks29
)
(/usr/local/texlive/2024/texmf-dist/tex/latex/mathtools/mathtools.sty
Package: mathtools 2024/03/11 v1.30 mathematical typesetting tools

(/usr/local/texlive/2024/texmf-dist/tex/latex/graphics/keyval.sty
Package: keyval 2022/05/29 v1.15 key=value parser (DPC)
\KV@toks@=\toks30
)
(/usr/local/texlive/2024/texmf-dist/tex/latex/tools/calc.sty
Package: calc 2023/07/08 v4.3 Infix arithmetic (KKT,FJ)
\calc@Acount=\count275
\calc@Bcount=\count276
\calc@Adimen=\dimen150
\calc@Bdimen=\dimen151
\calc@Askip=\skip56
\calc@Bskip=\skip57
LaTeX Info: Redefining \setlength on input line 80.
LaTeX Info: Redefining \addtolength on input line 81.
\calc@Ccount=\count277
\calc@Cskip=\skip58
)
(/usr/local/texlive/2024/texmf-dist/tex/latex/mathtools/mhsetup.sty
Package: mhsetup 2021/03/18 v1.4 programming setup (MH)
)
\g_MT_multlinerow_int=\count278
\l_MT_multwidth_dim=\dimen152
\origjot=\skip59
\l_MT_shortvdotswithinadjustabove_dim=\dimen153
\l_MT_shortvdotswithinadjustbelow_dim=\dimen154
\l_MT_above_intertext_sep=\dimen155
\l_MT_below_intertext_sep=\dimen156
\l_MT_above_shortintertext_sep=\dimen157
\l_MT_below_shortintertext_sep=\dimen158
\xmathstrut@box=\box53
\xmathstrut@dim=\dimen159
)
(/usr/local/texlive/2024/texmf-dist/tex/latex/geometry/geometry.sty
Package: geometry 2020/01/02 v5.9 Page Geometry

(/usr/local/texlive/2024/texmf-dist/tex/generic/iftex/ifvtex.sty
Package: ifvtex 2019/10/25 v1.7 ifvtex legacy package. Use iftex instead.

(/usr/local/texlive/2024/texmf-dist/tex/generic/iftex/iftex.sty
Package: iftex 2022/02/03 v1.0f TeX engine tests
))
\Gm@cnth=\count279
\Gm@cntv=\count280
\c@Gm@tempcnt=\count281
\Gm@bindingoffset=\dimen160
\Gm@wd@mp=\dimen161
\Gm@odd@mp=\dimen162
\Gm@even@mp=\dimen163
\Gm@layoutwidth=\dimen164
\Gm@layoutheight=\dimen165
\Gm@layouthoffset=\dimen166
\Gm@layoutvoffset=\dimen167
\Gm@dimlist=\toks31
)
(/usr/local/texlive/2024/texmf-dist/tex/latex/hyperref/hyperref.sty
Package: hyperref 2024-01-20 v7.01h Hypertext links for LaTeX

(/usr/local/texlive/2024/texmf-dist/tex/latex/kvsetkeys/kvsetkeys.sty
Package: kvsetkeys 2022-10-05 v1.19 Key value parser (HO)
)
(/usr/local/texlive/2024/texmf-dist/tex/generic/kvdefinekeys/kvdefinekeys.sty
Package: kvdefinekeys 2019-12-19 v1.6 Define keys (HO)
)
(/usr/local/texlive/2024/texmf-dist/tex/generic/pdfescape/pdfescape.sty
Package: pdfescape 2019/12/09 v1.15 Implements pdfTeX's escape features (HO)

(/usr/local/texlive/2024/texmf-dist/tex/generic/ltxcmds/ltxcmds.sty
Package: ltxcmds 2023-12-04 v1.26 LaTeX kernel commands for general use (HO)
)
(/usr/local/texlive/2024/texmf-dist/tex/generic/pdftexcmds/pdftexcmds.sty
Package: pdftexcmds 2020-06-27 v0.33 Utility functions of pdfTeX for LuaTeX (HO
)

(/usr/local/texlive/2024/texmf-dist/tex/generic/infwarerr/infwarerr.sty
Package: infwarerr 2019/12/03 v1.5 Providing info/warning/error messages (HO)
)
Package pdftexcmds Info: \pdf@primitive is available.
Package pdftexcmds Info: \pdf@ifprimitive is available.
Package pdftexcmds Info: \pdfdraftmode found.
))
(/usr/local/texlive/2024/texmf-dist/tex/latex/hycolor/hycolor.sty
Package: hycolor 2020-01-27 v1.10 Color options for hyperref/bookmark (HO)
)
(/usr/local/texlive/2024/texmf-dist/tex/latex/auxhook/auxhook.sty
Package: auxhook 2019-12-17 v1.6 Hooks for auxiliary files (HO)
)
(/usr/local/texlive/2024/texmf-dist/tex/latex/hyperref/nameref.sty
Package: nameref 2023-11-26 v2.56 Cross-referencing by name of section

(/usr/local/texlive/2024/texmf-dist/tex/latex/refcount/refcount.sty
Package: refcount 2019/12/15 v3.6 Data extraction from label references (HO)
)
(/usr/local/texlive/2024/texmf-dist/tex/generic/gettitlestring/gettitlestring.s
ty
Package: gettitlestring 2019/12/15 v1.6 Cleanup title references (HO)
 (/usr/local/texlive/2024/texmf-dist/tex/latex/kvoptions/kvoptions.sty
Package: kvoptions 2022-06-15 v3.15 Key value format for package options (HO)
))
\c@section@level=\count282
)
(/usr/local/texlive/2024/texmf-dist/tex/latex/etoolbox/etoolbox.sty
Package: etoolbox 2020/10/05 v2.5k e-TeX tools for LaTeX (JAW)
\etb@tempcnta=\count283
)
\@linkdim=\dimen168
\Hy@linkcounter=\count284
\Hy@pagecounter=\count285

(/usr/local/texlive/2024/texmf-dist/tex/latex/hyperref/pd1enc.def
File: pd1enc.def 2024-01-20 v7.01h Hyperref: PDFDocEncoding definition (HO)
Now handling font encoding PD1 ...
... no UTF-8 mapping file for font encoding PD1
)
(/usr/local/texlive/2024/texmf-dist/tex/generic/intcalc/intcalc.sty
Package: intcalc 2019/12/15 v1.3 Expandable calculations with integers (HO)
)
\Hy@SavedSpaceFactor=\count286

(/usr/local/texlive/2024/texmf-dist/tex/latex/hyperref/puenc.def
File: puenc.def 2024-01-20 v7.01h Hyperref: PDF Unicode definition (HO)
Now handling font encoding PU ...
... no UTF-8 mapping file for font encoding PU
)
Package hyperref Info: Hyper figures OFF on input line 4179.
Package hyperref Info: Link nesting OFF on input line 4184.
Package hyperref Info: Hyper index ON on input line 4187.
Package hyperref Info: Plain pages OFF on input line 4194.
Package hyperref Info: Backreferencing OFF on input line 4199.
Package hyperref Info: Implicit mode ON; LaTeX internals redefined.
Package hyperref Info: Bookmarks ON on input line 4446.
\c@Hy@tempcnt=\count287

(/usr/local/texlive/2024/texmf-dist/tex/latex/url/url.sty
\Urlmuskip=\muskip17
Package: url 2013/09/16  ver 3.4  Verb mode for urls, etc.
)
LaTeX Info: Redefining \url on input line 4784.
\XeTeXLinkMargin=\dimen169

(/usr/local/texlive/2024/texmf-dist/tex/generic/bitset/bitset.sty
Package: bitset 2019/12/09 v1.3 Handle bit-vector datatype (HO)

(/usr/local/texlive/2024/texmf-dist/tex/generic/bigintcalc/bigintcalc.sty
Package: bigintcalc 2019/12/15 v1.5 Expandable calculations on big integers (HO
)
))
\Fld@menulength=\count288
\Field@Width=\dimen170
\Fld@charsize=\dimen171
Package hyperref Info: Hyper figures OFF on input line 6063.
Package hyperref Info: Link nesting OFF on input line 6068.
Package hyperref Info: Hyper index ON on input line 6071.
Package hyperref Info: backreferencing OFF on input line 6078.
Package hyperref Info: Link coloring OFF on input line 6083.
Package hyperref Info: Link coloring with OCG OFF on input line 6088.
Package hyperref Info: PDF/A mode OFF on input line 6093.

(/usr/local/texlive/2024/texmf-dist/tex/latex/base/atbegshi-ltx.sty
Package: atbegshi-ltx 2021/01/10 v1.0c Emulation of the original atbegshi
package with kernel methods
)
\Hy@abspage=\count289
\c@Item=\count290
\c@Hfootnote=\count291
)
Package hyperref Info: Driver (autodetected): hpdftex.

(/usr/local/texlive/2024/texmf-dist/tex/latex/hyperref/hpdftex.def
File: hpdftex.def 2024-01-20 v7.01h Hyperref driver for pdfTeX

(/usr/local/texlive/2024/texmf-dist/tex/latex/base/atveryend-ltx.sty
Package: atveryend-ltx 2020/08/19 v1.0a Emulation of the original atveryend pac
kage
with kernel methods
)
\Fld@listcount=\count292
\c@bookmark@seq@number=\count293

(/usr/local/texlive/2024/texmf-dist/tex/latex/rerunfilecheck/rerunfilecheck.sty
Package: rerunfilecheck 2022-07-10 v1.10 Rerun checks for auxiliary files (HO)

(/usr/local/texlive/2024/texmf-dist/tex/generic/uniquecounter/uniquecounter.sty
Package: uniquecounter 2019/12/15 v1.4 Provide unlimited unique counter (HO)
)
Package uniquecounter Info: New unique counter `rerunfilecheck' on input line 2
85.
)
\Hy@SectionHShift=\skip60
) (/usr/local/texlive/2024/texmf-dist/tex/latex/listings/listings.sty
\lst@mode=\count294
\lst@gtempboxa=\box54
\lst@token=\toks32
\lst@length=\count295
\lst@currlwidth=\dimen172
\lst@column=\count296
\lst@pos=\count297
\lst@lostspace=\dimen173
\lst@width=\dimen174
\lst@newlines=\count298
\lst@lineno=\count299
\lst@maxwidth=\dimen175

(/usr/local/texlive/2024/texmf-dist/tex/latex/listings/lstpatch.sty
File: lstpatch.sty 2024/02/21 1.10 (Carsten Heinz)
)
(/usr/local/texlive/2024/texmf-dist/tex/latex/listings/lstmisc.sty
File: lstmisc.sty 2024/02/21 1.10 (Carsten Heinz)
\c@lstnumber=\count300
\lst@skipnumbers=\count301
\lst@framebox=\box55
)
(/usr/local/texlive/2024/texmf-dist/tex/latex/listings/listings.cfg
File: listings.cfg 2024/02/21 1.10 listings configuration
))
Package: listings 2024/02/21 1.10 (Carsten Heinz)

(/usr/local/texlive/2024/texmf-dist/tex/latex/xcolor/xcolor.sty
Package: xcolor 2023/11/15 v3.01 LaTeX color extensions (UK)

(/usr/local/texlive/2024/texmf-dist/tex/latex/graphics-cfg/color.cfg
File: color.cfg 2016/01/02 v1.6 sample color configuration
)
Package xcolor Info: Driver file: pdftex.def on input line 274.

(/usr/local/texlive/2024/texmf-dist/tex/latex/graphics-def/pdftex.def
File: pdftex.def 2022/09/22 v1.2b Graphics/color driver for pdftex
)
(/usr/local/texlive/2024/texmf-dist/tex/latex/graphics/mathcolor.ltx)
Package xcolor Info: Model `cmy' substituted by `cmy0' on input line 1350.
Package xcolor Info: Model `hsb' substituted by `rgb' on input line 1354.
Package xcolor Info: Model `RGB' extended on input line 1366.
Package xcolor Info: Model `HTML' substituted by `rgb' on input line 1368.
Package xcolor Info: Model `Hsb' substituted by `hsb' on input line 1369.
Package xcolor Info: Model `tHsb' substituted by `hsb' on input line 1370.
Package xcolor Info: Model `HSB' substituted by `hsb' on input line 1371.
Package xcolor Info: Model `Gray' substituted by `gray' on input line 1372.
Package xcolor Info: Model `wave' substituted by `hsb' on input line 1373.
)
(/usr/local/texlive/2024/texmf-dist/tex/latex/booktabs/booktabs.sty
Package: booktabs 2020/01/12 v1.61803398 Publication quality tables
\heavyrulewidth=\dimen176
\lightrulewidth=\dimen177
\cmidrulewidth=\dimen178
\belowrulesep=\dimen179
\belowbottomsep=\dimen180
\aboverulesep=\dimen181
\abovetopsep=\dimen182
\cmidrulesep=\dimen183
\cmidrulekern=\dimen184
\defaultaddspace=\dimen185
\@cmidla=\count302
\@cmidlb=\count303
\@aboverulesep=\dimen186
\@belowrulesep=\dimen187
\@thisruleclass=\count304
\@lastruleclass=\count305
\@thisrulewidth=\dimen188
)
Package hyperref Info: Option `colorlinks' set `true' on input line 23.

(/usr/local/texlive/2024/texmf-dist/tex/latex/l3backend/l3backend-pdftex.def
File: l3backend-pdftex.def 2024-02-20 L3 backend support: PDF output (pdfTeX)
\l__color_backend_stack_int=\count306
\l__pdf_internal_box=\box56
)
(./book.aux)
\openout1 = `book.aux'.

LaTeX Font Info:    Checking defaults for OML/cmm/m/it on input line 81.
LaTeX Font Info:    ... okay on input line 81.
LaTeX Font Info:    Checking defaults for OMS/cmsy/m/n on input line 81.
LaTeX Font Info:    ... okay on input line 81.
LaTeX Font Info:    Checking defaults for OT1/cmr/m/n on input line 81.
LaTeX Font Info:    ... okay on input line 81.
LaTeX Font Info:    Checking defaults for T1/cmr/m/n on input line 81.
LaTeX Font Info:    ... okay on input line 81.
LaTeX Font Info:    Checking defaults for TS1/cmr/m/n on input line 81.
LaTeX Font Info:    ... okay on input line 81.
LaTeX Font Info:    Checking defaults for OMX/cmex/m/n on input line 81.
LaTeX Font Info:    ... okay on input line 81.
LaTeX Font Info:    Checking defaults for U/cmr/m/n on input line 81.
LaTeX Font Info:    ... okay on input line 81.
LaTeX Font Info:    Checking defaults for PD1/pdf/m/n on input line 81.
LaTeX Font Info:    ... okay on input line 81.
LaTeX Font Info:    Checking defaults for PU/pdf/m/n on input line 81.
LaTeX Font Info:    ... okay on input line 81.

(/usr/local/texlive/2024/texmf-dist/tex/latex/graphics/graphicx.sty
Package: graphicx 2021/09/16 v1.2d Enhanced LaTeX Graphics (DPC,SPQR)

(/usr/local/texlive/2024/texmf-dist/tex/latex/graphics/graphics.sty
Package: graphics 2022/03/10 v1.4e Standard LaTeX Graphics (DPC,SPQR)

(/usr/local/texlive/2024/texmf-dist/tex/latex/graphics/trig.sty
Package: trig 2021/08/11 v1.11 sin cos tan (DPC)
)
(/usr/local/texlive/2024/texmf-dist/tex/latex/graphics-cfg/graphics.cfg
File: graphics.cfg 2016/06/04 v1.11 sample graphics configuration
)
Package graphics Info: Driver file: pdftex.def on input line 107.
)
\Gin@req@height=\dimen189
\Gin@req@width=\dimen190
)
*geometry* driver: auto-detecting
*geometry* detected driver: pdftex
*geometry* verbose mode - [ preamble ] result:
* driver: pdftex
* paper: a4paper
* layout: <same size as paper>
* layoutoffset:(h,v)=(0.0pt,0.0pt)
* modes: 
* h-part:(L,W,R)=(85.35826pt, 426.79135pt, 85.35826pt)
* v-part:(T,H,B)=(85.35826pt, 674.33032pt, 85.35826pt)
* \paperwidth=597.50787pt
* \paperheight=845.04684pt
* \textwidth=426.79135pt
* \textheight=674.33032pt
* \oddsidemargin=13.08827pt
* \evensidemargin=13.08827pt
* \topmargin=-18.78552pt
* \headheight=12.0pt
* \headsep=19.8738pt
* \topskip=11.0pt
* \footskip=27.46295pt
* \marginparwidth=62.0pt
* \marginparsep=7.0pt
* \columnsep=10.0pt
* \skip\footins=10.0pt plus 4.0pt minus 2.0pt
* \hoffset=0.0pt
* \voffset=0.0pt
* \mag=1000
* \@twocolumnfalse
* \@twosidefalse
* \@mparswitchfalse
* \@reversemarginfalse
* (1in=72.27pt=25.4mm, 1cm=28.453pt)

Package hyperref Info: Link coloring ON on input line 81.
(./book.out) (./book.out)
\@outlinefile=\write3
\openout3 = `book.out'.

\c@lstlisting=\count307

(/usr/local/texlive/2024/texmf-dist/tex/context/base/mkii/supp-pdf.mkii
[Loading MPS to PDF converter (version 2006.09.02).]
\scratchcounter=\count308
\scratchdimen=\dimen191
\scratchbox=\box57
\nofMPsegments=\count309
\nofMParguments=\count310
\everyMPshowfont=\toks33
\MPscratchCnt=\count311
\MPscratchDim=\dimen192
\MPnumerator=\count312
\makeMPintoPDFobject=\count313
\everyMPtoPDFconversion=\toks34
) (/usr/local/texlive/2024/texmf-dist/tex/latex/epstopdf-pkg/epstopdf-base.sty
Package: epstopdf-base 2020-01-24 v2.11 Base part for package epstopdf
Package epstopdf-base Info: Redefining graphics rule for `.eps' on input line 4
85.

(/usr/local/texlive/2024/texmf-dist/tex/latex/latexconfig/epstopdf-sys.cfg
File: epstopdf-sys.cfg 2010/07/13 v1.3 Configuration of (r)epstopdf for TeX Liv
e
))
LaTeX Font Info:    Trying to load font information for U+msa on input line 84.


(/usr/local/texlive/2024/texmf-dist/tex/latex/amsfonts/umsa.fd
File: umsa.fd 2013/01/14 v3.01 AMS symbols A
)
LaTeX Font Info:    Trying to load font information for U+msb on input line 84.


(/usr/local/texlive/2024/texmf-dist/tex/latex/amsfonts/umsb.fd
File: umsb.fd 2013/01/14 v3.01 AMS symbols B
) [1


{/usr/local/texlive/2024/texmf-var/fonts/map/pdftex/updmap/pdftex.map}] (./book
.toc
Overfull \hbox (5.98964pt too wide) in paragraph at lines 19--19
 [] [][][]\OT1/cmr/bx/n/10.95 Grouping G: The Sec-ond Vari-a-tion and Di-men-si
on-less Cou-pling (Episodes 
 []


pdfTeX warning (ext4): destination with the same identifier (name{page.1}) has 
been already used, duplicate ignored
<to be read again> 
                   \relax 
l.33 ...rProcess (Line 239)}{12}{subsection.9.1.4}
                                                  % [1

]
Overfull \hbox (24.72728pt too wide) in paragraph at lines 77--77
 [][] [][][]\OT1/cmr/m/n/10.95 Instance : LE Chaitin-sNum-berSe-quence := \TS1/
cmr/m/n/10.95 <\OT1/cmr/m/n/10.95 Chaitin-sNum-berSe-quence.le\TS1/cmr/m/n/10.9
5 > 
 []

[2{/usr/local/texlive/2024/texmf-dist/fonts/enc/dvips/cm-super/cm-super-ts1.enc
}] [3] [4] [5] [6] [7] [8] [9])
\tf@toc=\write4
\openout4 = `book.toc'.

 [10]
Chapter 1.
Missing character: There is no â in font cmtt10!
Missing character: There is no † in font cmtt10!
Missing character: There is no ’ in font cmtt10!

Overfull \hbox (5.33601pt too wide) in paragraph at lines 93--95
\OT1/cmr/m/n/10.95 to propo-si-tions, and a de-cid-abil-ity wit-ness \OT1/cmtt/
m/n/10.95 dec_distinct : DecidablePred different?\OT1/cmr/m/n/10.95 . 
 []


Overfull \hbox (8.7928pt too wide) in paragraph at lines 96--97
[]\OT1/cmr/m/n/10.95 The key op-er-a-tion is ex-tract-ing the uni-verse level f
rom \OT1/cmtt/m/n/10.95 symbol\OT1/cmr/m/n/10.95 . Be-cause type-distinctness
 []

Missing character: There is no â in font cmtt10!
Missing character: There is no † in font cmtt10!
Missing character: There is no ’ in font cmtt10!
Missing character: There is no â in font cmtt10!
Missing character: There is no † in font cmtt10!
Missing character: There is no ’ in font cmtt10!
[11

]
Chapter 2.
Missing character: There is no â in font cmtt10!
Missing character: There is no † in font cmtt10!
Missing character: There is no ’ in font cmtt10!
Missing character: There is no â in font cmtt10!
Missing character: There is no † in font cmtt10!
Missing character: There is no ’ in font cmtt10!
[12

]
Chapter 3.
[13

]
Chapter 4.
Missing character: There is no â in font cmtt10!
Missing character: There is no † in font cmtt10!
Missing character: There is no ’ in font cmtt10!
Missing character: There is no â in font cmtt10!
Missing character: There is no † in font cmtt10!
Missing character: There is no ’ in font cmtt10!
Missing character: There is no â in font cmtt10!
Missing character: There is no † in font cmtt10!
Missing character: There is no ’ in font cmtt10!
[14

]
Chapter 5.
[15

]
Chapter 6.

Overfull \hbox (4.08954pt too wide) in paragraph at lines 181--183
\OT1/cmr/m/n/10.95 state and re-lease a la-bel: The func-tion \OT1/cmtt/m/n/10.
95 photoelectricThreshold \OT1/cmr/m/n/10.95 maps an in-put \OT1/cmtt/m/n/10.95
 frequency
 []

[16

]
Chapter 7.
[17

]
Chapter 8.
Missing character: There is no â in font cmtt10!
Missing character: There is no † in font cmtt10!
Missing character: There is no ’ in font cmtt10!
Missing character: There is no â in font cmtt10!
Missing character: There is no † in font cmtt10!
Missing character: There is no ’ in font cmtt10!
Missing character: There is no â in font cmtt10!
Missing character: There is no † in font cmtt10!
Missing character: There is no ’ in font cmtt10!
Missing character: There is no â in font cmtt10!
Missing character: There is no † in font cmtt10!
Missing character: There is no ’ in font cmtt10!

Overfull \hbox (9.53432pt too wide) in paragraph at lines 213--215
\OT1/cmr/m/n/10.95 The Clif-ford shadow struc-ture is de-fined in [][]\OT1/cmtt
/m/n/10.95 Episode57.lean[][]\OT1/cmr/m/n/10.95 : The struc-ture \OT1/cmtt/m/n/
10.95 CliffordShadow
 []

[18

] [19]
Chapter 9.
LaTeX Font Info:    Font shape `OT1/cmtt/bx/n' in size <10.95> not available
(Font)              Font shape `OT1/cmtt/m/n' tried instead on input line 259.
[20

] [21]
Overfull \hbox (4.63553pt too wide) in paragraph at lines 369--370
[]$\OMS/cmsy/m/n/10.95 !$ \OT1/cmr/m/n/10.95 con-struc-tor sig-na-ture: \OT1/cm
tt/m/n/10.95 Fact \ensuremath {\to } Number \ensuremath {\to
 []

[22]
Overfull \hbox (10.38422pt too wide) in paragraph at lines 484--485
[]$\OMS/cmsy/m/n/10.95 !$ \OT1/cmr/m/n/10.95 con-struc-tor sig-na-ture: \OT1/cm
tt/m/n/10.95 Fact \ensuremath {\to } Natural \ensuremath {\to
 []

[23]
Overfull \hbox (10.38422pt too wide) in paragraph at lines 598--599
[]$\OMS/cmsy/m/n/10.95 !$ \OT1/cmr/m/n/10.95 con-struc-tor sig-na-ture: \OT1/cm
tt/m/n/10.95 Fact \ensuremath {\to } Rational \ensuremath {\to
 []

[24] [25]
Overfull \hbox (10.38422pt too wide) in paragraph at lines 715--716
[]$\OMS/cmsy/m/n/10.95 !$ \OT1/cmr/m/n/10.95 con-struc-tor sig-na-ture: \OT1/cm
tt/m/n/10.95 Fact \ensuremath {\to } Sequence \ensuremath {\to
 []

[26] [27]
Overfull \hbox (39.12766pt too wide) in paragraph at lines 842--843
[]$\OMS/cmsy/m/n/10.95 !$ \OT1/cmr/m/n/10.95 con-struc-tor sig-na-ture: \OT1/cm
tt/m/n/10.95 Fact \ensuremath {\to } Limit \ensuremath
 []


Overfull \hbox (27.63028pt too wide) in paragraph at lines 843--844
[]$\OMS/cmsy/m/n/10.95 !$ \OT1/cmr/m/n/10.95 con-struc-tor sig-na-ture: \OT1/cm
tt/m/n/10.95 Fact \ensuremath {\to } Limit \ensuremath
 []


Overfull \hbox (25.9866pt too wide) in paragraph at lines 843--844
\OT1/cmtt/m/n/10.95 {\to } Fact \ensuremath {\to } Limit \ensuremath {\to } Sam
ple \ensuremath
 []

[28]
Overfull \hbox (33.37897pt too wide) in paragraph at lines 964--965
[]$\OMS/cmsy/m/n/10.95 !$ \OT1/cmr/m/n/10.95 con-struc-tor sig-na-ture: \OT1/cm
tt/m/n/10.95 Fact \ensuremath {\to } Sample \ensuremath
 []


Overfull \hbox (25.9866pt too wide) in paragraph at lines 964--965
\OT1/cmtt/m/n/10.95 {\to } Fact \ensuremath {\to } Sample \ensuremath {\to } Tr
ial \ensuremath
 []

[29]
Overfull \hbox (92.6606pt too wide) in paragraph at lines 994--995
\OT1/cmr/m/n/10.95 type-class re-la-tion de-scribed by \OT1/cmtt/m/n/10.95 inst
ance : LE Trial := \ensuremath {\langle }Trial.le\ensuremath
 []


Overfull \hbox (92.6606pt too wide) in paragraph at lines 1002--1003
\OT1/cmr/m/n/10.95 type-class re-la-tion de-scribed by \OT1/cmtt/m/n/10.95 inst
ance : LT Trial := \ensuremath {\langle }Trial.lt\ensuremath
 []

[30] [31]
Overfull \hbox (92.6606pt too wide) in paragraph at lines 1123--1124
\OT1/cmr/m/n/10.95 type-class re-la-tion de-scribed by \OT1/cmtt/m/n/10.95 inst
ance : LE Study := \ensuremath {\langle }Study.le\ensuremath
 []

[32]
Overfull \hbox (3.81407pt too wide) in paragraph at lines 1174--1175
[]$\OMS/cmsy/m/n/10.95 !$ \OT1/cmr/m/n/10.95 method sig-na-ture: \OT1/cmtt/m/n/
10.95 ComputationalProcess Value Carrier 
 []


Overfull \hbox (4.63553pt too wide) in paragraph at lines 1207--1208
[]$\OMS/cmsy/m/n/10.95 !$ \OT1/cmr/m/n/10.95 con-struc-tor sig-na-ture: \OT1/cm
tt/m/n/10.95 Fact \ensuremath {\to } Study \ensuremath {\to
 []


Overfull \hbox (4.63553pt too wide) in paragraph at lines 1208--1209
[]$\OMS/cmsy/m/n/10.95 !$ \OT1/cmr/m/n/10.95 con-struc-tor sig-na-ture: \OT1/cm
tt/m/n/10.95 Fact \ensuremath {\to } Study \ensuremath {\to
 []

[33]
Overfull \hbox (6.43028pt too wide) in paragraph at lines 1234--1235
\OT1/cmr/m/n/10.95 type-class re-la-tion de-scribed by \OT1/cmtt/m/n/10.95 inst
ance : LE Computation := \ensuremath {\langle
 []


Overfull \hbox (6.43028pt too wide) in paragraph at lines 1240--1241
\OT1/cmr/m/n/10.95 type-class re-la-tion de-scribed by \OT1/cmtt/m/n/10.95 inst
ance : LT Computation := \ensuremath {\langle
 []

[34]
Overfull \hbox (32.55751pt too wide) in paragraph at lines 1303--1304
[]$\OMS/cmsy/m/n/10.95 !$ \OT1/cmr/m/n/10.95 method sig-na-ture: \OT1/cmtt/m/n/
10.95 \ensuremath {\forall } (\_: Fact) (s: Study),
 []


Overfull \hbox (140.96036pt too wide) in paragraph at lines 1303--1304
\OT1/cmtt/m/n/10.95 \ensuremath {\exists } (\_: Computation), calculation\_proc
ess.computational\_process.closure
 []


Overfull \hbox (12.78932pt too wide) in paragraph at lines 1333--1334
\OT1/cmr/m/n/10.95 This dec-la-ra-tion rep-re-sents a log-i-cal con-struc-tive 
sum type named \OT1/cmtt/m/n/10.95 ChaitinsNumberSequence\OT1/cmr/m/n/10.95 .
 []


Overfull \hbox (10.38422pt too wide) in paragraph at lines 1335--1336
[]$\OMS/cmsy/m/n/10.95 !$ \OT1/cmr/m/n/10.95 con-struc-tor sig-na-ture: \OT1/cm
tt/m/n/10.95 Fact \ensuremath {\to } Computation \ensuremath
 []


Overfull \hbox (27.63028pt too wide) in paragraph at lines 1336--1337
[]$\OMS/cmsy/m/n/10.95 !$ \OT1/cmr/m/n/10.95 con-struc-tor sig-na-ture: \OT1/cm
tt/m/n/10.95 Fact \ensuremath {\to } Computation \ensuremath
 []


Overfull \hbox (48.98135pt too wide) in paragraph at lines 1336--1337
\OT1/cmtt/m/n/10.95 {\to } Option ChaitinsNumberSequence \ensuremath {\to } Cha
itinsNumberSequence 
 []

[35]
Overfull \hbox (17.92766pt too wide) in paragraph at lines 1366--1367
\OT1/cmr/m/n/10.95 type-class re-la-tion de-scribed by \OT1/cmtt/m/n/10.95 inst
ance : LE ChaitinsNumberSequence := \ensuremath
 []

[36]
Overfull \hbox (9.56276pt too wide) in paragraph at lines 1431--1432
[]$\OMS/cmsy/m/n/10.95 !$ \OT1/cmr/m/n/10.95 method sig-na-ture: \OT1/cmtt/m/n/
10.95 \ensuremath {\forall } (f: Fact) (s: Study),
 []

[37]
Overfull \hbox (50.62503pt too wide) in paragraph at lines 1463--1464
[]$\OMS/cmsy/m/n/10.95 !$ \OT1/cmr/m/n/10.95 con-struc-tor sig-na-ture: \OT1/cm
tt/m/n/10.95 Fact \ensuremath {\to } \ensuremath {\alpha } \ensuremath
 []

[38]
Overfull \hbox (61.30095pt too wide) in paragraph at lines 1556--1557
[]$\OMS/cmsy/m/n/10.95 !$ \OT1/cmr/m/n/10.95 method sig-na-ture: \OT1/cmtt/m/n/
10.95 Metavariable d.symbol \ensuremath {\to } Metavariable
 []

[39]
Overfull \hbox (16.1329pt too wide) in paragraph at lines 1589--1590
[]$\OMS/cmsy/m/n/10.95 !$ \OT1/cmr/m/n/10.95 con-struc-tor sig-na-ture: \OT1/cm
tt/m/n/10.95 Fact \ensuremath {\to } ChaitinsNumberSequence
 []


Overfull \hbox (8.74054pt too wide) in paragraph at lines 1589--1590
\OT1/cmtt/m/n/10.95 \ensuremath {\to } Type i \ensuremath {\to } Sophism \ensur
emath {\to }
 []

[40] [41]
Overfull \hbox (81.16322pt too wide) in paragraph at lines 1755--1756
\OT1/cmr/m/n/10.95 type-class re-la-tion de-scribed by \OT1/cmtt/m/n/10.95 inst
ance : LE Area := \ensuremath {\langle }Area.le\ensuremath
 []

[42] [43]
Overfull \hbox (33.37897pt too wide) in paragraph at lines 1858--1859
[]$\OMS/cmsy/m/n/10.95 !$ \OT1/cmr/m/n/10.95 con-struc-tor sig-na-ture: \OT1/cm
tt/m/n/10.95 Fact \ensuremath {\to } Area \ensuremath
 []


Overfull \hbox (8.74054pt too wide) in paragraph at lines 1859--1860
\OT1/cmtt/m/n/10.95 {\to } Area \ensuremath {\to } Phenomenon \ensuremath {\to 
} Phenomenon
 []


Overfull \hbox (0.6816pt too wide) in paragraph at lines 1889--1890
\OT1/cmr/m/n/10.95 type-class re-la-tion de-scribed by \OT1/cmtt/m/n/10.95 inst
ance : LE Phenomenon := \ensuremath {\langle
 []

[44] [45]
Overfull \hbox (10.38422pt too wide) in paragraph at lines 1993--1994
[]$\OMS/cmsy/m/n/10.95 !$ \OT1/cmr/m/n/10.95 con-struc-tor sig-na-ture: \OT1/cm
tt/m/n/10.95 Fact \ensuremath {\to } Jar \ensuremath {\to } Jar 
 []


Overfull \hbox (69.66585pt too wide) in paragraph at lines 2032--2033
\OT1/cmr/m/n/10.95 type-class re-la-tion de-scribed by \OT1/cmtt/m/n/10.95 inst
ance : LE Jar := \ensuremath {\langle }Jar.le\ensuremath
 []

[46] [47]
Overfull \hbox (33.37897pt too wide) in paragraph at lines 2139--2140
[]$\OMS/cmsy/m/n/10.95 !$ \OT1/cmr/m/n/10.95 con-struc-tor sig-na-ture: \OT1/cm
tt/m/n/10.95 Fact \ensuremath {\to } Equivalation \ensuremath
 []

[48]
Overfull \hbox (27.63028pt too wide) in paragraph at lines 2140--2141
[]$\OMS/cmsy/m/n/10.95 !$ \OT1/cmr/m/n/10.95 con-struc-tor sig-na-ture: \OT1/cm
tt/m/n/10.95 Prop \ensuremath {\to } Equivalation \ensuremath
 []


Overfull \hbox (12.17897pt too wide) in paragraph at lines 2170--2171
\OT1/cmr/m/n/10.95 type-class re-la-tion de-scribed by \OT1/cmtt/m/n/10.95 inst
ance : LE Equivalation := \ensuremath {\langle
 []

[49] [50]
Overfull \hbox (31.73529pt too wide) in paragraph at lines 2288--2289
\OT1/cmtt/m/n/10.95 {\to } Equivalation \ensuremath {\to } Encoding \ensuremath
 {\to } Encoding
 []

[51] [52] [53] [54] [55]
Overfull \hbox (16.1329pt too wide) in paragraph at lines 2556--2557
[]$\OMS/cmsy/m/n/10.95 !$ \OT1/cmr/m/n/10.95 con-struc-tor sig-na-ture: \OT1/cm
tt/m/n/10.95 Fact \ensuremath {\to } Area \ensuremath {\to } Area
 []


Overfull \hbox (69.66585pt too wide) in paragraph at lines 2562--2563
\OT1/cmr/m/n/10.95 type-class re-la-tion de-scribed by \OT1/cmtt/m/n/10.95 inst
ance : LE Sum := \ensuremath {\langle }Sum.le\ensuremath
 []


Overfull \hbox (69.66585pt too wide) in paragraph at lines 2568--2569
\OT1/cmr/m/n/10.95 type-class re-la-tion de-scribed by \OT1/cmtt/m/n/10.95 inst
ance : LT Sum := \ensuremath {\langle }Sum.lt\ensuremath
 []

[56] [57]
Overfull \hbox (27.63028pt too wide) in paragraph at lines 2635--2636
[]$\OMS/cmsy/m/n/10.95 !$ \OT1/cmr/m/n/10.95 con-struc-tor sig-na-ture: \OT1/cm
tt/m/n/10.95 Prop \ensuremath {\to } Sum \ensuremath {\to } Product 
 []


Overfull \hbox (4.63553pt too wide) in paragraph at lines 2636--2637
[]$\OMS/cmsy/m/n/10.95 !$ \OT1/cmr/m/n/10.95 con-struc-tor sig-na-ture: \OT1/cm
tt/m/n/10.95 Fact \ensuremath {\to } Sum \ensuremath {\to } Sum
 []

[58]
Overfull \hbox (115.65535pt too wide) in paragraph at lines 2642--2643
\OT1/cmr/m/n/10.95 type-class re-la-tion de-scribed by \OT1/cmtt/m/n/10.95 inst
ance : LE Product := \ensuremath {\langle }Product.le\ensuremath
 []


Overfull \hbox (115.65535pt too wide) in paragraph at lines 2648--2649
\OT1/cmr/m/n/10.95 type-class re-la-tion de-scribed by \OT1/cmtt/m/n/10.95 inst
ance : LT Product := \ensuremath {\langle }Product.lt\ensuremath
 []

[59] [60]
Overfull \hbox (10.38422pt too wide) in paragraph at lines 2717--2718
[]$\OMS/cmsy/m/n/10.95 !$ \OT1/cmr/m/n/10.95 con-struc-tor sig-na-ture: \OT1/cm
tt/m/n/10.95 Prop \ensuremath {\to } Product \ensuremath {\to
 []


Overfull \hbox (4.63553pt too wide) in paragraph at lines 2718--2719
[]$\OMS/cmsy/m/n/10.95 !$ \OT1/cmr/m/n/10.95 con-struc-tor sig-na-ture: \OT1/cm
tt/m/n/10.95 Fact \ensuremath {\to } Product \ensuremath {\to
 []

[61] [62]
Overfull \hbox (10.38422pt too wide) in paragraph at lines 2801--2802
[]$\OMS/cmsy/m/n/10.95 !$ \OT1/cmr/m/n/10.95 con-struc-tor sig-na-ture: \OT1/cm
tt/m/n/10.95 Prop \ensuremath {\to } Basis \ensuremath {\to
 []

[63] [64] [65]
Overfull \hbox (16.1329pt too wide) in paragraph at lines 2882--2883
[]$\OMS/cmsy/m/n/10.95 !$ \OT1/cmr/m/n/10.95 con-struc-tor sig-na-ture: \OT1/cm
tt/m/n/10.95 Prop \ensuremath {\to } Polynomial \ensuremath {\to
 []


Overfull \hbox (27.63028pt too wide) in paragraph at lines 2883--2884
[]$\OMS/cmsy/m/n/10.95 !$ \OT1/cmr/m/n/10.95 con-struc-tor sig-na-ture: \OT1/cm
tt/m/n/10.95 Fact \ensuremath {\to } Polynomial \ensuremath
 []


Overfull \hbox (66.22742pt too wide) in paragraph at lines 2883--2884
\OT1/cmtt/m/n/10.95 {\to } Polynomial \ensuremath {\to } Spline \ensuremath {\t
o } Spline \ensuremath
 []

[66] [67]
Overfull \hbox (4.63553pt too wide) in paragraph at lines 2964--2965
[]$\OMS/cmsy/m/n/10.95 !$ \OT1/cmr/m/n/10.95 con-struc-tor sig-na-ture: \OT1/cm
tt/m/n/10.95 Prop \ensuremath {\to } Spline \ensuremath
 []

[68] [69] [70]
Overfull \hbox (10.38422pt too wide) in paragraph at lines 3041--3042
[]$\OMS/cmsy/m/n/10.95 !$ \OT1/cmr/m/n/10.95 con-struc-tor sig-na-ture: \OT1/cm
tt/m/n/10.95 Prop \ensuremath {\to } Diatribe \ensuremath
 []


Overfull \hbox (4.63553pt too wide) in paragraph at lines 3042--3043
[]$\OMS/cmsy/m/n/10.95 !$ \OT1/cmr/m/n/10.95 con-struc-tor sig-na-ture: \OT1/cm
tt/m/n/10.95 Prop \ensuremath {\to } Diatribe \ensuremath
 []


Overfull \hbox (8.74054pt too wide) in paragraph at lines 3042--3043
\OT1/cmtt/m/n/10.95 {\to } Fact \ensuremath {\to } Cult \ensuremath {\to } Cult
 \ensuremath
 []

[71] [72] [73] [74] [75] [76]
Overfull \hbox (16.1329pt too wide) in paragraph at lines 3260--3261
[]$\OMS/cmsy/m/n/10.95 !$ \OT1/cmr/m/n/10.95 con-struc-tor sig-na-ture: \OT1/cm
tt/m/n/10.95 Prop \ensuremath {\to } Cult \ensuremath {\to
 []

[77] [78] [79] [80] [81]
Overfull \hbox (16.1329pt too wide) in paragraph at lines 3436--3437
[]$\OMS/cmsy/m/n/10.95 !$ \OT1/cmr/m/n/10.95 con-struc-tor sig-na-ture: \OT1/cm
tt/m/n/10.95 Knowledge \ensuremath {\to } Prop \ensuremath {\to
 []

[82] [83] [84] [85] [86]
Overfull \hbox (4.63553pt too wide) in paragraph at lines 3623--3624
[]$\OMS/cmsy/m/n/10.95 !$ \OT1/cmr/m/n/10.95 con-struc-tor sig-na-ture: \OT1/cm
tt/m/n/10.95 Gospel \ensuremath {\to } Prop \ensuremath {\to
 []

[87]
Overfull \hbox (10.38422pt too wide) in paragraph at lines 3624--3625
[]$\OMS/cmsy/m/n/10.95 !$ \OT1/cmr/m/n/10.95 con-struc-tor sig-na-ture: \OT1/cm
tt/m/n/10.95 Gospel \ensuremath {\to } Prop \ensuremath {\to
 []


Overfull \hbox (10.38422pt too wide) in paragraph at lines 3625--3626
[]$\OMS/cmsy/m/n/10.95 !$ \OT1/cmr/m/n/10.95 con-struc-tor sig-na-ture: \OT1/cm
tt/m/n/10.95 Gospel \ensuremath {\to } Prop \ensuremath {\to
 []


Overfull \hbox (8.74054pt too wide) in paragraph at lines 3625--3626
\OT1/cmtt/m/n/10.95 } Prop \ensuremath {\to } Prop \ensuremath {\to } Variation
 \ensuremath
 []

[88] [89] [90]
Overfull \hbox (4.63553pt too wide) in paragraph at lines 3722--3723
[]$\OMS/cmsy/m/n/10.95 !$ \OT1/cmr/m/n/10.95 con-struc-tor sig-na-ture: \OT1/cm
tt/m/n/10.95 Fact \ensuremath {\to } Type i \ensuremath
 []


Overfull \hbox (16.1329pt too wide) in paragraph at lines 3723--3724
[]$\OMS/cmsy/m/n/10.95 !$ \OT1/cmr/m/n/10.95 con-struc-tor sig-na-ture: \OT1/cm
tt/m/n/10.95 Prop \ensuremath {\to } Type (i+1) \ensuremath
 []


Overfull \hbox (16.1329pt too wide) in paragraph at lines 3724--3725
[]$\OMS/cmsy/m/n/10.95 !$ \OT1/cmr/m/n/10.95 con-struc-tor sig-na-ture: \OT1/cm
tt/m/n/10.95 Fact \ensuremath {\to } Type i \ensuremath {\to
 []


Overfull \hbox (66.22742pt too wide) in paragraph at lines 3724--3725
\OT1/cmtt/m/n/10.95 } Prop \ensuremath {\to } Type (i+1) \ensuremath {\to } Spa
ceTimePath \ensuremath
 []


Overfull \hbox (23.09784pt too wide) in paragraph at lines 3734--3735
[]$\OMS/cmsy/m/n/10.95 !$ \OT1/cmr/m/n/10.95 type sig-na-ture: \OT1/cmtt/m/n/10
.95 DISTINGUISHABLE Value Carrier] [a: ADMISSIBLE Value Carrier]
 []


Overfull \hbox (28.84653pt too wide) in paragraph at lines 3735--3736
[]$\OMS/cmsy/m/n/10.95 !$ \OT1/cmr/m/n/10.95 type sig-na-ture: \OT1/cmtt/m/n/10
.95 ENCODED Value Carrier] [r: RESIDUE Value Carrier] [b: BINARY
 []


Overfull \hbox (0.10309pt too wide) in paragraph at lines 3736--3737
[]$\OMS/cmsy/m/n/10.95 !$ \OT1/cmr/m/n/10.95 type sig-na-ture: \OT1/cmtt/m/n/10
.95 REPEATABLE Value Carrier] [n: NUMERIC Value Carrier] [h:
 []


Overfull \hbox (46.09259pt too wide) in paragraph at lines 3737--3738
[]$\OMS/cmsy/m/n/10.95 !$ \OT1/cmr/m/n/10.95 type sig-na-ture: \OT1/cmtt/m/n/10
.95 PHYSICAL Value Carrier] [z: COMPARABLE Value Carrier] [particle:
 []


Overfull \hbox (34.59521pt too wide) in paragraph at lines 3738--3739
[]$\OMS/cmsy/m/n/10.95 !$ \OT1/cmr/m/n/10.95 type sig-na-ture: \OT1/cmtt/m/n/10
.95 PRESENT Value Carrier] [what\_meesa\_saying: MEASURABLE
 []


Overfull \hbox (0.10309pt too wide) in paragraph at lines 3739--3740
[]$\OMS/cmsy/m/n/10.95 !$ \OT1/cmr/m/n/10.95 type sig-na-ture: \OT1/cmtt/m/n/10
.95 SOURCE Value Carrier] [result: EXECUTED Value Carrier]
 []


Overfull \hbox (23.09784pt too wide) in paragraph at lines 3740--3741
[]$\OMS/cmsy/m/n/10.95 !$ \OT1/cmr/m/n/10.95 type sig-na-ture: \OT1/cmtt/m/n/10
.95 MAGNITUDE Value Carrier] [scaled: SCALED Value Carrier]
 []


Overfull \hbox (17.34915pt too wide) in paragraph at lines 3741--3742
[]$\OMS/cmsy/m/n/10.95 !$ \OT1/cmr/m/n/10.95 type sig-na-ture: \OT1/cmtt/m/n/10
.95 FINITE\_ELEPHANT Value Carrier] [model: BULLSHIT Value
 []


Overfull \hbox (11.60046pt too wide) in paragraph at lines 3742--3743
[]$\OMS/cmsy/m/n/10.95 !$ \OT1/cmr/m/n/10.95 type sig-na-ture: \OT1/cmtt/m/n/10
.95 ACOLYTE Value Carrier] [ideology: SCIENTIFIC Value
 []


Overfull \hbox (5.85178pt too wide) in paragraph at lines 3743--3744
[]$\OMS/cmsy/m/n/10.95 !$ \OT1/cmr/m/n/10.95 type sig-na-ture: \OT1/cmtt/m/n/10
.95 WITNESSED Value Carrier] [real: REAL Value Carrier] 
 []

[91]
Overfull \hbox (38.3062pt too wide) in paragraph at lines 3758--3759
[]$\OMS/cmsy/m/n/10.95 !$ \OT1/cmr/m/n/10.95 method sig-na-ture: \OT1/cmtt/m/n/
10.95 DISTINGUISHABLE Value Carrier] [a: ADMISSIBLE Value Carrier]
 []


Overfull \hbox (49.80357pt too wide) in paragraph at lines 3762--3763
[]$\OMS/cmsy/m/n/10.95 !$ \OT1/cmr/m/n/10.95 method sig-na-ture: \OT1/cmtt/m/n/
10.95 PRESENT Value Carrier] [what\_meesa\_saying: MEASURABLE
 []


Overfull \hbox (15.31145pt too wide) in paragraph at lines 3763--3764
[]$\OMS/cmsy/m/n/10.95 !$ \OT1/cmr/m/n/10.95 method sig-na-ture: \OT1/cmtt/m/n/
10.95 SOURCE Value Carrier] [result: EXECUTED Value Carrier]
 []


Overfull \hbox (38.3062pt too wide) in paragraph at lines 3764--3765
[]$\OMS/cmsy/m/n/10.95 !$ \OT1/cmr/m/n/10.95 method sig-na-ture: \OT1/cmtt/m/n/
10.95 MAGNITUDE Value Carrier] [scaled: SCALED Value Carrier]
 []


Overfull \hbox (21.06013pt too wide) in paragraph at lines 3767--3768
[]$\OMS/cmsy/m/n/10.95 !$ \OT1/cmr/m/n/10.95 method sig-na-ture: \OT1/cmtt/m/n/
10.95 WITNESSED Value Carrier] [real: REAL Value Carrier] 
 []

[92]
Overfull \hbox (16.1329pt too wide) in paragraph at lines 3784--3785
[]$\OMS/cmsy/m/n/10.95 !$ \OT1/cmr/m/n/10.95 con-struc-tor sig-na-ture: \OT1/cm
tt/m/n/10.95 Fact \ensuremath {\to } SpaceTimePath \ensuremath
 []


Overfull \hbox (16.1329pt too wide) in paragraph at lines 3785--3786
[]$\OMS/cmsy/m/n/10.95 !$ \OT1/cmr/m/n/10.95 con-struc-tor sig-na-ture: \OT1/cm
tt/m/n/10.95 Fact \ensuremath {\to } SpaceTimePath \ensuremath
 []


Overfull \hbox (60.47873pt too wide) in paragraph at lines 3785--3786
\OT1/cmtt/m/n/10.95 {\to } SpaceTimePath \ensuremath {\to } Prop \ensuremath {\
to } Prop \ensuremath
 []


Overfull \hbox (66.22742pt too wide) in paragraph at lines 3786--3787
\OT1/cmtt/m/n/10.95 } SpaceTimePath \ensuremath {\to } SpaceTimePath \ensuremat
h {\to } SpaceTimePath
 []


Overfull \hbox (8.74054pt too wide) in paragraph at lines 3786--3787
\OT1/cmtt/m/n/10.95 \ensuremath {\to } Prop \ensuremath {\to } Prop \ensuremath
 {\to } Prop
 []


Overfull \hbox (8.74054pt too wide) in paragraph at lines 3786--3787
\OT1/cmtt/m/n/10.95 \ensuremath {\to } YarnTheory \ensuremath {\to } YarnTheory
 \ensuremath
 []


Overfull \hbox (23.09784pt too wide) in paragraph at lines 3796--3797
[]$\OMS/cmsy/m/n/10.95 !$ \OT1/cmr/m/n/10.95 type sig-na-ture: \OT1/cmtt/m/n/10
.95 DISTINGUISHABLE Value Carrier] [a: ADMISSIBLE Value Carrier]
 []


Overfull \hbox (28.84653pt too wide) in paragraph at lines 3797--3798
[]$\OMS/cmsy/m/n/10.95 !$ \OT1/cmr/m/n/10.95 type sig-na-ture: \OT1/cmtt/m/n/10
.95 ENCODED Value Carrier] [r: RESIDUE Value Carrier] [b: BINARY
 []


Overfull \hbox (0.10309pt too wide) in paragraph at lines 3798--3799
[]$\OMS/cmsy/m/n/10.95 !$ \OT1/cmr/m/n/10.95 type sig-na-ture: \OT1/cmtt/m/n/10
.95 REPEATABLE Value Carrier] [n: NUMERIC Value Carrier] [h:
 []


Overfull \hbox (46.09259pt too wide) in paragraph at lines 3799--3800
[]$\OMS/cmsy/m/n/10.95 !$ \OT1/cmr/m/n/10.95 type sig-na-ture: \OT1/cmtt/m/n/10
.95 PHYSICAL Value Carrier] [z: COMPARABLE Value Carrier] [particle:
 []


Overfull \hbox (34.59521pt too wide) in paragraph at lines 3800--3801
[]$\OMS/cmsy/m/n/10.95 !$ \OT1/cmr/m/n/10.95 type sig-na-ture: \OT1/cmtt/m/n/10
.95 PRESENT Value Carrier] [what\_meesa\_saying: MEASURABLE
 []


Overfull \hbox (0.10309pt too wide) in paragraph at lines 3801--3802
[]$\OMS/cmsy/m/n/10.95 !$ \OT1/cmr/m/n/10.95 type sig-na-ture: \OT1/cmtt/m/n/10
.95 SOURCE Value Carrier] [result: EXECUTED Value Carrier]
 []

[93]
Overfull \hbox (23.09784pt too wide) in paragraph at lines 3802--3803
[]$\OMS/cmsy/m/n/10.95 !$ \OT1/cmr/m/n/10.95 type sig-na-ture: \OT1/cmtt/m/n/10
.95 MAGNITUDE Value Carrier] [scaled: SCALED Value Carrier]
 []


Overfull \hbox (17.34915pt too wide) in paragraph at lines 3803--3804
[]$\OMS/cmsy/m/n/10.95 !$ \OT1/cmr/m/n/10.95 type sig-na-ture: \OT1/cmtt/m/n/10
.95 FINITE\_ELEPHANT Value Carrier] [model: BULLSHIT Value
 []


Overfull \hbox (11.60046pt too wide) in paragraph at lines 3804--3805
[]$\OMS/cmsy/m/n/10.95 !$ \OT1/cmr/m/n/10.95 type sig-na-ture: \OT1/cmtt/m/n/10
.95 ACOLYTE Value Carrier] [ideology: SCIENTIFIC Value
 []


Overfull \hbox (5.85178pt too wide) in paragraph at lines 3805--3806
[]$\OMS/cmsy/m/n/10.95 !$ \OT1/cmr/m/n/10.95 type sig-na-ture: \OT1/cmtt/m/n/10
.95 WITNESSED Value Carrier] [real: REAL Value Carrier] 
 []


Overfull \hbox (38.3062pt too wide) in paragraph at lines 3821--3822
[]$\OMS/cmsy/m/n/10.95 !$ \OT1/cmr/m/n/10.95 method sig-na-ture: \OT1/cmtt/m/n/
10.95 DISTINGUISHABLE Value Carrier] [a: ADMISSIBLE Value Carrier]
 []


Overfull \hbox (49.80357pt too wide) in paragraph at lines 3825--3826
[]$\OMS/cmsy/m/n/10.95 !$ \OT1/cmr/m/n/10.95 method sig-na-ture: \OT1/cmtt/m/n/
10.95 PRESENT Value Carrier] [what\_meesa\_saying: MEASURABLE
 []


Overfull \hbox (15.31145pt too wide) in paragraph at lines 3826--3827
[]$\OMS/cmsy/m/n/10.95 !$ \OT1/cmr/m/n/10.95 method sig-na-ture: \OT1/cmtt/m/n/
10.95 SOURCE Value Carrier] [result: EXECUTED Value Carrier]
 []


Overfull \hbox (38.3062pt too wide) in paragraph at lines 3827--3828
[]$\OMS/cmsy/m/n/10.95 !$ \OT1/cmr/m/n/10.95 method sig-na-ture: \OT1/cmtt/m/n/
10.95 MAGNITUDE Value Carrier] [scaled: SCALED Value Carrier]
 []

[94]
Overfull \hbox (21.06013pt too wide) in paragraph at lines 3830--3831
[]$\OMS/cmsy/m/n/10.95 !$ \OT1/cmr/m/n/10.95 method sig-na-ture: \OT1/cmtt/m/n/
10.95 WITNESSED Value Carrier] [real: REAL Value Carrier]
 []


Overfull \hbox (23.09784pt too wide) in paragraph at lines 3849--3850
[]$\OMS/cmsy/m/n/10.95 !$ \OT1/cmr/m/n/10.95 type sig-na-ture: \OT1/cmtt/m/n/10
.95 DISTINGUISHABLE Value Carrier] [a: ADMISSIBLE Value Carrier]
 []


Overfull \hbox (28.84653pt too wide) in paragraph at lines 3850--3851
[]$\OMS/cmsy/m/n/10.95 !$ \OT1/cmr/m/n/10.95 type sig-na-ture: \OT1/cmtt/m/n/10
.95 ENCODED Value Carrier] [r: RESIDUE Value Carrier] [b: BINARY
 []


Overfull \hbox (0.10309pt too wide) in paragraph at lines 3851--3852
[]$\OMS/cmsy/m/n/10.95 !$ \OT1/cmr/m/n/10.95 type sig-na-ture: \OT1/cmtt/m/n/10
.95 REPEATABLE Value Carrier] [n: NUMERIC Value Carrier] [h:
 []


Overfull \hbox (46.09259pt too wide) in paragraph at lines 3852--3853
[]$\OMS/cmsy/m/n/10.95 !$ \OT1/cmr/m/n/10.95 type sig-na-ture: \OT1/cmtt/m/n/10
.95 PHYSICAL Value Carrier] [z: COMPARABLE Value Carrier] [particle:
 []


Overfull \hbox (34.59521pt too wide) in paragraph at lines 3853--3854
[]$\OMS/cmsy/m/n/10.95 !$ \OT1/cmr/m/n/10.95 type sig-na-ture: \OT1/cmtt/m/n/10
.95 PRESENT Value Carrier] [what\_meesa\_saying: MEASURABLE
 []


Overfull \hbox (0.10309pt too wide) in paragraph at lines 3854--3855
[]$\OMS/cmsy/m/n/10.95 !$ \OT1/cmr/m/n/10.95 type sig-na-ture: \OT1/cmtt/m/n/10
.95 SOURCE Value Carrier] [result: EXECUTED Value Carrier]
 []


Overfull \hbox (23.09784pt too wide) in paragraph at lines 3855--3856
[]$\OMS/cmsy/m/n/10.95 !$ \OT1/cmr/m/n/10.95 type sig-na-ture: \OT1/cmtt/m/n/10
.95 MAGNITUDE Value Carrier] [scaled: SCALED Value Carrier]
 []

[95]
Overfull \hbox (17.34915pt too wide) in paragraph at lines 3856--3857
[]$\OMS/cmsy/m/n/10.95 !$ \OT1/cmr/m/n/10.95 type sig-na-ture: \OT1/cmtt/m/n/10
.95 FINITE\_ELEPHANT Value Carrier] [model: BULLSHIT Value
 []


Overfull \hbox (11.60046pt too wide) in paragraph at lines 3857--3858
[]$\OMS/cmsy/m/n/10.95 !$ \OT1/cmr/m/n/10.95 type sig-na-ture: \OT1/cmtt/m/n/10
.95 ACOLYTE Value Carrier] [ideology: SCIENTIFIC Value
 []


Overfull \hbox (5.85178pt too wide) in paragraph at lines 3858--3859
[]$\OMS/cmsy/m/n/10.95 !$ \OT1/cmr/m/n/10.95 type sig-na-ture: \OT1/cmtt/m/n/10
.95 WITNESSED Value Carrier] [real: REAL Value Carrier]
 []


Overfull \hbox (38.3062pt too wide) in paragraph at lines 3873--3874
[]$\OMS/cmsy/m/n/10.95 !$ \OT1/cmr/m/n/10.95 method sig-na-ture: \OT1/cmtt/m/n/
10.95 DISTINGUISHABLE Value Carrier] [a: ADMISSIBLE Value Carrier]
 []


Overfull \hbox (49.80357pt too wide) in paragraph at lines 3877--3878
[]$\OMS/cmsy/m/n/10.95 !$ \OT1/cmr/m/n/10.95 method sig-na-ture: \OT1/cmtt/m/n/
10.95 PRESENT Value Carrier] [what\_meesa\_saying: MEASURABLE
 []


Overfull \hbox (15.31145pt too wide) in paragraph at lines 3878--3879
[]$\OMS/cmsy/m/n/10.95 !$ \OT1/cmr/m/n/10.95 method sig-na-ture: \OT1/cmtt/m/n/
10.95 SOURCE Value Carrier] [result: EXECUTED Value Carrier]
 []


Overfull \hbox (38.3062pt too wide) in paragraph at lines 3879--3880
[]$\OMS/cmsy/m/n/10.95 !$ \OT1/cmr/m/n/10.95 method sig-na-ture: \OT1/cmtt/m/n/
10.95 MAGNITUDE Value Carrier] [scaled: SCALED Value Carrier]
 []

[96]
Overfull \hbox (21.06013pt too wide) in paragraph at lines 3882--3883
[]$\OMS/cmsy/m/n/10.95 !$ \OT1/cmr/m/n/10.95 method sig-na-ture: \OT1/cmtt/m/n/
10.95 WITNESSED Value Carrier] [real: REAL Value Carrier]
 []


Overfull \hbox (4.63553pt too wide) in paragraph at lines 3899--3900
[]$\OMS/cmsy/m/n/10.95 !$ \OT1/cmr/m/n/10.95 con-struc-tor sig-na-ture: \OT1/cm
tt/m/n/10.95 Fact \ensuremath {\to } Number \ensuremath {\to
 []


Overfull \hbox (16.1329pt too wide) in paragraph at lines 3900--3901
[]$\OMS/cmsy/m/n/10.95 !$ \OT1/cmr/m/n/10.95 con-struc-tor sig-na-ture: \OT1/cm
tt/m/n/10.95 Fact \ensuremath {\to } Number \ensuremath {\to
 []


Overfull \hbox (37.48398pt too wide) in paragraph at lines 3900--3901
\OT1/cmtt/m/n/10.95 } Number \ensuremath {\to } Type i \ensuremath {\to } Type 
(i+1) \ensuremath
 []


Overfull \hbox (14.48923pt too wide) in paragraph at lines 3901--3902
\OT1/cmtt/m/n/10.95 } Number \ensuremath {\to } Number \ensuremath {\to } Type 
i \ensuremath
 []


Overfull \hbox (25.9866pt too wide) in paragraph at lines 3901--3902
\OT1/cmtt/m/n/10.95 {\to } Type (i+1) \ensuremath {\to } Type i \ensuremath {\t
o } Measurement
 []

[97]
Overfull \hbox (23.09784pt too wide) in paragraph at lines 3917--3918
[]$\OMS/cmsy/m/n/10.95 !$ \OT1/cmr/m/n/10.95 type sig-na-ture: \OT1/cmtt/m/n/10
.95 DISTINGUISHABLE Value Carrier] [a: ADMISSIBLE Value Carrier]
 []


Overfull \hbox (28.84653pt too wide) in paragraph at lines 3918--3919
[]$\OMS/cmsy/m/n/10.95 !$ \OT1/cmr/m/n/10.95 type sig-na-ture: \OT1/cmtt/m/n/10
.95 ENCODED Value Carrier] [r: RESIDUE Value Carrier] [b: BINARY
 []


Overfull \hbox (0.10309pt too wide) in paragraph at lines 3919--3920
[]$\OMS/cmsy/m/n/10.95 !$ \OT1/cmr/m/n/10.95 type sig-na-ture: \OT1/cmtt/m/n/10
.95 REPEATABLE Value Carrier] [n: NUMERIC Value Carrier] [h:
 []


Overfull \hbox (46.09259pt too wide) in paragraph at lines 3920--3921
[]$\OMS/cmsy/m/n/10.95 !$ \OT1/cmr/m/n/10.95 type sig-na-ture: \OT1/cmtt/m/n/10
.95 PHYSICAL Value Carrier] [z: COMPARABLE Value Carrier] [particle:
 []


Overfull \hbox (34.59521pt too wide) in paragraph at lines 3921--3922
[]$\OMS/cmsy/m/n/10.95 !$ \OT1/cmr/m/n/10.95 type sig-na-ture: \OT1/cmtt/m/n/10
.95 PRESENT Value Carrier] [what\_meesa\_saying: MEASURABLE
 []


Overfull \hbox (0.10309pt too wide) in paragraph at lines 3922--3923
[]$\OMS/cmsy/m/n/10.95 !$ \OT1/cmr/m/n/10.95 type sig-na-ture: \OT1/cmtt/m/n/10
.95 SOURCE Value Carrier] [result: EXECUTED Value Carrier]
 []


Overfull \hbox (23.09784pt too wide) in paragraph at lines 3923--3924
[]$\OMS/cmsy/m/n/10.95 !$ \OT1/cmr/m/n/10.95 type sig-na-ture: \OT1/cmtt/m/n/10
.95 MAGNITUDE Value Carrier] [scaled: SCALED Value Carrier]
 []


Overfull \hbox (17.34915pt too wide) in paragraph at lines 3924--3925
[]$\OMS/cmsy/m/n/10.95 !$ \OT1/cmr/m/n/10.95 type sig-na-ture: \OT1/cmtt/m/n/10
.95 FINITE\_ELEPHANT Value Carrier] [model: BULLSHIT Value
 []


Overfull \hbox (11.60046pt too wide) in paragraph at lines 3925--3926
[]$\OMS/cmsy/m/n/10.95 !$ \OT1/cmr/m/n/10.95 type sig-na-ture: \OT1/cmtt/m/n/10
.95 ACOLYTE Value Carrier] [ideology: SCIENTIFIC Value
 []


Overfull \hbox (5.85178pt too wide) in paragraph at lines 3926--3927
[]$\OMS/cmsy/m/n/10.95 !$ \OT1/cmr/m/n/10.95 type sig-na-ture: \OT1/cmtt/m/n/10
.95 WITNESSED Value Carrier] [real: REAL Value Carrier]
 []

[98]
Overfull \hbox (38.3062pt too wide) in paragraph at lines 3942--3943
[]$\OMS/cmsy/m/n/10.95 !$ \OT1/cmr/m/n/10.95 method sig-na-ture: \OT1/cmtt/m/n/
10.95 DISTINGUISHABLE Value Carrier] [a: ADMISSIBLE Value Carrier]
 []


Overfull \hbox (49.80357pt too wide) in paragraph at lines 3946--3947
[]$\OMS/cmsy/m/n/10.95 !$ \OT1/cmr/m/n/10.95 method sig-na-ture: \OT1/cmtt/m/n/
10.95 PRESENT Value Carrier] [what\_meesa\_saying: MEASURABLE
 []


Overfull \hbox (15.31145pt too wide) in paragraph at lines 3947--3948
[]$\OMS/cmsy/m/n/10.95 !$ \OT1/cmr/m/n/10.95 method sig-na-ture: \OT1/cmtt/m/n/
10.95 SOURCE Value Carrier] [result: EXECUTED Value Carrier]
 []


Overfull \hbox (38.3062pt too wide) in paragraph at lines 3948--3949
[]$\OMS/cmsy/m/n/10.95 !$ \OT1/cmr/m/n/10.95 method sig-na-ture: \OT1/cmtt/m/n/
10.95 MAGNITUDE Value Carrier] [scaled: SCALED Value Carrier]
 []


Overfull \hbox (21.06013pt too wide) in paragraph at lines 3951--3952
[]$\OMS/cmsy/m/n/10.95 !$ \OT1/cmr/m/n/10.95 method sig-na-ture: \OT1/cmtt/m/n/
10.95 WITNESSED Value Carrier] [real: REAL Value Carrier]
 []


Overfull \hbox (60.47873pt too wide) in paragraph at lines 3964--3965
\OT1/cmtt/m/n/10.95 Type i \ensuremath {\to } Type (i+1) \ensuremath {\to } Com
pilerTape \ensuremath
 []

[99]
Overfull \hbox (25.9866pt too wide) in paragraph at lines 3965--3966
\OT1/cmtt/m/n/10.95 } Prop \ensuremath {\to } Type i \ensuremath {\to } Type (i
+1) \ensuremath
 []


Overfull \hbox (66.22742pt too wide) in paragraph at lines 3965--3966
\OT1/cmtt/m/n/10.95 {\to } Type (i+1) \ensuremath {\to } CompilerTape \ensurema
th {\to } CompilerTape 
 []


Overfull \hbox (23.09784pt too wide) in paragraph at lines 3987--3988
[]$\OMS/cmsy/m/n/10.95 !$ \OT1/cmr/m/n/10.95 type sig-na-ture: \OT1/cmtt/m/n/10
.95 DISTINGUISHABLE Value Carrier] [a: ADMISSIBLE Value Carrier]
 []


Overfull \hbox (28.84653pt too wide) in paragraph at lines 3988--3989
[]$\OMS/cmsy/m/n/10.95 !$ \OT1/cmr/m/n/10.95 type sig-na-ture: \OT1/cmtt/m/n/10
.95 ENCODED Value Carrier] [r: RESIDUE Value Carrier] [b: BINARY
 []


Overfull \hbox (0.10309pt too wide) in paragraph at lines 3989--3990
[]$\OMS/cmsy/m/n/10.95 !$ \OT1/cmr/m/n/10.95 type sig-na-ture: \OT1/cmtt/m/n/10
.95 REPEATABLE Value Carrier] [n: NUMERIC Value Carrier] [h:
 []


Overfull \hbox (46.09259pt too wide) in paragraph at lines 3990--3991
[]$\OMS/cmsy/m/n/10.95 !$ \OT1/cmr/m/n/10.95 type sig-na-ture: \OT1/cmtt/m/n/10
.95 PHYSICAL Value Carrier] [z: COMPARABLE Value Carrier] [particle:
 []


Overfull \hbox (34.59521pt too wide) in paragraph at lines 3991--3992
[]$\OMS/cmsy/m/n/10.95 !$ \OT1/cmr/m/n/10.95 type sig-na-ture: \OT1/cmtt/m/n/10
.95 PRESENT Value Carrier] [what\_meesa\_saying: MEASURABLE
 []


Overfull \hbox (0.10309pt too wide) in paragraph at lines 3992--3993
[]$\OMS/cmsy/m/n/10.95 !$ \OT1/cmr/m/n/10.95 type sig-na-ture: \OT1/cmtt/m/n/10
.95 SOURCE Value Carrier] [result: EXECUTED Value Carrier]
 []


Overfull \hbox (23.09784pt too wide) in paragraph at lines 3993--3994
[]$\OMS/cmsy/m/n/10.95 !$ \OT1/cmr/m/n/10.95 type sig-na-ture: \OT1/cmtt/m/n/10
.95 MAGNITUDE Value Carrier] [scaled: SCALED Value Carrier]
 []


Overfull \hbox (17.34915pt too wide) in paragraph at lines 3994--3995
[]$\OMS/cmsy/m/n/10.95 !$ \OT1/cmr/m/n/10.95 type sig-na-ture: \OT1/cmtt/m/n/10
.95 FINITE\_ELEPHANT Value Carrier] [model: BULLSHIT Value
 []


Overfull \hbox (11.60046pt too wide) in paragraph at lines 3995--3996
[]$\OMS/cmsy/m/n/10.95 !$ \OT1/cmr/m/n/10.95 type sig-na-ture: \OT1/cmtt/m/n/10
.95 ACOLYTE Value Carrier] [ideology: SCIENTIFIC Value
 []

[100]
Overfull \hbox (5.85178pt too wide) in paragraph at lines 3996--3997
[]$\OMS/cmsy/m/n/10.95 !$ \OT1/cmr/m/n/10.95 type sig-na-ture: \OT1/cmtt/m/n/10
.95 WITNESSED Value Carrier] [real: REAL Value Carrier]
 []


Overfull \hbox (23.09784pt too wide) in paragraph at lines 3997--3998
[]$\OMS/cmsy/m/n/10.95 !$ \OT1/cmr/m/n/10.95 type sig-na-ture: \OT1/cmtt/m/n/10
.95 LOGICAL Value Carrier] [executable: HALTED Value Carrier]
 []


Overfull \hbox (38.3062pt too wide) in paragraph at lines 4009--4010
[]$\OMS/cmsy/m/n/10.95 !$ \OT1/cmr/m/n/10.95 method sig-na-ture: \OT1/cmtt/m/n/
10.95 DISTINGUISHABLE Value Carrier] [a: ADMISSIBLE Value Carrier]
 []


Overfull \hbox (49.80357pt too wide) in paragraph at lines 4013--4014
[]$\OMS/cmsy/m/n/10.95 !$ \OT1/cmr/m/n/10.95 method sig-na-ture: \OT1/cmtt/m/n/
10.95 PRESENT Value Carrier] [what\_meesa\_saying: MEASURABLE
 []


Overfull \hbox (15.31145pt too wide) in paragraph at lines 4014--4015
[]$\OMS/cmsy/m/n/10.95 !$ \OT1/cmr/m/n/10.95 method sig-na-ture: \OT1/cmtt/m/n/
10.95 SOURCE Value Carrier] [result: EXECUTED Value Carrier]
 []


Overfull \hbox (38.3062pt too wide) in paragraph at lines 4015--4016
[]$\OMS/cmsy/m/n/10.95 !$ \OT1/cmr/m/n/10.95 method sig-na-ture: \OT1/cmtt/m/n/
10.95 MAGNITUDE Value Carrier] [scaled: SCALED Value Carrier]
 []


Overfull \hbox (21.06013pt too wide) in paragraph at lines 4018--4019
[]$\OMS/cmsy/m/n/10.95 !$ \OT1/cmr/m/n/10.95 method sig-na-ture: \OT1/cmtt/m/n/
10.95 WITNESSED Value Carrier] [real: REAL Value Carrier]
 []


Overfull \hbox (2.99185pt too wide) in paragraph at lines 4018--4019
\OT1/cmtt/m/n/10.95 [epsilon: LOCAL Value Carrier real] [delta: UNIVERSAL Value
 Carrier] 
 []


Overfull \hbox (38.3062pt too wide) in paragraph at lines 4019--4020
[]$\OMS/cmsy/m/n/10.95 !$ \OT1/cmr/m/n/10.95 method sig-na-ture: \OT1/cmtt/m/n/
10.95 LOGICAL Value Carrier] [executable: HALTED Value Carrier]
 []

[101]
Overfull \hbox (14.48923pt too wide) in paragraph at lines 4037--4038
\OT1/cmtt/m/n/10.95 CompilerTape \ensuremath {\to } CompilerTape \ensuremath {\
to } Bullshit
 []


Overfull \hbox (20.23792pt too wide) in paragraph at lines 4038--4039
\OT1/cmtt/m/n/10.95 Prop \ensuremath {\to } Number \ensuremath {\to } Number \e
nsuremath {\to
 []


Overfull \hbox (14.48923pt too wide) in paragraph at lines 4038--4039
\OT1/cmtt/m/n/10.95 } Number \ensuremath {\to } CompilerTape \ensuremath {\to }
 CompilerTape
 []

[102]
Overfull \hbox (23.09784pt too wide) in paragraph at lines 4060--4061
[]$\OMS/cmsy/m/n/10.95 !$ \OT1/cmr/m/n/10.95 type sig-na-ture: \OT1/cmtt/m/n/10
.95 DISTINGUISHABLE Value Carrier] [a: ADMISSIBLE Value Carrier]
 []


Overfull \hbox (28.84653pt too wide) in paragraph at lines 4061--4062
[]$\OMS/cmsy/m/n/10.95 !$ \OT1/cmr/m/n/10.95 type sig-na-ture: \OT1/cmtt/m/n/10
.95 ENCODED Value Carrier] [r: RESIDUE Value Carrier] [b: BINARY
 []


Overfull \hbox (0.10309pt too wide) in paragraph at lines 4062--4063
[]$\OMS/cmsy/m/n/10.95 !$ \OT1/cmr/m/n/10.95 type sig-na-ture: \OT1/cmtt/m/n/10
.95 REPEATABLE Value Carrier] [n: NUMERIC Value Carrier] [h:
 []


Overfull \hbox (46.09259pt too wide) in paragraph at lines 4063--4064
[]$\OMS/cmsy/m/n/10.95 !$ \OT1/cmr/m/n/10.95 type sig-na-ture: \OT1/cmtt/m/n/10
.95 PHYSICAL Value Carrier] [z: COMPARABLE Value Carrier] [particle:
 []


Overfull \hbox (34.59521pt too wide) in paragraph at lines 4064--4065
[]$\OMS/cmsy/m/n/10.95 !$ \OT1/cmr/m/n/10.95 type sig-na-ture: \OT1/cmtt/m/n/10
.95 PRESENT Value Carrier] [what\_meesa\_saying: MEASURABLE
 []


Overfull \hbox (0.10309pt too wide) in paragraph at lines 4065--4066
[]$\OMS/cmsy/m/n/10.95 !$ \OT1/cmr/m/n/10.95 type sig-na-ture: \OT1/cmtt/m/n/10
.95 SOURCE Value Carrier] [result: EXECUTED Value Carrier]
 []


Overfull \hbox (23.09784pt too wide) in paragraph at lines 4066--4067
[]$\OMS/cmsy/m/n/10.95 !$ \OT1/cmr/m/n/10.95 type sig-na-ture: \OT1/cmtt/m/n/10
.95 MAGNITUDE Value Carrier] [scaled: SCALED Value Carrier]
 []


Overfull \hbox (17.34915pt too wide) in paragraph at lines 4067--4068
[]$\OMS/cmsy/m/n/10.95 !$ \OT1/cmr/m/n/10.95 type sig-na-ture: \OT1/cmtt/m/n/10
.95 FINITE\_ELEPHANT Value Carrier] [model: BULLSHIT Value
 []


Overfull \hbox (11.60046pt too wide) in paragraph at lines 4068--4069
[]$\OMS/cmsy/m/n/10.95 !$ \OT1/cmr/m/n/10.95 type sig-na-ture: \OT1/cmtt/m/n/10
.95 ACOLYTE Value Carrier] [ideology: SCIENTIFIC Value
 []


Overfull \hbox (34.59521pt too wide) in paragraph at lines 4069--4070
[]$\OMS/cmsy/m/n/10.95 !$ \OT1/cmr/m/n/10.95 type sig-na-ture: \OT1/cmtt/m/n/10
.95 WITNESSED Value Carrier] [REAL Value Carrier] (imaginary:
 []


Overfull \hbox (23.09784pt too wide) in paragraph at lines 4070--4071
[]$\OMS/cmsy/m/n/10.95 !$ \OT1/cmr/m/n/10.95 type sig-na-ture: \OT1/cmtt/m/n/10
.95 LOGICAL Value Carrier] [executable: HALTED Value Carrier]
 []

[103]
Overfull \hbox (38.3062pt too wide) in paragraph at lines 4085--4086
[]$\OMS/cmsy/m/n/10.95 !$ \OT1/cmr/m/n/10.95 method sig-na-ture: \OT1/cmtt/m/n/
10.95 DISTINGUISHABLE Value Carrier] [a: ADMISSIBLE Value Carrier]
 []


Overfull \hbox (49.80357pt too wide) in paragraph at lines 4089--4090
[]$\OMS/cmsy/m/n/10.95 !$ \OT1/cmr/m/n/10.95 method sig-na-ture: \OT1/cmtt/m/n/
10.95 PRESENT Value Carrier] [what\_meesa\_saying: MEASURABLE
 []


Overfull \hbox (15.31145pt too wide) in paragraph at lines 4090--4091
[]$\OMS/cmsy/m/n/10.95 !$ \OT1/cmr/m/n/10.95 method sig-na-ture: \OT1/cmtt/m/n/
10.95 SOURCE Value Carrier] [result: EXECUTED Value Carrier]
 []


Overfull \hbox (38.3062pt too wide) in paragraph at lines 4091--4092
[]$\OMS/cmsy/m/n/10.95 !$ \OT1/cmr/m/n/10.95 method sig-na-ture: \OT1/cmtt/m/n/
10.95 MAGNITUDE Value Carrier] [scaled: SCALED Value Carrier]
 []


Overfull \hbox (49.80357pt too wide) in paragraph at lines 4094--4095
[]$\OMS/cmsy/m/n/10.95 !$ \OT1/cmr/m/n/10.95 method sig-na-ture: \OT1/cmtt/m/n/
10.95 WITNESSED Value Carrier] [REAL Value Carrier] (imaginary:
 []


Overfull \hbox (38.3062pt too wide) in paragraph at lines 4095--4096
[]$\OMS/cmsy/m/n/10.95 !$ \OT1/cmr/m/n/10.95 method sig-na-ture: \OT1/cmtt/m/n/
10.95 LOGICAL Value Carrier] [executable: HALTED Value Carrier]
 []

[104]
Overfull \hbox (4.63553pt too wide) in paragraph at lines 4125--4126
[]$\OMS/cmsy/m/n/10.95 !$ \OT1/cmr/m/n/10.95 con-struc-tor sig-na-ture: \OT1/cm
tt/m/n/10.95 Fact \ensuremath {\to } Bullshit \ensuremath {\to
 []


Overfull \hbox (4.63553pt too wide) in paragraph at lines 4126--4127
[]$\OMS/cmsy/m/n/10.95 !$ \OT1/cmr/m/n/10.95 con-struc-tor sig-na-ture: \OT1/cm
tt/m/n/10.95 Fact \ensuremath {\to } Bullshit \ensuremath
 []


Overfull \hbox (20.23792pt too wide) in paragraph at lines 4126--4127
\OT1/cmtt/m/n/10.95 {\to } Bullshit \ensuremath {\to } Option Prop \ensuremath 
{\to } Closure 
 []


Overfull \hbox (4.63553pt too wide) in paragraph at lines 4127--4128
[]$\OMS/cmsy/m/n/10.95 !$ \OT1/cmr/m/n/10.95 con-struc-tor sig-na-ture: \OT1/cm
tt/m/n/10.95 Fact \ensuremath {\to } Fact \ensuremath {\to
 []


Overfull \hbox (66.22742pt too wide) in paragraph at lines 4127--4128
\OT1/cmtt/m/n/10.95 } Bullshit \ensuremath {\to } Bullshit \ensuremath {\to } O
ption Prop \ensuremath
 []


Overfull \hbox (23.09784pt too wide) in paragraph at lines 4137--4138
[]$\OMS/cmsy/m/n/10.95 !$ \OT1/cmr/m/n/10.95 type sig-na-ture: \OT1/cmtt/m/n/10
.95 DISTINGUISHABLE Value Carrier] [a: ADMISSIBLE Value Carrier]
 []


Overfull \hbox (28.84653pt too wide) in paragraph at lines 4138--4139
[]$\OMS/cmsy/m/n/10.95 !$ \OT1/cmr/m/n/10.95 type sig-na-ture: \OT1/cmtt/m/n/10
.95 ENCODED Value Carrier] [r: RESIDUE Value Carrier] [b: BINARY
 []


Overfull \hbox (0.10309pt too wide) in paragraph at lines 4139--4140
[]$\OMS/cmsy/m/n/10.95 !$ \OT1/cmr/m/n/10.95 type sig-na-ture: \OT1/cmtt/m/n/10
.95 REPEATABLE Value Carrier] [n: NUMERIC Value Carrier] [h:
 []


Overfull \hbox (46.09259pt too wide) in paragraph at lines 4140--4141
[]$\OMS/cmsy/m/n/10.95 !$ \OT1/cmr/m/n/10.95 type sig-na-ture: \OT1/cmtt/m/n/10
.95 PHYSICAL Value Carrier] [z: COMPARABLE Value Carrier] [particle:
 []

[105]
Overfull \hbox (34.59521pt too wide) in paragraph at lines 4141--4142
[]$\OMS/cmsy/m/n/10.95 !$ \OT1/cmr/m/n/10.95 type sig-na-ture: \OT1/cmtt/m/n/10
.95 PRESENT Value Carrier] [what\_meesa\_saying: MEASURABLE
 []


Overfull \hbox (0.10309pt too wide) in paragraph at lines 4142--4143
[]$\OMS/cmsy/m/n/10.95 !$ \OT1/cmr/m/n/10.95 type sig-na-ture: \OT1/cmtt/m/n/10
.95 SOURCE Value Carrier] [result: EXECUTED Value Carrier]
 []


Overfull \hbox (23.09784pt too wide) in paragraph at lines 4143--4144
[]$\OMS/cmsy/m/n/10.95 !$ \OT1/cmr/m/n/10.95 type sig-na-ture: \OT1/cmtt/m/n/10
.95 MAGNITUDE Value Carrier] [scaled: SCALED Value Carrier]
 []


Overfull \hbox (17.34915pt too wide) in paragraph at lines 4144--4145
[]$\OMS/cmsy/m/n/10.95 !$ \OT1/cmr/m/n/10.95 type sig-na-ture: \OT1/cmtt/m/n/10
.95 FINITE\_ELEPHANT Value Carrier] [model: BULLSHIT Value
 []


Overfull \hbox (11.60046pt too wide) in paragraph at lines 4145--4146
[]$\OMS/cmsy/m/n/10.95 !$ \OT1/cmr/m/n/10.95 type sig-na-ture: \OT1/cmtt/m/n/10
.95 ACOLYTE Value Carrier] [ideology: SCIENTIFIC Value
 []


Overfull \hbox (34.59521pt too wide) in paragraph at lines 4146--4147
[]$\OMS/cmsy/m/n/10.95 !$ \OT1/cmr/m/n/10.95 type sig-na-ture: \OT1/cmtt/m/n/10
.95 WITNESSED Value Carrier] [imaginary: REAL Value Carrier]
 []


Overfull \hbox (23.09784pt too wide) in paragraph at lines 4147--4148
[]$\OMS/cmsy/m/n/10.95 !$ \OT1/cmr/m/n/10.95 type sig-na-ture: \OT1/cmtt/m/n/10
.95 LOGICAL Value Carrier] [executable: HALTED Value Carrier]
 []


Overfull \hbox (38.3062pt too wide) in paragraph at lines 4161--4162
[]$\OMS/cmsy/m/n/10.95 !$ \OT1/cmr/m/n/10.95 method sig-na-ture: \OT1/cmtt/m/n/
10.95 DISTINGUISHABLE Value Carrier] [a: ADMISSIBLE Value Carrier]
 []


Overfull \hbox (49.80357pt too wide) in paragraph at lines 4165--4166
[]$\OMS/cmsy/m/n/10.95 !$ \OT1/cmr/m/n/10.95 method sig-na-ture: \OT1/cmtt/m/n/
10.95 PRESENT Value Carrier] [what\_meesa\_saying: MEASURABLE
 []

[106]
Overfull \hbox (15.31145pt too wide) in paragraph at lines 4166--4167
[]$\OMS/cmsy/m/n/10.95 !$ \OT1/cmr/m/n/10.95 method sig-na-ture: \OT1/cmtt/m/n/
10.95 SOURCE Value Carrier] [result: EXECUTED Value Carrier]
 []


Overfull \hbox (38.3062pt too wide) in paragraph at lines 4167--4168
[]$\OMS/cmsy/m/n/10.95 !$ \OT1/cmr/m/n/10.95 method sig-na-ture: \OT1/cmtt/m/n/
10.95 MAGNITUDE Value Carrier] [scaled: SCALED Value Carrier]
 []


Overfull \hbox (38.3062pt too wide) in paragraph at lines 4171--4172
[]$\OMS/cmsy/m/n/10.95 !$ \OT1/cmr/m/n/10.95 method sig-na-ture: \OT1/cmtt/m/n/
10.95 LOGICAL Value Carrier] [executable: HALTED Value Carrier]
 []


Overfull \hbox (49.71277pt too wide) in paragraph at lines 4182--4183
\OT1/cmr/m/n/10.95 type-class re-la-tion de-scribed by \OT1/cmtt/m/n/10.95 inst
ance (priority := low) INFERRED\_TrueOutput\_backward\OT1/cmr/m/n/10.95 . 
 []


Overfull \hbox (49.71277pt too wide) in paragraph at lines 4188--4189
\OT1/cmr/m/n/10.95 type-class re-la-tion de-scribed by \OT1/cmtt/m/n/10.95 inst
ance (priority := low) TrueOutput\_COMPILED\_backward\OT1/cmr/m/n/10.95 . 
 []


Overfull \hbox (26.71802pt too wide) in paragraph at lines 4194--4195
\OT1/cmr/m/n/10.95 type-class re-la-tion de-scribed by \OT1/cmtt/m/n/10.95 inst
ance (priority := low) COMPILED\_HALTED\_backward\OT1/cmr/m/n/10.95 . 
 []

[107]
Overfull \hbox (38.2154pt too wide) in paragraph at lines 4200--4201
\OT1/cmr/m/n/10.95 type-class re-la-tion de-scribed by \OT1/cmtt/m/n/10.95 inst
ance (priority := low) COMPILED\_MEASURED\_backward\OT1/cmr/m/n/10.95 . 
 []


Overfull \hbox (26.71802pt too wide) in paragraph at lines 4206--4207
\OT1/cmr/m/n/10.95 type-class re-la-tion de-scribed by \OT1/cmtt/m/n/10.95 inst
ance (priority := low) MEASURED\_HALTED\_backward\OT1/cmr/m/n/10.95 . 
 []


Overfull \hbox (20.96933pt too wide) in paragraph at lines 4212--4213
\OT1/cmr/m/n/10.95 type-class re-la-tion de-scribed by \OT1/cmtt/m/n/10.95 inst
ance (priority := low) HALTED\_LOGICAL\_backward\OT1/cmr/m/n/10.95 . 
 []


Overfull \hbox (38.2154pt too wide) in paragraph at lines 4218--4219
\OT1/cmr/m/n/10.95 type-class re-la-tion de-scribed by \OT1/cmtt/m/n/10.95 inst
ance (priority := low) LOGICAL\_UNIVERSAL\_backward\OT1/cmr/m/n/10.95 . 
 []


Overfull \hbox (26.71802pt too wide) in paragraph at lines 4224--4225
\OT1/cmr/m/n/10.95 type-class re-la-tion de-scribed by \OT1/cmtt/m/n/10.95 inst
ance (priority := low) UNIVERSAL\_LOCAL\_backward\OT1/cmr/m/n/10.95 . 
 []

[108]
Overfull \hbox (20.96933pt too wide) in paragraph at lines 4242--4243
\OT1/cmr/m/n/10.95 type-class re-la-tion de-scribed by \OT1/cmtt/m/n/10.95 inst
ance (priority := low) REAL\_WITNESSED\_backward\OT1/cmr/m/n/10.95 . 
 []


Overfull \hbox (26.71802pt too wide) in paragraph at lines 4248--4249
\OT1/cmr/m/n/10.95 type-class re-la-tion de-scribed by \OT1/cmtt/m/n/10.95 inst
ance (priority := low) WITNESSED\_TRUTH\_backward\OT1/cmr/m/n/10.95 . 
 []


Overfull \hbox (32.4667pt too wide) in paragraph at lines 4254--4255
\OT1/cmr/m/n/10.95 type-class re-la-tion de-scribed by \OT1/cmtt/m/n/10.95 inst
ance (priority := low) TRUTH\_SCIENTIFIC\_backward\OT1/cmr/m/n/10.95 . 
 []


Overfull \hbox (43.96408pt too wide) in paragraph at lines 4260--4261
\OT1/cmr/m/n/10.95 type-class re-la-tion de-scribed by \OT1/cmtt/m/n/10.95 inst
ance (priority := low) SCIENTIFIC\_ACOLYTE\_backward\OT1/cmr/m/n/10.95 . 
 []


Overfull \hbox (43.96408pt too wide) in paragraph at lines 4266--4267
\OT1/cmr/m/n/10.95 type-class re-la-tion de-scribed by \OT1/cmtt/m/n/10.95 inst
ance (priority := low) ACOLYTE\_PROPAGANDA\_backward\OT1/cmr/m/n/10.95 . 
 []


Overfull \hbox (49.71277pt too wide) in paragraph at lines 4272--4273
\OT1/cmr/m/n/10.95 type-class re-la-tion de-scribed by \OT1/cmtt/m/n/10.95 inst
ance (priority := low) PROPAGANDA\_BULLSHIT\_backward\OT1/cmr/m/n/10.95 . 
 []


Overfull \hbox (84.2049pt too wide) in paragraph at lines 4278--4279
\OT1/cmr/m/n/10.95 type-class re-la-tion de-scribed by \OT1/cmtt/m/n/10.95 inst
ance (priority := low) BULLSHIT\_FINITE\_ELEPHANT\_backward\OT1/cmr/m/n/10.95 .
 
 []

[109]
Overfull \hbox (61.21014pt too wide) in paragraph at lines 4284--4285
\OT1/cmr/m/n/10.95 type-class re-la-tion de-scribed by \OT1/cmtt/m/n/10.95 inst
ance (priority := low) FINITE\_ELEPHANT\_LOAD\_backward\OT1/cmr/m/n/10.95 . 
 []


Overfull \hbox (3.72327pt too wide) in paragraph at lines 4290--4291
\OT1/cmr/m/n/10.95 type-class re-la-tion de-scribed by \OT1/cmtt/m/n/10.95 inst
ance (priority := low) LOAD\_SCALED\_backward\OT1/cmr/m/n/10.95 . 
 []


Overfull \hbox (32.4667pt too wide) in paragraph at lines 4296--4297
\OT1/cmr/m/n/10.95 type-class re-la-tion de-scribed by \OT1/cmtt/m/n/10.95 inst
ance (priority := low) SCALED\_MAGNITUDE\_backward\OT1/cmr/m/n/10.95 . 
 []


Overfull \hbox (26.71802pt too wide) in paragraph at lines 4302--4303
\OT1/cmr/m/n/10.95 type-class re-la-tion de-scribed by \OT1/cmtt/m/n/10.95 inst
ance (priority := low) MAGNITUDE\_VALUE\_backward\OT1/cmr/m/n/10.95 . 
 []


Overfull \hbox (20.96933pt too wide) in paragraph at lines 4308--4309
\OT1/cmr/m/n/10.95 type-class re-la-tion de-scribed by \OT1/cmtt/m/n/10.95 inst
ance (priority := low) VALUE\_EXECUTED\_backward\OT1/cmr/m/n/10.95 . 
 []


Overfull \hbox (26.71802pt too wide) in paragraph at lines 4314--4315
\OT1/cmr/m/n/10.95 type-class re-la-tion de-scribed by \OT1/cmtt/m/n/10.95 inst
ance (priority := low) EXECUTED\_SOURCE\_backward\OT1/cmr/m/n/10.95 . 
 []


Overfull \hbox (15.22064pt too wide) in paragraph at lines 4320--4321
\OT1/cmr/m/n/10.95 type-class re-la-tion de-scribed by \OT1/cmtt/m/n/10.95 inst
ance (priority := low) SOURCE\_GUNGAN\_backward\OT1/cmr/m/n/10.95 . 
 []

[110]
Overfull \hbox (38.2154pt too wide) in paragraph at lines 4326--4327
\OT1/cmr/m/n/10.95 type-class re-la-tion de-scribed by \OT1/cmtt/m/n/10.95 inst
ance (priority := low) GUNGAN\_MEASURABLE\_backward\OT1/cmr/m/n/10.95 . 
 []


Overfull \hbox (43.96408pt too wide) in paragraph at lines 4332--4333
\OT1/cmr/m/n/10.95 type-class re-la-tion de-scribed by \OT1/cmtt/m/n/10.95 inst
ance (priority := low) MEASURABLE\_PRESENT\_backward\OT1/cmr/m/n/10.95 . 
 []


Overfull \hbox (32.4667pt too wide) in paragraph at lines 4338--4339
\OT1/cmr/m/n/10.95 type-class re-la-tion de-scribed by \OT1/cmtt/m/n/10.95 inst
ance (priority := low) PRESENT\_OBSERVED\_backward\OT1/cmr/m/n/10.95 . 
 []


Overfull \hbox (49.71277pt too wide) in paragraph at lines 4344--4345
\OT1/cmr/m/n/10.95 type-class re-la-tion de-scribed by \OT1/cmtt/m/n/10.95 inst
ance (priority := low) OBSERVED\_COMPARABLE\_backward\OT1/cmr/m/n/10.95 . 
 []


Overfull \hbox (49.71277pt too wide) in paragraph at lines 4350--4351
\OT1/cmr/m/n/10.95 type-class re-la-tion de-scribed by \OT1/cmtt/m/n/10.95 inst
ance (priority := low) COMPARABLE\_PHYSICAL\_backward\OT1/cmr/m/n/10.95 . 
 []


Overfull \hbox (61.21014pt too wide) in paragraph at lines 4356--4357
\OT1/cmr/m/n/10.95 type-class re-la-tion de-scribed by \OT1/cmtt/m/n/10.95 inst
ance (priority := low) PHYSICAL\_REPRESNTABLE\_backward\OT1/cmr/m/n/10.95 . 
 []


Overfull \hbox (55.46146pt too wide) in paragraph at lines 4362--4363
\OT1/cmr/m/n/10.95 type-class re-la-tion de-scribed by \OT1/cmtt/m/n/10.95 inst
ance (priority := low) REPRESNTABLE\_NUMERIC\_backward\OT1/cmr/m/n/10.95 . 
 []

[111]
Overfull \hbox (43.96408pt too wide) in paragraph at lines 4368--4369
\OT1/cmr/m/n/10.95 type-class re-la-tion de-scribed by \OT1/cmtt/m/n/10.95 inst
ance (priority := low) NUMERIC\_REPEATABLE\_backward\OT1/cmr/m/n/10.95 . 
 []


Overfull \hbox (38.2154pt too wide) in paragraph at lines 4374--4375
\OT1/cmr/m/n/10.95 type-class re-la-tion de-scribed by \OT1/cmtt/m/n/10.95 inst
ance (priority := low) REPEATABLE\_BINARY\_backward\OT1/cmr/m/n/10.95 . 
 []


Overfull \hbox (20.96933pt too wide) in paragraph at lines 4380--4381
\OT1/cmr/m/n/10.95 type-class re-la-tion de-scribed by \OT1/cmtt/m/n/10.95 inst
ance (priority := low) BINARY\_RESIDUE\_backward\OT1/cmr/m/n/10.95 . 
 []


Overfull \hbox (26.71802pt too wide) in paragraph at lines 4386--4387
\OT1/cmr/m/n/10.95 type-class re-la-tion de-scribed by \OT1/cmtt/m/n/10.95 inst
ance (priority := low) RESIDUE\_ENCODED\_backward\OT1/cmr/m/n/10.95 . 
 []


Overfull \hbox (38.2154pt too wide) in paragraph at lines 4392--4393
\OT1/cmr/m/n/10.95 type-class re-la-tion de-scribed by \OT1/cmtt/m/n/10.95 inst
ance (priority := low) ENCODED\_COUNTABLE\_backward\OT1/cmr/m/n/10.95 . 
 []


Overfull \hbox (55.46146pt too wide) in paragraph at lines 4398--4399
\OT1/cmr/m/n/10.95 type-class re-la-tion de-scribed by \OT1/cmtt/m/n/10.95 inst
ance (priority := low) COUNTABLE\_ADMISSIBLE\_backward\OT1/cmr/m/n/10.95 . 
 []


Overfull \hbox (15.22064pt too wide) in paragraph at lines 4405--4406
\OT1/cmr/m/n/10.95 type-class re-la-tion de-scribed by \OT1/cmtt/m/n/10.95 inst
ance (priority := low) DISTINGUISHABLE\_residue\OT1/cmr/m/n/10.95 . 
 []

[112] [113]
Overfull \hbox (3.72327pt too wide) in paragraph at lines 4453--4454
\OT1/cmr/m/n/10.95 type-class re-la-tion de-scribed by \OT1/cmtt/m/n/10.95 inst
ance (priority := low) REPRESENTABLE\_residue\OT1/cmr/m/n/10.95 . 
 []

[114]
Overfull \hbox (20.96933pt too wide) in paragraph at lines 4531--4532
\OT1/cmr/m/n/10.95 type-class re-la-tion de-scribed by \OT1/cmtt/m/n/10.95 inst
ance (priority := low) FINITE\_ELEPHANT\_residue\OT1/cmr/m/n/10.95 . 
 []

[115] [116] [117] [118] [119]
Overfull \hbox (15.22064pt too wide) in paragraph at lines 4714--4715
\OT1/cmr/m/n/10.95 type-class re-la-tion de-scribed by \OT1/cmtt/m/n/10.95 inst
ance (priority := low) TRACED\_FINITE\_ELEPHANT\OT1/cmr/m/n/10.95 . 
 []

[120] [121] [122]
Overfull \hbox (9.47195pt too wide) in paragraph at lines 4840--4841
\OT1/cmr/m/n/10.95 type-class re-la-tion de-scribed by \OT1/cmtt/m/n/10.95 inst
ance (priority := low) TRACED\_DISTINGUISHABLE\OT1/cmr/m/n/10.95 . 
 []

[123] [124] [125] [126] [127] [128] [129]
Overfull \hbox (50.62503pt too wide) in paragraph at lines 5118--5119
[]$\OMS/cmsy/m/n/10.95 !$ \OT1/cmr/m/n/10.95 con-struc-tor sig-na-ture: \OT1/cm
tt/m/n/10.95 Fact -> Fact -> Type i -> Type (i+1) -> CompilerTapeCell 
 []

[130] [131] [132] [133] [134] [135] [136] [137]
Overfull \hbox (25.38135pt too wide) in paragraph at lines 5406--5407
\OT1/cmr/m/n/10.95 This dec-la-ra-tion rep-re-sents a log-i-cal record struc-tu
re named \OT1/cmtt/m/n/10.95 ChargeMassNormalizationReport\OT1/cmr/m/n/10.95 .
 []

[138]
Overfull \hbox (30.03539pt too wide) in paragraph at lines 5449--5450
\OT1/cmr/m/n/10.95 This dec-la-ra-tion rep-re-sents a log-i-cal con-struc-tive 
sum type named \OT1/cmtt/m/n/10.95 CooperElectronOrbitRegime\OT1/cmr/m/n/10.95 
.
 []

[139]
Overfull \hbox (2.3866pt too wide) in paragraph at lines 5483--5484
\OT1/cmr/m/n/10.95 This dec-la-ra-tion rep-re-sents a log-i-cal record struc-tu
re named \OT1/cmtt/m/n/10.95 CooperElectronOrbitReport\OT1/cmr/m/n/10.95 .
 []

[140] [141]
Overfull \hbox (2.3866pt too wide) in paragraph at lines 5534--5535
\OT1/cmr/m/n/10.95 This dec-la-ra-tion rep-re-sents a log-i-cal record struc-tu
re named \OT1/cmtt/m/n/10.95 LorentzOrbitBracketReport\OT1/cmr/m/n/10.95 .
 []

[142] [143] [144]
Overfull \hbox (47.28145pt too wide) in paragraph at lines 5658--5659
\OT1/cmr/m/n/10.95 This dec-la-ra-tion rep-re-sents a log-i-cal con-struc-tive 
sum type named \OT1/cmtt/m/n/10.95 ElaborationChargeOrientation\OT1/cmr/m/n/10.
95 .
 []

[145]
Overfull \hbox (36.87872pt too wide) in paragraph at lines 5668--5669
\OT1/cmr/m/n/10.95 This dec-la-ra-tion rep-re-sents a log-i-cal record struc-tu
re named \OT1/cmtt/m/n/10.95 ElectronElaborationChargeReport\OT1/cmr/m/n/10.95 
.
 []

[146]
Overfull \hbox (47.28145pt too wide) in paragraph at lines 5712--5713
\OT1/cmr/m/n/10.95 This dec-la-ra-tion rep-re-sents a log-i-cal con-struc-tive 
sum type named \OT1/cmtt/m/n/10.95 ChargeSecondVariationChannel\OT1/cmr/m/n/10.
95 .
 []


Overfull \hbox (31.13004pt too wide) in paragraph at lines 5723--5724
\OT1/cmr/m/n/10.95 This dec-la-ra-tion rep-re-sents a log-i-cal record struc-tu
re named \OT1/cmtt/m/n/10.95 ChargeSecondVariationComponent\OT1/cmr/m/n/10.95 .

 []

[147]
Overfull \hbox (13.88397pt too wide) in paragraph at lines 5735--5736
\OT1/cmr/m/n/10.95 This dec-la-ra-tion rep-re-sents a log-i-cal record struc-tu
re named \OT1/cmtt/m/n/10.95 ChargeSecondVariationReport\OT1/cmr/m/n/10.95 .
 []


Overfull \hbox (8.13528pt too wide) in paragraph at lines 5752--5753
\OT1/cmr/m/n/10.95 This dec-la-ra-tion rep-re-sents a log-i-cal record struc-tu
re named \OT1/cmtt/m/n/10.95 AlphaSecondVariationReport\OT1/cmr/m/n/10.95 .
 []

[148] [149] [150] (./book.aux)
 ***********
LaTeX2e <2023-11-01> patch level 1
L3 programming layer <2024-02-20>
 ***********
Package rerunfilecheck Info: File `book.out' has not changed.
(rerunfilecheck)             Checksum: 77816E1E5C03CEC67B1A5D0F27378D78;105324.

 ) 
Here is how much of TeX's memory you used:
 13760 strings out of 474116
 210102 string characters out of 5743682
 1948187 words of memory out of 5000000
 35363 multiletter control sequences out of 15000+600000
 568503 words of font info for 74 fonts, out of 8000000 for 9000
 1141 hyphenation exceptions out of 8191
 75i,6n,79p,541b,521s stack positions out of 10000i,1000n,20000p,200000b,200000s
</usr/local/texlive/2024/texmf-dist/fonts/type1/public/amsfonts/cm/cmbx10.pfb
></usr/local/texlive/2024/texmf-dist/fonts/type1/public/amsfonts/cm/cmbx12.pfb>
</usr/local/texlive/2024/texmf-dist/fonts/type1/public/amsfonts/cm/cmex10.pfb><
/usr/local/texlive/2024/texmf-dist/fonts/type1/public/amsfonts/cm/cmmi10.pfb></
usr/local/texlive/2024/texmf-dist/fonts/type1/public/amsfonts/cm/cmmi8.pfb></us
r/local/texlive/2024/texmf-dist/fonts/type1/public/amsfonts/cm/cmr10.pfb></usr/
local/texlive/2024/texmf-dist/fonts/type1/public/amsfonts/cm/cmr12.pfb></usr/lo
cal/texlive/2024/texmf-dist/fonts/type1/public/amsfonts/cm/cmr8.pfb></usr/local
/texlive/2024/texmf-dist/fonts/type1/public/amsfonts/cm/cmsl10.pfb></usr/local/
texlive/2024/texmf-dist/fonts/type1/public/amsfonts/cm/cmsy10.pfb></usr/local/t
exlive/2024/texmf-dist/fonts/type1/public/amsfonts/cm/cmsy8.pfb></usr/local/tex
live/2024/texmf-dist/fonts/type1/public/amsfonts/cm/cmtt10.pfb></usr/local/texl
ive/2024/texmf-dist/fonts/type1/public/cm-super/sfbx1200.pfb></usr/local/texliv
e/2024/texmf-dist/fonts/type1/public/cm-super/sfrm1095.pfb>
Output written on book.pdf (151 pages, 446145 bytes).
PDF statistics:
 3087 PDF objects out of 3580 (max. 8388607)
 2877 compressed objects within 29 object streams
 599 named destinations out of 1000 (max. 500000)
 3545 words of extra memory for PDF output out of 10000 (max. 10000000)

